Archive member included to satisfy reference by file (symbol)

D:\MESH\CH592EVT\EVT\EXAM\SRC\StdPeriphDriver\libISP592.a(ISP583.o)
                              ./StdPeriphDriver/CH59x_flash.o (FLASH_EEPROM_CMD)
D:\MESH\CH592EVT\EVT\EXAM\BLE\MESH\MESH_LIB\libMESH.a(mesh_access.o)
                              ./APP/app_vendor_model_cli.o (bt_mesh_model_msg_init)
D:\MESH\CH592EVT\EVT\EXAM\BLE\MESH\MESH_LIB\libMESH.a(mesh_adapt.o)
                              D:\MESH\CH592EVT\EVT\EXAM\BLE\MESH\MESH_LIB\libMESH.a(mesh_access.o) (k_uptime_get_32)
D:\MESH\CH592EVT\EVT\EXAM\BLE\MESH\MESH_LIB\libMESH.a(mesh_adv.o)
                              D:\MESH\CH592EVT\EVT\EXAM\BLE\MESH\MESH_LIB\libMESH.a(mesh_adapt.o) (adv_conn_set_state)
D:\MESH\CH592EVT\EVT\EXAM\BLE\MESH\MESH_LIB\libMESH.a(mesh_api.o)
                              D:\MESH\CH592EVT\EVT\EXAM\BLE\MESH\MESH_LIB\libMESH.a(mesh_adv.o) (adv_buf_count_get)
D:\MESH\CH592EVT\EVT\EXAM\BLE\MESH\MESH_LIB\libMESH.a(mesh_beacon.o)
                              D:\MESH\CH592EVT\EVT\EXAM\BLE\MESH\MESH_LIB\libMESH.a(mesh_adv.o) (bt_mesh_beacon_recv)
D:\MESH\CH592EVT\EVT\EXAM\BLE\MESH\MESH_LIB\libMESH.a(mesh_buf.o)
                              D:\MESH\CH592EVT\EVT\EXAM\BLE\MESH\MESH_LIB\libMESH.a(mesh_beacon.o) (net_buf_simple_pull_mem)
D:\MESH\CH592EVT\EVT\EXAM\BLE\MESH\MESH_LIB\libMESH.a(mesh_cfg_cli.o)
                              ./APP/app.o (bt_mesh_cfg_app_key_add)
D:\MESH\CH592EVT\EVT\EXAM\BLE\MESH\MESH_LIB\libMESH.a(mesh_cfg_srv.o)
                              D:\MESH\CH592EVT\EVT\EXAM\BLE\MESH\MESH_LIB\libMESH.a(mesh_api.o) (_set_mesh_configserver_buf)
D:\MESH\CH592EVT\EVT\EXAM\BLE\MESH\MESH_LIB\libMESH.a(mesh_crypto.o)
                              D:\MESH\CH592EVT\EVT\EXAM\BLE\MESH\MESH_LIB\libMESH.a(mesh_beacon.o) (bt_mesh_aes_cmac)
D:\MESH\CH592EVT\EVT\EXAM\BLE\MESH\MESH_LIB\libMESH.a(mesh_friend.o)
                              D:\MESH\CH592EVT\EVT\EXAM\BLE\MESH\MESH_LIB\libMESH.a(mesh_api.o) (_set_mesh_friend_buf)
D:\MESH\CH592EVT\EVT\EXAM\BLE\MESH\MESH_LIB\libMESH.a(mesh_hal_rf.o)
                              D:\MESH\CH592EVT\EVT\EXAM\BLE\MESH\MESH_LIB\libMESH.a(mesh_adapt.o) (hal_rf_set_rx_cb)
D:\MESH\CH592EVT\EVT\EXAM\BLE\MESH\MESH_LIB\libMESH.a(mesh_health_cli.o)
                              D:\MESH\CH592EVT\EVT\EXAM\BLE\MESH\MESH_LIB\libMESH.a(mesh_access.o) (bt_mesh_health_cli_cb)
D:\MESH\CH592EVT\EVT\EXAM\BLE\MESH\MESH_LIB\libMESH.a(mesh_health_srv.o)
                              ./APP/app.o (bt_mesh_health_mod_srv_cb)
D:\MESH\CH592EVT\EVT\EXAM\BLE\MESH\MESH_LIB\libMESH.a(mesh_lpn.o)
                              D:\MESH\CH592EVT\EVT\EXAM\BLE\MESH\MESH_LIB\libMESH.a(mesh_api.o) (bt_mesh_lpn_disable)
D:\MESH\CH592EVT\EVT\EXAM\BLE\MESH\MESH_LIB\libMESH.a(mesh_mem.o)
                              D:\MESH\CH592EVT\EVT\EXAM\BLE\MESH\MESH_LIB\libMESH.a(mesh_cfg_srv.o) (get_msb_set)
D:\MESH\CH592EVT\EVT\EXAM\BLE\MESH\MESH_LIB\libMESH.a(mesh_net.o)
                              D:\MESH\CH592EVT\EVT\EXAM\BLE\MESH\MESH_LIB\libMESH.a(mesh_api.o) (_set_mesh_net_buf)
D:\MESH\CH592EVT\EVT\EXAM\BLE\MESH\MESH_LIB\libMESH.a(mesh_nvs.o)
                              D:\MESH\CH592EVT\EVT\EXAM\BLE\MESH\MESH_LIB\libMESH.a(mesh_api.o) (_set_mesh_settings_buf)
D:\MESH\CH592EVT\EVT\EXAM\BLE\MESH\MESH_LIB\libMESH.a(mesh_prov.o)
                              D:\MESH\CH592EVT\EVT\EXAM\BLE\MESH\MESH_LIB\libMESH.a(mesh_nvs.o) (bt_mesh_node_alloc)
D:\MESH\CH592EVT\EVT\EXAM\BLE\MESH\MESH_LIB\libMESH.a(mesh_proxy.o)
                              D:\MESH\CH592EVT\EVT\EXAM\BLE\MESH\MESH_LIB\libMESH.a(mesh_api.o) (_set_mesh_proxy_buf)
D:\MESH\CH592EVT\EVT\EXAM\BLE\MESH\MESH_LIB\libMESH.a(mesh_transport.o)
                              D:\MESH\CH592EVT\EVT\EXAM\BLE\MESH\MESH_LIB\libMESH.a(mesh_api.o) (_set_mesh_transport_buf)
D:\MESH\CH592EVT\EVT\EXAM\BLE\MESH\MESH_LIB\libMESH.a(mesh_work_process.o)
                              D:\MESH\CH592EVT\EVT\EXAM\BLE\MESH\MESH_LIB\libMESH.a(mesh_net.o) (k_work_init)
D:\MESH\CH592EVT\EVT\EXAM\BLE\MESH\MESH_LIB\libMESH.a(mesh_work_timer.o)
                              D:\MESH\CH592EVT\EVT\EXAM\BLE\MESH\MESH_LIB\libMESH.a(mesh_work_process.o) (z_timeout_remaining)
D:\MESH\CH592EVT\EVT\EXAM\BLE\MESH\MESH_LIB\libMESH.a(uECC.o)
                              D:\MESH\CH592EVT\EVT\EXAM\BLE\MESH\MESH_LIB\libMESH.a(mesh_crypto.o) (uECC_set_rng)
D:\MESH\CH592EVT\EVT\EXAM\BLE\LIB\libCH59xBLE.a(message.o)
                              ./HAL/MCU.o (tmos_msg_deallocate)
D:\MESH\CH592EVT\EVT\EXAM\BLE\LIB\libCH59xBLE.a(tmos.o)
                              D:\MESH\CH592EVT\EVT\EXAM\BLE\MESH\MESH_LIB\libMESH.a(mesh_adv.o) (tmos_rand)
D:\MESH\CH592EVT\EVT\EXAM\BLE\LIB\libCH59xBLE.a(tmos_hw.o)
                              D:\MESH\CH592EVT\EVT\EXAM\BLE\LIB\libCH59xBLE.a(tmos.o) (bleClock_t)
D:\MESH\CH592EVT\EVT\EXAM\BLE\LIB\libCH59xBLE.a(tmos_snv.o)
                              D:\MESH\CH592EVT\EVT\EXAM\BLE\LIB\libCH59xBLE.a(tmos.o) (tmos_snv_init)
[...]
Memory Configuration

Name             Origin             Length             Attributes
FLASH            0x0000000000000000 0x0000000000070000 xr
RAM              0x0000000020000000 0x0000000000006800 xrw
*default*        0x0000000000000000 0xffffffffffffffff

Linker script and memory map

LOAD ./StdPeriphDriver/CH59x_adc.o
LOAD ./StdPeriphDriver/CH59x_clk.o
LOAD ./StdPeriphDriver/CH59x_flash.o
LOAD ./StdPeriphDriver/CH59x_gpio.o
LOAD ./StdPeriphDriver/CH59x_i2c.o
LOAD ./StdPeriphDriver/CH59x_lcd.o
LOAD ./StdPeriphDriver/CH59x_pwm.o
LOAD ./StdPeriphDriver/CH59x_pwr.o
LOAD ./StdPeriphDriver/CH59x_spi0.o
LOAD ./StdPeriphDriver/CH59x_sys.o
LOAD ./StdPeriphDriver/CH59x_timer0.o
LOAD ./StdPeriphDriver/CH59x_timer1.o
LOAD ./StdPeriphDriver/CH59x_timer2.o
LOAD ./StdPeriphDriver/CH59x_timer3.o
LOAD ./StdPeriphDriver/CH59x_uart0.o
LOAD ./StdPeriphDriver/CH59x_uart1.o
LOAD ./StdPeriphDriver/CH59x_uart2.o
LOAD ./StdPeriphDriver/CH59x_uart3.o
LOAD ./StdPeriphDriver/CH59x_usbdev.o
LOAD ./StdPeriphDriver/CH59x_usbhostBase.o
LOAD ./StdPeriphDriver/CH59x_usbhostClass.o
LOAD ./Startup/startup_CH592.o
LOAD ./RVMSIS/core_riscv.o
LOAD ./LIB/ble_task_scheduler.o
LOAD ./HAL/KEY.o
LOAD ./HAL/LED.o
LOAD ./HAL/MCU.o
LOAD ./HAL/RTC.o
LOAD ./HAL/SLEEP.o
LOAD ./APP/app.o
LOAD ./APP/app_drv_fifo.o
LOAD ./APP/app_main.o
LOAD ./APP/app_mesh_config.o
LOAD ./APP/app_vendor_model_cli.o
LOAD D:\MESH\CH592EVT\EVT\EXAM\SRC\StdPeriphDriver\libISP592.a
LOAD D:\MESH\CH592EVT\EVT\EXAM\BLE\MESH\MESH_LIB\libMESH.a
LOAD D:\MESH\CH592EVT\EVT\EXAM\BLE\LIB\libCH59xBLE.a
LOAD d:/mounriver/mounriver_studio/toolchain/risc-v embedded gcc/bin/../lib/gcc/riscv-none-embed/8.2.0/rv32imac/ilp32\libgcc.a
LOAD d:/mounriver/mounriver_studio/toolchain/risc-v embedded gcc/bin/../lib/gcc/riscv-none-embed/8.2.0/../../../../riscv-none-embed/lib/rv32imac/ilp32\libg_nano.a
LOAD d:/mounriver/mounriver_studio/toolchain/risc-v embedded gcc/bin/../lib/gcc/riscv-none-embed/8.2.0/../../../../riscv-none-embed/lib/rv32imac/ilp32\libc_nano.a
LOAD d:/mounriver/mounriver_studio/toolchain/risc-v embedded gcc/bin/../lib/gcc/riscv-none-embed/8.2.0/rv32imac/ilp32\libgcc.a
START GROUP
LOAD d:/mounriver/mounriver_studio/toolchain/risc-v embedded gcc/bin/../lib/gcc/riscv-none-embed/8.2.0/rv32imac/ilp32\libgcc.a
LOAD d:/mounriver/mounriver_studio/toolchain/risc-v embedded gcc/bin/../lib/gcc/riscv-none-embed/8.2.0/../../../../riscv-none-embed/lib/rv32imac/ilp32\libc_nano.a
LOAD d:/mounriver/mounriver_studio/toolchain/risc-v embedded gcc/bin/../lib/gcc/riscv-none-embed/8.2.0/../../../../riscv-none-embed/lib/rv32imac/ilp32\libnosys.a
END GROUP
START GROUP
LOAD d:/mounriver/mounriver_studio/toolchain/risc-v embedded gcc/bin/../lib/gcc/riscv-none-embed/8.2.0/rv32imac/ilp32\libgcc.a
LOAD d:/mounriver/mounriver_studio/toolchain/risc-v embedded gcc/bin/../lib/gcc/riscv-none-embed/8.2.0/../../../../riscv-none-embed/lib/rv32imac/ilp32\libc_nano.a
LOAD d:/mounriver/mounriver_studio/toolchain/risc-v embedded gcc/bin/../lib/gcc/riscv-none-embed/8.2.0/../../../../riscv-none-embed/lib/rv32imac/ilp32\libnosys.a
END GROUP
                0x0000000000000200                __stack_size = 0x200
                [!provide]                        PROVIDE (_stack_size = __stack_size)

.init           0x0000000000000000        0x4
                0x0000000000000000                _sinit = .
                0x0000000000000000                . = ALIGN (0x4)
 *(SORT_NONE(.init))
 .init          0x0000000000000000        0x4 ./Startup/startup_CH592.o
                0x0000000000000000                _start
                0x0000000000000004                . = ALIGN (0x4)
                0x0000000000000004                _einit = .

.highcodelalign
                0x0000000000000004        0x0
                0x0000000000000004                . = ALIGN (0x4)
                0x0000000000000004                PROVIDE (_highcode_lma = .)

.highcode       0x0000000020000000     0x1a18 load address 0x0000000000000004
                0x0000000020000000                . = ALIGN (0x4)
                0x0000000020000000                PROVIDE (_highcode_vma_start = .)
 *(.vector)
 .vector        0x0000000020000000       0x90 ./Startup/startup_CH592.o
 *(SORT_NONE(.vector_handler))
 .vector_handler
                0x0000000020000090        0x2 ./Startup/startup_CH592.o
                0x0000000020000090                GPIOB_IRQHandler
                0x0000000020000090                GPIOA_IRQHandler
                0x0000000020000090                SysTick_Handler
                0x0000000020000090                NMI_Handler
                0x0000000020000090                UART0_IRQHandler
                0x0000000020000090                BB_IRQHandler
                0x0000000020000090                Break_Point_Handler
                0x0000000020000090                TMR0_IRQHandler
                0x0000000020000090                UART2_IRQHandler
                0x0000000020000090                PWMX_IRQHandler
                0x0000000020000090                ADC_IRQHandler
                0x0000000020000090                TMR2_IRQHandler
                0x0000000020000090                USB_IRQHandler
                0x0000000020000090                I2C_IRQHandler
                0x0000000020000090                WDOG_BAT_IRQHandler
                0x0000000020000090                TMR3_IRQHandler
                0x0000000020000090                SW_Handler
                0x0000000020000090                SPI0_IRQHandler
                0x0000000020000090                UART3_IRQHandler
                0x0000000020000090                TMR1_IRQHandler
 *(.highcode)
 .highcode      0x0000000020000092       0x18 ./StdPeriphDriver/CH59x_clk.o
                0x0000000020000092                RTC_GetCycle32k
 .highcode      0x00000000200000aa      0x2b0 ./StdPeriphDriver/CH59x_sys.o
                0x00000000200000aa                SetSysClock
                0x000000002000024c                SYS_ResetExecute
                0x00000000200002a4                HardFault_Handler
                0x0000000020000324                mDelayuS
                0x0000000020000332                mDelaymS
 *fill*         0x000000002000035a        0x2 
 .highcode      0x000000002000035c       0x4e ./LIB/ble_task_scheduler.o
                0x000000002000035c                Ecall_U_Mode_Handler
                0x000000002000035c                Ecall_M_Mode_Handler
 .highcode      0x00000000200003aa       0x2e ./HAL/RTC.o
                0x00000000200003c2                RTC_IRQHandler
 .highcode      0x00000000200003d8       0xe0 ./APP/app.o
                0x00000000200003d8                UART1_IRQHandler
 .highcode      0x00000000200004b8        0xa ./APP/app_main.o
                0x00000000200004b8                Main_Circulation
 .highcode      0x00000000200004c2      0x426 D:\MESH\CH592EVT\EVT\EXAM\SRC\StdPeriphDriver\libISP592.a(ISP583.o)
                0x00000000200004c2                FLASH_ROM_BEG
                0x00000000200004d4                FLASH_ROM_END
                0x00000000200004e2                FLASH_ROM_IN
                0x00000000200004f0                FLASH_ROM_OUT
                0x00000000200004fe                FLASH_ROM_ADDR
                0x0000000020000546                FLASH_ROM_WAIT
                0x000000002000057e                FLASH_EEPROM_CMD
 .highcode      0x00000000200008e8       0x2e D:\MESH\CH592EVT\EVT\EXAM\BLE\MESH\MESH_LIB\libMESH.a(mesh_hal_rf.o)
                0x00000000200008e8                RF_Wait_Tx_End
 .highcode      0x0000000020000916      0x31c D:\MESH\CH592EVT\EVT\EXAM\BLE\MESH\MESH_LIB\libMESH.a(uECC.o)
                0x00000000200009a8                uECC_vli_clear
                0x00000000200009c4                uECC_vli_isZero
                0x00000000200009e6                uECC_vli_testBit
                0x00000000200009fa                uECC_vli_numBits
                0x0000000020000a32                uECC_vli_set
                0x0000000020000a52                uECC_vli_equal
                0x0000000020000a80                uECC_vli_rshift1
                0x0000000020000aa0                uECC_vli_add
                0x0000000020000ada                uECC_vli_sub
                0x0000000020000b1a                uECC_vli_cmp
                0x0000000020000b4e                uECC_vli_mult
 *(.highcode.*)
 *fill*         0x0000000020000c32        0x2 
 .highcode.LLE_IRQHandler
                0x0000000020000c34       0x86 ./LIB/ble_task_scheduler.o
                0x0000000020000c34                LLE_IRQHandler
 .highcode.tmos_memcpy
                0x0000000020000cba       0x3e D:\MESH\CH592EVT\EVT\EXAM\BLE\LIB\libCH59xBLE.a(tmos.o)
                0x0000000020000cba                tmos_memcpy
 .highcode.tmos_memset
                0x0000000020000cf8       0x32 D:\MESH\CH592EVT\EVT\EXAM\BLE\LIB\libCH59xBLE.a(tmos.o)
                0x0000000020000cf8                tmos_memset
 .highcode.tmos_memcmp
                0x0000000020000d2a       0x4e D:\MESH\CH592EVT\EVT\EXAM\BLE\LIB\libCH59xBLE.a(tmos.o)
                0x0000000020000d2a                tmos_memcmp
 .highcode.tmos_revmemcpy
                0x0000000020000d78       0x38 D:\MESH\CH592EVT\EVT\EXAM\BLE\LIB\libCH59xBLE.a(tmos.o)
                0x0000000020000d78                tmos_revmemcpy
 .highcode.tmos_isbufset
                0x0000000020000db0       0x42 D:\MESH\CH592EVT\EVT\EXAM\BLE\LIB\libCH59xBLE.a(tmos.o)
                0x0000000020000db0                tmos_isbufset
 .highcode.tmos_proces_system_time
                0x0000000020000df2      0x144 D:\MESH\CH592EVT\EVT\EXAM\BLE\LIB\libCH59xBLE.a(tmos.o)
 .highcode.ble_controller_func
                0x0000000020000f36       0x40 D:\MESH\CH592EVT\EVT\EXAM\BLE\LIB\libCH59xBLE.a(tmos.o)
                0x0000000020000f36                ble_controller_func
 .highcode.TMOS_SystemProcess
                0x0000000020000f76      0x206 D:\MESH\CH592EVT\EVT\EXAM\BLE\LIB\libCH59xBLE.a(tmos.o)
                0x0000000020000f76                TMOS_SystemProcess
 .highcode.clockGetHSEValue
                0x000000002000117c       0x36 D:\MESH\CH592EVT\EVT\EXAM\BLE\LIB\libCH59xBLE.a(tmos_hw.o)
 *fill*         0x00000000200011b2        0x2 
 .highcode.ble_controller_scheduler
                0x00000000200011b4        0xa D:\MESH\CH592EVT\EVT\EXAM\BLE\LIB\libCH59xBLE.a(ble_task_process.o)
 *fill*         0x00000000200011be        0x2 
 .highcode.LLE_IRQLibHandler
                0x00000000200011c0       0x3a D:\MESH\CH592EVT\EVT\EXAM\BLE\LIB\libCH59xBLE.a(ble_task_process.o)
                0x00000000200011c0                LLE_IRQLibHandler
 .highcode.BB_IRQLibHandler
                0x00000000200011fa      0x106 D:\MESH\CH592EVT\EVT\EXAM\BLE\LIB\libCH59xBLE.a(bb.o)
                0x00000000200011fa                BB_IRQLibHandler
 .highcode.BB_IRQLibFunction
                0x0000000020001300        0x6 D:\MESH\CH592EVT\EVT\EXAM\BLE\LIB\libCH59xBLE.a(bb.o)
                0x0000000020001300                BB_IRQLibFunction
 .highcode.lleIrqHandler
                0x0000000020001306      0x176 D:\MESH\CH592EVT\EVT\EXAM\BLE\LIB\libCH59xBLE.a(ip.o)
 .highcode.ll_rx_wait_finish
                0x000000002000147c       0x3e D:\MESH\CH592EVT\EVT\EXAM\BLE\LIB\libCH59xBLE.a(ip.o)
                0x000000002000147c                ll_rx_wait_finish
 .highcode.ble_ll_chkcrc
                0x00000000200014ba       0x92 D:\MESH\CH592EVT\EVT\EXAM\BLE\LIB\libCH59xBLE.a(ip.o)
                0x00000000200014ba                ble_ll_chkcrc
 .highcode.ll_tx_wait_finish
                0x000000002000154c      0x15c D:\MESH\CH592EVT\EVT\EXAM\BLE\LIB\libCH59xBLE.a(ip.o)
                0x000000002000154c                ll_tx_wait_finish
 .highcode.LLE_IRQSubHandler
                0x00000000200016a8       0x24 D:\MESH\CH592EVT\EVT\EXAM\BLE\LIB\libCH59xBLE.a(lle.o)
                0x00000000200016a8                LLE_IRQSubHandler
 .highcode.RF_HopGetChannel
                0x00000000200016cc       0x6e D:\MESH\CH592EVT\EVT\EXAM\BLE\LIB\libCH59xBLE.a(rf_fh.o)
                0x00000000200016cc                RF_HopGetChannel
 .highcode.RF_FrequencyHoppingGet
                0x000000002000173a       0xa8 D:\MESH\CH592EVT\EVT\EXAM\BLE\LIB\libCH59xBLE.a(rf_fh.o)
                0x000000002000173a                RF_FrequencyHoppingGet
 .highcode.RFEND_WaitTune
                0x00000000200017e2       0x3a D:\MESH\CH592EVT\EVT\EXAM\BLE\LIB\libCH59xBLE.a(rfend.o)
                0x00000000200017e2                RFEND_WaitTune
 .highcode.tmos_memory_allocate
                0x000000002000181c       0xf2 D:\MESH\CH592EVT\EVT\EXAM\BLE\LIB\libCH59xBLE.a(memory.o)
                0x000000002000181c                tmos_memory_allocate
 .highcode.tmos_memory_free
                0x000000002000190e      0x108 D:\MESH\CH592EVT\EVT\EXAM\BLE\LIB\libCH59xBLE.a(memory.o)
                0x000000002000190e                tmos_memory_free
                0x0000000020001a18                . = ALIGN (0x4)
 *fill*         0x0000000020001a16        0x2 
                0x0000000020001a18                PROVIDE (_highcode_vma_end = .)

.text           0x0000000000001a1c    0x1c8bc
                0x0000000000001a1c                . = ALIGN (0x4)
 *(SORT_NONE(.handle_reset))
 .handle_reset  0x0000000000001a1c       0xae ./Startup/startup_CH592.o
                0x0000000000001a1c                handle_reset
 *(.text)
 .text          0x0000000000001aca       0x60 d:/mounriver/mounriver_studio/toolchain/risc-v embedded gcc/bin/../lib/gcc/riscv-none-embed/8.2.0/rv32imac/ilp32\libgcc.a(save-restore.o)
                0x0000000000001aca                __riscv_save_12
                0x0000000000001ad2                __riscv_save_9
                0x0000000000001ad2                __riscv_save_11
                0x0000000000001ad2                __riscv_save_10
                0x0000000000001ad2                __riscv_save_8
                0x0000000000001ae0                __riscv_save_4
                0x0000000000001ae0                __riscv_save_6
                0x0000000000001ae0                __riscv_save_5
                0x0000000000001ae0                __riscv_save_7
                0x0000000000001afa                __riscv_save_3
                0x0000000000001afa                __riscv_save_2
                0x0000000000001afa                __riscv_save_1
                0x0000000000001afa                __riscv_save_0
                0x0000000000001b06                __riscv_restore_12
                0x0000000000001b0a                __riscv_restore_11
                0x0000000000001b0a                __riscv_restore_9
                0x0000000000001b0a                __riscv_restore_10
                0x0000000000001b0a                __riscv_restore_8
                0x0000000000001b14                __riscv_restore_5
                0x0000000000001b14                __riscv_restore_7
                0x0000000000001b14                __riscv_restore_6
                0x0000000000001b14                __riscv_restore_4
                0x0000000000001b1e                __riscv_restore_3
                0x0000000000001b1e                __riscv_restore_0
                0x0000000000001b1e                __riscv_restore_2
                0x0000000000001b1e                __riscv_restore_1
 .text          0x0000000000001b2a       0xa8 d:/mounriver/mounriver_studio/toolchain/risc-v embedded gcc/bin/../lib/gcc/riscv-none-embed/8.2.0/../../../../riscv-none-embed/lib/rv32imac/ilp32\libg_nano.a(lib_a-memset.o)
                0x0000000000001b2a                memset
 .text          0x0000000000001bd2      0x11e d:/mounriver/mounriver_studio/toolchain/risc-v embedded gcc/bin/../lib/gcc/riscv-none-embed/8.2.0/../../../../riscv-none-embed/lib/rv32imac/ilp32\libg_nano.a(lib_a-strcmp.o)
                0x0000000000001bd2                strcmp
 *(.text.*)
 .text.ADC_InterTSSampInit
                0x0000000000001cf0       0x34 ./StdPeriphDriver/CH59x_adc.o
                0x0000000000001cf0                ADC_InterTSSampInit
 .text.LSECFG_Current
                0x0000000000001d24       0x4e ./StdPeriphDriver/CH59x_clk.o
                0x0000000000001d24                LSECFG_Current
 .text.RTC_InitTime
                0x0000000000001d72      0x1d0 ./StdPeriphDriver/CH59x_clk.o
                0x0000000000001d72                RTC_InitTime
 .text.Calibration_LSI
                0x0000000000001f42      0x89a ./StdPeriphDriver/CH59x_clk.o
                0x0000000000001f42                Calibration_LSI
 .text.GPIOA_ModeCfg
                0x00000000000027dc       0xa6 ./StdPeriphDriver/CH59x_gpio.o
                0x00000000000027dc                GPIOA_ModeCfg
 .text.GetSysClock
                0x0000000000002882       0x40 ./StdPeriphDriver/CH59x_sys.o
                0x0000000000002882                GetSysClock
 .text.SYS_DisableAllIrq
                0x00000000000028c2       0x1c ./StdPeriphDriver/CH59x_sys.o
                0x00000000000028c2                SYS_DisableAllIrq
 .text.SYS_RecoverIrq
                0x00000000000028de       0x14 ./StdPeriphDriver/CH59x_sys.o
                0x00000000000028de                SYS_RecoverIrq
 .text.SYS_GetSysTickCnt
                0x00000000000028f2        0xa ./StdPeriphDriver/CH59x_sys.o
                0x00000000000028f2                SYS_GetSysTickCnt
 .text._write   0x00000000000028fc       0x28 ./StdPeriphDriver/CH59x_sys.o
                0x00000000000028fc                _write
 .text._sbrk    0x0000000000002924       0x34 ./StdPeriphDriver/CH59x_sys.o
                0x0000000000002924                _sbrk
 .text.UART1_BaudRateCfg
                0x0000000000002958       0x30 ./StdPeriphDriver/CH59x_uart1.o
                0x0000000000002958                UART1_BaudRateCfg
 .text.UART1_DefInit
                0x0000000000002988       0x32 ./StdPeriphDriver/CH59x_uart1.o
                0x0000000000002988                UART1_DefInit
 .text.UART1_ByteTrigCfg
                0x00000000000029ba       0x1a ./StdPeriphDriver/CH59x_uart1.o
                0x00000000000029ba                UART1_ByteTrigCfg
 .text.UART1_INTCfg
                0x00000000000029d4       0x2a ./StdPeriphDriver/CH59x_uart1.o
                0x00000000000029d4                UART1_INTCfg
 .text.UART1_SendString
                0x00000000000029fe       0x28 ./StdPeriphDriver/CH59x_uart1.o
                0x00000000000029fe                UART1_SendString
 .text.UART1_RecvString
                0x0000000000002a26       0x2a ./StdPeriphDriver/CH59x_uart1.o
                0x0000000000002a26                UART1_RecvString
 .text.HAL_KeyInit
                0x0000000000002a50       0x42 ./HAL/KEY.o
                0x0000000000002a50                HAL_KeyInit
 .text.HalKeyConfig
                0x0000000000002a92       0x12 ./HAL/KEY.o
                0x0000000000002a92                HalKeyConfig
 .text.HAL_KeyPoll
                0x0000000000002aa4       0x3a ./HAL/KEY.o
                0x0000000000002aa4                HAL_KeyPoll
 .text.Lib_Calibration_LSI
                0x0000000000002ade        0x6 ./HAL/MCU.o
                0x0000000000002ade                Lib_Calibration_LSI
 .text.Lib_Read_Flash
                0x0000000000002ae4       0x1c ./HAL/MCU.o
                0x0000000000002ae4                Lib_Read_Flash
 .text.Lib_Write_Flash
                0x0000000000002b00       0x40 ./HAL/MCU.o
                0x0000000000002b00                Lib_Write_Flash
 .text.HAL_GetInterTempValue
                0x0000000000002b40       0x72 ./HAL/MCU.o
                0x0000000000002b40                HAL_GetInterTempValue
 .text.HAL_ProcessEvent
                0x0000000000002bb2       0x9a ./HAL/MCU.o
                0x0000000000002bb2                HAL_ProcessEvent
 .text.CH59x_BLEInit
                0x0000000000002c4c      0x13c ./HAL/MCU.o
                0x0000000000002c4c                CH59x_BLEInit
 .text.HAL_Init
                0x0000000000002d88       0x32 ./HAL/MCU.o
                0x0000000000002d88                HAL_Init
 .text.HAL_TimeInit
                0x0000000000002dba       0xca ./HAL/RTC.o
                0x0000000000002dba                HAL_TimeInit
 .text.node_unblock_get
                0x0000000000002e84       0x36 ./APP/app.o
 .text.node_get
                0x0000000000002eba       0x28 ./APP/app.o
 .text.node_rsp
                0x0000000000002ee2      0x10a ./APP/app.o
 .text.link_open
                0x0000000000002fec       0x22 ./APP/app.o
 .text.cfg_cli_rsp_handler
                0x000000000000300e       0xfc ./APP/app.o
 .text.vendor_model_cli_send
                0x000000000000310a       0x56 ./APP/app.o
 .text.vendor_model_cli_rsp_handler
                0x0000000000003160      0x2e8 ./APP/app.o
 .text.node_stage
                0x0000000000003448       0xf0 ./APP/app.o
 .text.local_rsp
                0x0000000000003538       0xc8 ./APP/app.o
 .text.node_cfg_process
                0x0000000000003600       0xce ./APP/app.o
 .text.prov_complete
                0x00000000000036ce       0xe8 ./APP/app.o
 .text.node_added
                0x00000000000037b6       0xb2 ./APP/app.o
 .text.keyPress
                0x0000000000003868       0xd8 ./APP/app.o
                0x0000000000003868                keyPress
 .text.local_stage
                0x0000000000003940       0xa2 ./APP/app.o
 .text.link_close
                0x00000000000039e2       0x50 ./APP/app.o
 .text.unprov_recv
                0x0000000000003a32       0x74 ./APP/app.o
 .text.compare_uint8_arrays
                0x0000000000003aa6       0x26 ./APP/app.o
                0x0000000000003aa6                compare_uint8_arrays
 .text.App_ProcessEvent
                0x0000000000003acc      0x4dc ./APP/app.o
 .text.blemesh_on_sync
                0x0000000000003fa8      0x1f0 ./APP/app.o
                0x0000000000003fa8                blemesh_on_sync
 .text.App_Init
                0x0000000000004198       0x4c ./APP/app.o
                0x0000000000004198                App_Init
 .text.bt_mesh_lib_init
                0x00000000000041e4       0x48 ./APP/app_main.o
                0x00000000000041e4                bt_mesh_lib_init
 .text.startup.main
                0x000000000000422c       0x7e ./APP/app_main.o
                0x000000000000422c                main
 .text.flash_write_protection
                0x00000000000042aa        0x4 ./APP/app_mesh_config.o
                0x00000000000042aa                flash_write_protection
 .text.read_flash
                0x00000000000042ae       0x1c ./APP/app_mesh_config.o
                0x00000000000042ae                read_flash
 .text.erase_flash
                0x00000000000042ca       0x10 ./APP/app_mesh_config.o
                0x00000000000042ca                erase_flash
 .text.write_flash
                0x00000000000042da       0x34 ./APP/app_mesh_config.o
                0x00000000000042da                write_flash
 .text.vendor_message_cli_trans
                0x000000000000430e       0x5c ./APP/app_vendor_model_cli.o
 .text.vendor_message_cli_ack
                0x000000000000436a       0xb8 ./APP/app_vendor_model_cli.o
 .text.vendor_message_cli_ind
                0x0000000000004422       0xb6 ./APP/app_vendor_model_cli.o
 .text.adv_cli_trans_send
                0x00000000000044d8      0x13c ./APP/app_vendor_model_cli.o
 .text.write_end
                0x0000000000004614       0x58 ./APP/app_vendor_model_cli.o
 .text.write_start
                0x000000000000466c       0x4e ./APP/app_vendor_model_cli.o
 .text.write_reset.constprop.5
                0x00000000000046ba       0x30 ./APP/app_vendor_model_cli.o
 .text.vendor_cli_tid_get
                0x00000000000046ea       0x28 ./APP/app_vendor_model_cli.o
                0x00000000000046ea                vendor_cli_tid_get
 .text.vendor_message_cli_send_trans
                0x0000000000004712       0xe4 ./APP/app_vendor_model_cli.o
                0x0000000000004712                vendor_message_cli_send_trans
 .text.vendor_message_cli_trans_reset
                0x00000000000047f6       0x2c ./APP/app_vendor_model_cli.o
                0x00000000000047f6                vendor_message_cli_trans_reset
 .text.vendor_model_cli_rsp_recv
                0x0000000000004822       0x7e ./APP/app_vendor_model_cli.o
 .text.vendor_message_cli_cfm
                0x00000000000048a0       0x66 ./APP/app_vendor_model_cli.o
 .text.vendor_model_cli_ProcessEvent
                0x0000000000004906      0x16a ./APP/app_vendor_model_cli.o
 .text.vendor_model_cli_init
                0x0000000000004a70       0x24 ./APP/app_vendor_model_cli.o
                0x0000000000004a70                vendor_model_cli_init
 .text.mod_init
                0x0000000000004a94      0x104 D:\MESH\CH592EVT\EVT\EXAM\BLE\MESH\MESH_LIB\libMESH.a(mesh_access.o)
 .text.publish_start
                0x0000000000004b98       0x22 D:\MESH\CH592EVT\EVT\EXAM\BLE\MESH\MESH_LIB\libMESH.a(mesh_access.o)
 .text.model_has_key.isra.0
                0x0000000000004bba       0x50 D:\MESH\CH592EVT\EVT\EXAM\BLE\MESH\MESH_LIB\libMESH.a(mesh_access.o)
 .text.model_send
                0x0000000000004c0a       0xba D:\MESH\CH592EVT\EVT\EXAM\BLE\MESH\MESH_LIB\libMESH.a(mesh_access.o)
 .text.bt_mesh_comp_provision
                0x0000000000004cc4       0x34 D:\MESH\CH592EVT\EVT\EXAM\BLE\MESH\MESH_LIB\libMESH.a(mesh_access.o)
                0x0000000000004cc4                bt_mesh_comp_provision
 .text.bt_mesh_elem_count
                0x0000000000004cf8       0x10 D:\MESH\CH592EVT\EVT\EXAM\BLE\MESH\MESH_LIB\libMESH.a(mesh_access.o)
                0x0000000000004cf8                bt_mesh_elem_count
 .text.bt_mesh_primary_addr
                0x0000000000004d08        0xa D:\MESH\CH592EVT\EVT\EXAM\BLE\MESH\MESH_LIB\libMESH.a(mesh_access.o)
                0x0000000000004d08                bt_mesh_primary_addr
 .text.bt_mesh_fixed_group_match
                0x0000000000004d12       0x44 D:\MESH\CH592EVT\EVT\EXAM\BLE\MESH\MESH_LIB\libMESH.a(mesh_access.o)
                0x0000000000004d12                bt_mesh_fixed_group_match
 .text.bt_mesh_model_find_group
                0x0000000000004d56       0x32 D:\MESH\CH592EVT\EVT\EXAM\BLE\MESH\MESH_LIB\libMESH.a(mesh_access.o)
                0x0000000000004d56                bt_mesh_model_find_group
 .text.bt_mesh_model_find_vnd
                0x0000000000004d88       0x30 D:\MESH\CH592EVT\EVT\EXAM\BLE\MESH\MESH_LIB\libMESH.a(mesh_access.o)
                0x0000000000004d88                bt_mesh_model_find_vnd
 .text.bt_mesh_model_find
                0x0000000000004db8       0x28 D:\MESH\CH592EVT\EVT\EXAM\BLE\MESH\MESH_LIB\libMESH.a(mesh_access.o)
                0x0000000000004db8                bt_mesh_model_find
 .text.bt_mesh_elem_find
                0x0000000000004de0       0x9e D:\MESH\CH592EVT\EVT\EXAM\BLE\MESH\MESH_LIB\libMESH.a(mesh_access.o)
                0x0000000000004de0                bt_mesh_elem_find
 .text.bt_mesh_model_msg_init
                0x0000000000004e7e       0x5a D:\MESH\CH592EVT\EVT\EXAM\BLE\MESH\MESH_LIB\libMESH.a(mesh_access.o)
                0x0000000000004e7e                bt_mesh_model_msg_init
 .text.bt_mesh_comp_get
                0x0000000000004ed8        0xc D:\MESH\CH592EVT\EVT\EXAM\BLE\MESH\MESH_LIB\libMESH.a(mesh_access.o)
                0x0000000000004ed8                bt_mesh_comp_get
 .text.bt_mesh_comp_register
                0x0000000000004ee4       0x14 D:\MESH\CH592EVT\EVT\EXAM\BLE\MESH\MESH_LIB\libMESH.a(mesh_access.o)
                0x0000000000004ee4                bt_mesh_comp_register
 .text.bt_mesh_model_elem
                0x0000000000004ef8       0x16 D:\MESH\CH592EVT\EVT\EXAM\BLE\MESH\MESH_LIB\libMESH.a(mesh_access.o)
                0x0000000000004ef8                bt_mesh_model_elem
 .text.publish_retransmit
                0x0000000000004f0e       0xba D:\MESH\CH592EVT\EVT\EXAM\BLE\MESH\MESH_LIB\libMESH.a(mesh_access.o)
 .text.bt_mesh_model_pub_period_get
                0x0000000000004fc8       0x62 D:\MESH\CH592EVT\EVT\EXAM\BLE\MESH\MESH_LIB\libMESH.a(mesh_access.o)
                0x0000000000004fc8                bt_mesh_model_pub_period_get
 .text.publish_sent
                0x000000000000502a       0x58 D:\MESH\CH592EVT\EVT\EXAM\BLE\MESH\MESH_LIB\libMESH.a(mesh_access.o)
 .text.bt_mesh_model_send
                0x0000000000005082       0x52 D:\MESH\CH592EVT\EVT\EXAM\BLE\MESH\MESH_LIB\libMESH.a(mesh_access.o)
                0x0000000000005082                bt_mesh_model_send
 .text.bt_mesh_model_publish
                0x00000000000050d4      0x10e D:\MESH\CH592EVT\EVT\EXAM\BLE\MESH\MESH_LIB\libMESH.a(mesh_access.o)
                0x00000000000050d4                bt_mesh_model_publish
 .text.mod_publish
                0x00000000000051e2       0x64 D:\MESH\CH592EVT\EVT\EXAM\BLE\MESH\MESH_LIB\libMESH.a(mesh_access.o)
 .text.bt_mesh_model_recv
                0x0000000000005246      0x18e D:\MESH\CH592EVT\EVT\EXAM\BLE\MESH\MESH_LIB\libMESH.a(mesh_access.o)
                0x0000000000005246                bt_mesh_model_recv
 .text.bt_mesh_model_get
                0x00000000000053d4       0x44 D:\MESH\CH592EVT\EVT\EXAM\BLE\MESH\MESH_LIB\libMESH.a(mesh_access.o)
                0x00000000000053d4                bt_mesh_model_get
 .text.bt_mesh_model_foreach
                0x0000000000005418       0x74 D:\MESH\CH592EVT\EVT\EXAM\BLE\MESH\MESH_LIB\libMESH.a(mesh_access.o)
                0x0000000000005418                bt_mesh_model_foreach
 .text.bt_mesh_comp_unprovision
                0x000000000000548c       0x1c D:\MESH\CH592EVT\EVT\EXAM\BLE\MESH\MESH_LIB\libMESH.a(mesh_access.o)
                0x000000000000548c                bt_mesh_comp_unprovision
 .text.bt_mesh_mod_init
                0x00000000000054a8       0x22 D:\MESH\CH592EVT\EVT\EXAM\BLE\MESH\MESH_LIB\libMESH.a(mesh_access.o)
                0x00000000000054a8                bt_mesh_mod_init
 .text.bt_notify
                0x00000000000054ca       0x62 D:\MESH\CH592EVT\EVT\EXAM\BLE\MESH\MESH_LIB\libMESH.a(mesh_adapt.o)
 .text.bt_mesh_conn_unref
                0x000000000000552c        0x8 D:\MESH\CH592EVT\EVT\EXAM\BLE\MESH\MESH_LIB\libMESH.a(mesh_adapt.o)
                0x000000000000552c                bt_mesh_conn_unref
 .text.k_uptime_get
                0x0000000000005534       0x16 D:\MESH\CH592EVT\EVT\EXAM\BLE\MESH\MESH_LIB\libMESH.a(mesh_adapt.o)
                0x0000000000005534                k_uptime_get
 .text.k_uptime_get_32
                0x000000000000554a       0x14 D:\MESH\CH592EVT\EVT\EXAM\BLE\MESH\MESH_LIB\libMESH.a(mesh_adapt.o)
                0x000000000000554a                k_uptime_get_32
 .text.bt_mesh_gatt_get_mtu
                0x000000000000555e       0x10 D:\MESH\CH592EVT\EVT\EXAM\BLE\MESH\MESH_LIB\libMESH.a(mesh_adapt.o)
                0x000000000000555e                bt_mesh_gatt_get_mtu
 .text.bt_mesh_prov_notify
                0x000000000000556e       0x22 D:\MESH\CH592EVT\EVT\EXAM\BLE\MESH\MESH_LIB\libMESH.a(mesh_adapt.o)
                0x000000000000556e                bt_mesh_prov_notify
 .text.bt_mesh_gatts_disconnect
                0x0000000000005590        0xc D:\MESH\CH592EVT\EVT\EXAM\BLE\MESH\MESH_LIB\libMESH.a(mesh_adapt.o)
                0x0000000000005590                bt_mesh_gatts_disconnect
 .text.bt_mesh_prov_servive_cccd_close
                0x000000000000559c       0x16 D:\MESH\CH592EVT\EVT\EXAM\BLE\MESH\MESH_LIB\libMESH.a(mesh_adapt.o)
                0x000000000000559c                bt_mesh_prov_servive_cccd_close
 .text.bt_mesh_prov_service_stop
                0x00000000000055b2       0x16 D:\MESH\CH592EVT\EVT\EXAM\BLE\MESH\MESH_LIB\libMESH.a(mesh_adapt.o)
                0x00000000000055b2                bt_mesh_prov_service_stop
 .text.bt_mesh_proxy_service_cccd_close
                0x00000000000055c8       0x16 D:\MESH\CH592EVT\EVT\EXAM\BLE\MESH\MESH_LIB\libMESH.a(mesh_adapt.o)
                0x00000000000055c8                bt_mesh_proxy_service_cccd_close
 .text.bt_mesh_gatts_service_stop
                0x00000000000055de       0x16 D:\MESH\CH592EVT\EVT\EXAM\BLE\MESH\MESH_LIB\libMESH.a(mesh_adapt.o)
                0x00000000000055de                bt_mesh_gatts_service_stop
 .text.bt_le_scan_start
                0x00000000000055f4       0x12 D:\MESH\CH592EVT\EVT\EXAM\BLE\MESH\MESH_LIB\libMESH.a(mesh_adapt.o)
                0x00000000000055f4                bt_le_scan_start
 .text.bt_le_scan_stop
                0x0000000000005606        0xc D:\MESH\CH592EVT\EVT\EXAM\BLE\MESH\MESH_LIB\libMESH.a(mesh_adapt.o)
                0x0000000000005606                bt_le_scan_stop
 .text.adv_buf_destroy
                0x0000000000005612       0x1e D:\MESH\CH592EVT\EVT\EXAM\BLE\MESH\MESH_LIB\libMESH.a(mesh_adv.o)
 .text.adv_alloc
                0x0000000000005630       0x14 D:\MESH\CH592EVT\EVT\EXAM\BLE\MESH\MESH_LIB\libMESH.a(mesh_adv.o)
 .text.bt_mesh_scan_cb
                0x0000000000005644       0x72 D:\MESH\CH592EVT\EVT\EXAM\BLE\MESH\MESH_LIB\libMESH.a(mesh_adv.o)
 .text.adv_first_get
                0x00000000000056b6       0x2c D:\MESH\CH592EVT\EVT\EXAM\BLE\MESH\MESH_LIB\libMESH.a(mesh_adv.o)
 .text._set_mesh_bear_adv_buf
                0x00000000000056e2       0x70 D:\MESH\CH592EVT\EVT\EXAM\BLE\MESH\MESH_LIB\libMESH.a(mesh_adv.o)
                0x00000000000056e2                _set_mesh_bear_adv_buf
 .text.bt_mesh_buf_get_from_pool
                0x0000000000005752       0x16 D:\MESH\CH592EVT\EVT\EXAM\BLE\MESH\MESH_LIB\libMESH.a(mesh_adv.o)
                0x0000000000005752                bt_mesh_buf_get_from_pool
 .text.adv_buf_deinit.isra.3
                0x0000000000005768       0x30 D:\MESH\CH592EVT\EVT\EXAM\BLE\MESH\MESH_LIB\libMESH.a(mesh_adv.o)
 .text.k_adv_handler
                0x0000000000005798       0xe8 D:\MESH\CH592EVT\EVT\EXAM\BLE\MESH\MESH_LIB\libMESH.a(mesh_adv.o)
 .text.bt_mesh_adv_create_from_pool
                0x0000000000005880       0x32 D:\MESH\CH592EVT\EVT\EXAM\BLE\MESH\MESH_LIB\libMESH.a(mesh_adv.o)
                0x0000000000005880                bt_mesh_adv_create_from_pool
 .text.bt_mesh_adv_create
                0x00000000000058b2       0x8e D:\MESH\CH592EVT\EVT\EXAM\BLE\MESH\MESH_LIB\libMESH.a(mesh_adv.o)
                0x00000000000058b2                bt_mesh_adv_create
 .text.bt_mesh_adv_send
                0x0000000000005940       0xb4 D:\MESH\CH592EVT\EVT\EXAM\BLE\MESH\MESH_LIB\libMESH.a(mesh_adv.o)
                0x0000000000005940                bt_mesh_adv_send
 .text.bt_mesh_scan_enable
                0x00000000000059f4       0x18 D:\MESH\CH592EVT\EVT\EXAM\BLE\MESH\MESH_LIB\libMESH.a(mesh_adv.o)
                0x00000000000059f4                bt_mesh_scan_enable
 .text.bt_mesh_scan_disable
                0x0000000000005a0c        0xc D:\MESH\CH592EVT\EVT\EXAM\BLE\MESH\MESH_LIB\libMESH.a(mesh_adv.o)
                0x0000000000005a0c                bt_mesh_scan_disable
 .text.check_adv_need_deinit
                0x0000000000005a18       0x4e D:\MESH\CH592EVT\EVT\EXAM\BLE\MESH\MESH_LIB\libMESH.a(mesh_adv.o)
                0x0000000000005a18                check_adv_need_deinit
 .text.bt_mesh_adv_init
                0x0000000000005a66       0x2c D:\MESH\CH592EVT\EVT\EXAM\BLE\MESH\MESH_LIB\libMESH.a(mesh_adv.o)
                0x0000000000005a66                bt_mesh_adv_init
 .text.model_start
                0x0000000000005a92       0x18 D:\MESH\CH592EVT\EVT\EXAM\BLE\MESH\MESH_LIB\libMESH.a(mesh_api.o)
 .text.adv_buf_count_get
                0x0000000000005aaa       0x10 D:\MESH\CH592EVT\EVT\EXAM\BLE\MESH\MESH_LIB\libMESH.a(mesh_api.o)
                0x0000000000005aaa                adv_buf_count_get
 .text.rpl_count_get
                0x0000000000005aba       0x10 D:\MESH\CH592EVT\EVT\EXAM\BLE\MESH\MESH_LIB\libMESH.a(mesh_api.o)
                0x0000000000005aba                rpl_count_get
 .text.allow_rpl_cycle_get
                0x0000000000005aca       0x10 D:\MESH\CH592EVT\EVT\EXAM\BLE\MESH\MESH_LIB\libMESH.a(mesh_api.o)
                0x0000000000005aca                allow_rpl_cycle_get
 .text.allow_same_addr_get
                0x0000000000005ada       0x10 D:\MESH\CH592EVT\EVT\EXAM\BLE\MESH\MESH_LIB\libMESH.a(mesh_api.o)
                0x0000000000005ada                allow_same_addr_get
 .text.ivu_divider_get
                0x0000000000005aea       0x10 D:\MESH\CH592EVT\EVT\EXAM\BLE\MESH\MESH_LIB\libMESH.a(mesh_api.o)
                0x0000000000005aea                ivu_divider_get
 .text.mod_key_count_get
                0x0000000000005afa       0x10 D:\MESH\CH592EVT\EVT\EXAM\BLE\MESH\MESH_LIB\libMESH.a(mesh_api.o)
                0x0000000000005afa                mod_key_count_get
 .text.mod_group_count_get
                0x0000000000005b0a       0x10 D:\MESH\CH592EVT\EVT\EXAM\BLE\MESH\MESH_LIB\libMESH.a(mesh_api.o)
                0x0000000000005b0a                mod_group_count_get
 .text.pxyfilter_count_get
                0x0000000000005b1a       0x10 D:\MESH\CH592EVT\EVT\EXAM\BLE\MESH\MESH_LIB\libMESH.a(mesh_api.o)
                0x0000000000005b1a                pxyfilter_count_get
 .text.msgcache_count_get
                0x0000000000005b2a       0x10 D:\MESH\CH592EVT\EVT\EXAM\BLE\MESH\MESH_LIB\libMESH.a(mesh_api.o)
                0x0000000000005b2a                msgcache_count_get
 .text.subnet_count_get
                0x0000000000005b3a       0x10 D:\MESH\CH592EVT\EVT\EXAM\BLE\MESH\MESH_LIB\libMESH.a(mesh_api.o)
                0x0000000000005b3a                subnet_count_get
 .text.appkey_count_get
                0x0000000000005b4a       0x10 D:\MESH\CH592EVT\EVT\EXAM\BLE\MESH\MESH_LIB\libMESH.a(mesh_api.o)
                0x0000000000005b4a                appkey_count_get
 .text.unseg_length_get
                0x0000000000005b5a       0x14 D:\MESH\CH592EVT\EVT\EXAM\BLE\MESH\MESH_LIB\libMESH.a(mesh_api.o)
                0x0000000000005b5a                unseg_length_get
 .text.txseg_max_get
                0x0000000000005b6e       0x10 D:\MESH\CH592EVT\EVT\EXAM\BLE\MESH\MESH_LIB\libMESH.a(mesh_api.o)
                0x0000000000005b6e                txseg_max_get
 .text.txseg_count_get
                0x0000000000005b7e       0x10 D:\MESH\CH592EVT\EVT\EXAM\BLE\MESH\MESH_LIB\libMESH.a(mesh_api.o)
                0x0000000000005b7e                txseg_count_get
 .text.rxseg_count_get
                0x0000000000005b8e       0x10 D:\MESH\CH592EVT\EVT\EXAM\BLE\MESH\MESH_LIB\libMESH.a(mesh_api.o)
                0x0000000000005b8e                rxseg_count_get
 .text.rxsdu_max_get
                0x0000000000005b9e       0x10 D:\MESH\CH592EVT\EVT\EXAM\BLE\MESH\MESH_LIB\libMESH.a(mesh_api.o)
                0x0000000000005b9e                rxsdu_max_get
 .text.label_count_get
                0x0000000000005bae       0x10 D:\MESH\CH592EVT\EVT\EXAM\BLE\MESH\MESH_LIB\libMESH.a(mesh_api.o)
                0x0000000000005bae                label_count_get
 .text.seq_store_rate_get
                0x0000000000005bbe       0x10 D:\MESH\CH592EVT\EVT\EXAM\BLE\MESH\MESH_LIB\libMESH.a(mesh_api.o)
                0x0000000000005bbe                seq_store_rate_get
 .text.rpl_store_rate_get
                0x0000000000005bce       0x10 D:\MESH\CH592EVT\EVT\EXAM\BLE\MESH\MESH_LIB\libMESH.a(mesh_api.o)
                0x0000000000005bce                rpl_store_rate_get
 .text.store_rate_get
                0x0000000000005bde       0x10 D:\MESH\CH592EVT\EVT\EXAM\BLE\MESH\MESH_LIB\libMESH.a(mesh_api.o)
                0x0000000000005bde                store_rate_get
 .text.frndseg_rx_get
                0x0000000000005bee       0x10 D:\MESH\CH592EVT\EVT\EXAM\BLE\MESH\MESH_LIB\libMESH.a(mesh_api.o)
                0x0000000000005bee                frndseg_rx_get
 .text.frndsub_size_get
                0x0000000000005bfe       0x10 D:\MESH\CH592EVT\EVT\EXAM\BLE\MESH\MESH_LIB\libMESH.a(mesh_api.o)
                0x0000000000005bfe                frndsub_size_get
 .text.frndlpn_count_get
                0x0000000000005c0e       0x10 D:\MESH\CH592EVT\EVT\EXAM\BLE\MESH\MESH_LIB\libMESH.a(mesh_api.o)
                0x0000000000005c0e                frndlpn_count_get
 .text.frndqueue_size_get
                0x0000000000005c1e       0x10 D:\MESH\CH592EVT\EVT\EXAM\BLE\MESH\MESH_LIB\libMESH.a(mesh_api.o)
                0x0000000000005c1e                frndqueue_size_get
 .text.lpnpoll_timeout_get
                0x0000000000005c2e        0xe D:\MESH\CH592EVT\EVT\EXAM\BLE\MESH\MESH_LIB\libMESH.a(mesh_api.o)
                0x0000000000005c2e                lpnpoll_timeout_get
 .text.lpnrecv_delay_get
                0x0000000000005c3c       0x10 D:\MESH\CH592EVT\EVT\EXAM\BLE\MESH\MESH_LIB\libMESH.a(mesh_api.o)
                0x0000000000005c3c                lpnrecv_delay_get
 .text.lpnretry_timeout_get
                0x0000000000005c4c       0x16 D:\MESH\CH592EVT\EVT\EXAM\BLE\MESH\MESH_LIB\libMESH.a(mesh_api.o)
                0x0000000000005c4c                lpnretry_timeout_get
 .text.prov_node_count_get
                0x0000000000005c62       0x10 D:\MESH\CH592EVT\EVT\EXAM\BLE\MESH\MESH_LIB\libMESH.a(mesh_api.o)
                0x0000000000005c62                prov_node_count_get
 .text.rf_accessAddress_get
                0x0000000000005c72        0xe D:\MESH\CH592EVT\EVT\EXAM\BLE\MESH\MESH_LIB\libMESH.a(mesh_api.o)
                0x0000000000005c72                rf_accessAddress_get
 .text.device_parmas_get
                0x0000000000005c80        0xc D:\MESH\CH592EVT\EVT\EXAM\BLE\MESH\MESH_LIB\libMESH.a(mesh_api.o)
                0x0000000000005c80                device_parmas_get
 .text.dev_mac_get
                0x0000000000005c8c        0xc D:\MESH\CH592EVT\EVT\EXAM\BLE\MESH\MESH_LIB\libMESH.a(mesh_api.o)
                0x0000000000005c8c                dev_mac_get
 .text.bt_mesh_cfg_set
                0x0000000000005c98      0x24c D:\MESH\CH592EVT\EVT\EXAM\BLE\MESH\MESH_LIB\libMESH.a(mesh_api.o)
                0x0000000000005c98                bt_mesh_cfg_set
 .text.bt_mesh_provision_adv
                0x0000000000005ee4       0x3e D:\MESH\CH592EVT\EVT\EXAM\BLE\MESH\MESH_LIB\libMESH.a(mesh_api.o)
                0x0000000000005ee4                bt_mesh_provision_adv
 .text.bt_mesh_start
                0x0000000000005f22       0x26 D:\MESH\CH592EVT\EVT\EXAM\BLE\MESH\MESH_LIB\libMESH.a(mesh_api.o)
                0x0000000000005f22                bt_mesh_start
 .text.bt_mesh_provision
                0x0000000000005f48       0xce D:\MESH\CH592EVT\EVT\EXAM\BLE\MESH\MESH_LIB\libMESH.a(mesh_api.o)
                0x0000000000005f48                bt_mesh_provision
 .text.bt_mesh_reset
                0x0000000000006016       0xba D:\MESH\CH592EVT\EVT\EXAM\BLE\MESH\MESH_LIB\libMESH.a(mesh_api.o)
                0x0000000000006016                bt_mesh_reset
 .text.auth_match
                0x00000000000060d0       0x46 D:\MESH\CH592EVT\EVT\EXAM\BLE\MESH\MESH_LIB\libMESH.a(mesh_beacon.o)
 .text.unprov_send_start
                0x0000000000006116       0x18 D:\MESH\CH592EVT\EVT\EXAM\BLE\MESH\MESH_LIB\libMESH.a(mesh_beacon.o)
 .text.beacon_complete
                0x000000000000612e       0x16 D:\MESH\CH592EVT\EVT\EXAM\BLE\MESH\MESH_LIB\libMESH.a(mesh_beacon.o)
 .text.bt_mesh_beacon_create
                0x0000000000006144       0x50 D:\MESH\CH592EVT\EVT\EXAM\BLE\MESH\MESH_LIB\libMESH.a(mesh_beacon.o)
                0x0000000000006144                bt_mesh_beacon_create
 .text.beacon_send
                0x0000000000006194      0x1f8 D:\MESH\CH592EVT\EVT\EXAM\BLE\MESH\MESH_LIB\libMESH.a(mesh_beacon.o)
 .text.bt_mesh_beacon_ivu_initiator
                0x000000000000638c       0x4a D:\MESH\CH592EVT\EVT\EXAM\BLE\MESH\MESH_LIB\libMESH.a(mesh_beacon.o)
                0x000000000000638c                bt_mesh_beacon_ivu_initiator
 .text.bt_mesh_subnet_find
                0x00000000000063d6       0x7e D:\MESH\CH592EVT\EVT\EXAM\BLE\MESH\MESH_LIB\libMESH.a(mesh_beacon.o)
                0x00000000000063d6                bt_mesh_subnet_find
 .text.bt_mesh_beacon_recv
                0x0000000000006454      0x180 D:\MESH\CH592EVT\EVT\EXAM\BLE\MESH\MESH_LIB\libMESH.a(mesh_beacon.o)
                0x0000000000006454                bt_mesh_beacon_recv
 .text.bt_mesh_beacon_enable
                0x00000000000065d4       0x52 D:\MESH\CH592EVT\EVT\EXAM\BLE\MESH\MESH_LIB\libMESH.a(mesh_beacon.o)
                0x00000000000065d4                bt_mesh_beacon_enable
 .text.bt_mesh_beacon_disable
                0x0000000000006626       0x26 D:\MESH\CH592EVT\EVT\EXAM\BLE\MESH\MESH_LIB\libMESH.a(mesh_beacon.o)
                0x0000000000006626                bt_mesh_beacon_disable
 .text.bt_mesh_beacon_init
                0x000000000000664c       0x1c D:\MESH\CH592EVT\EVT\EXAM\BLE\MESH\MESH_LIB\libMESH.a(mesh_beacon.o)
                0x000000000000664c                bt_mesh_beacon_init
 .text.generic_data_ref
                0x0000000000006668        0xe D:\MESH\CH592EVT\EVT\EXAM\BLE\MESH\MESH_LIB\libMESH.a(mesh_buf.o)
 .text.heap_data_unref
                0x0000000000006676       0x22 D:\MESH\CH592EVT\EVT\EXAM\BLE\MESH\MESH_LIB\libMESH.a(mesh_buf.o)
 .text.heap_data_alloc
                0x0000000000006698       0x1e D:\MESH\CH592EVT\EVT\EXAM\BLE\MESH\MESH_LIB\libMESH.a(mesh_buf.o)
 .text.net_buf_simple_push
                0x00000000000066b6       0x14 D:\MESH\CH592EVT\EVT\EXAM\BLE\MESH\MESH_LIB\libMESH.a(mesh_buf.o)
                0x00000000000066b6                net_buf_simple_push
 .text.net_buf_simple_push_be16
                0x00000000000066ca       0x2c D:\MESH\CH592EVT\EVT\EXAM\BLE\MESH\MESH_LIB\libMESH.a(mesh_buf.o)
                0x00000000000066ca                net_buf_simple_push_be16
 .text.net_buf_simple_push_u8
                0x00000000000066f6       0x18 D:\MESH\CH592EVT\EVT\EXAM\BLE\MESH\MESH_LIB\libMESH.a(mesh_buf.o)
                0x00000000000066f6                net_buf_simple_push_u8
 .text.net_buf_simple_pull
                0x000000000000670e       0x14 D:\MESH\CH592EVT\EVT\EXAM\BLE\MESH\MESH_LIB\libMESH.a(mesh_buf.o)
                0x000000000000670e                net_buf_simple_pull
 .text.net_buf_simple_pull_mem
                0x0000000000006722       0x14 D:\MESH\CH592EVT\EVT\EXAM\BLE\MESH\MESH_LIB\libMESH.a(mesh_buf.o)
                0x0000000000006722                net_buf_simple_pull_mem
 .text.net_buf_simple_headroom
                0x0000000000006736        0xa D:\MESH\CH592EVT\EVT\EXAM\BLE\MESH\MESH_LIB\libMESH.a(mesh_buf.o)
                0x0000000000006736                net_buf_simple_headroom
 .text.net_buf_simple_tailroom
                0x0000000000006740       0x18 D:\MESH\CH592EVT\EVT\EXAM\BLE\MESH\MESH_LIB\libMESH.a(mesh_buf.o)
                0x0000000000006740                net_buf_simple_tailroom
 .text.net_buf_simple_add
                0x0000000000006758       0x2a D:\MESH\CH592EVT\EVT\EXAM\BLE\MESH\MESH_LIB\libMESH.a(mesh_buf.o)
                0x0000000000006758                net_buf_simple_add
 .text.net_buf_simple_add_mem
                0x0000000000006782       0x1e D:\MESH\CH592EVT\EVT\EXAM\BLE\MESH\MESH_LIB\libMESH.a(mesh_buf.o)
                0x0000000000006782                net_buf_simple_add_mem
 .text.net_buf_simple_add_u8
                0x00000000000067a0       0x14 D:\MESH\CH592EVT\EVT\EXAM\BLE\MESH\MESH_LIB\libMESH.a(mesh_buf.o)
                0x00000000000067a0                net_buf_simple_add_u8
 .text.net_buf_simple_add_le16
                0x00000000000067b4       0x26 D:\MESH\CH592EVT\EVT\EXAM\BLE\MESH\MESH_LIB\libMESH.a(mesh_buf.o)
                0x00000000000067b4                net_buf_simple_add_le16
 .text.net_buf_simple_add_be16
                0x00000000000067da       0x2e D:\MESH\CH592EVT\EVT\EXAM\BLE\MESH\MESH_LIB\libMESH.a(mesh_buf.o)
                0x00000000000067da                net_buf_simple_add_be16
 .text.net_buf_simple_add_be32
                0x0000000000006808       0x3e D:\MESH\CH592EVT\EVT\EXAM\BLE\MESH\MESH_LIB\libMESH.a(mesh_buf.o)
                0x0000000000006808                net_buf_simple_add_be32
 .text.net_buf_simple_pull_u8
                0x0000000000006846       0x16 D:\MESH\CH592EVT\EVT\EXAM\BLE\MESH\MESH_LIB\libMESH.a(mesh_buf.o)
                0x0000000000006846                net_buf_simple_pull_u8
 .text.net_buf_simple_pull_le16
                0x000000000000685c       0x28 D:\MESH\CH592EVT\EVT\EXAM\BLE\MESH\MESH_LIB\libMESH.a(mesh_buf.o)
                0x000000000000685c                net_buf_simple_pull_le16
 .text.net_buf_simple_pull_be16
                0x0000000000006884       0x34 D:\MESH\CH592EVT\EVT\EXAM\BLE\MESH\MESH_LIB\libMESH.a(mesh_buf.o)
                0x0000000000006884                net_buf_simple_pull_be16
 .text.net_buf_simple_pull_be32
                0x00000000000068b8       0x44 D:\MESH\CH592EVT\EVT\EXAM\BLE\MESH\MESH_LIB\libMESH.a(mesh_buf.o)
                0x00000000000068b8                net_buf_simple_pull_be32
 .text.net_buf_simple_reserve
                0x00000000000068fc        0x8 D:\MESH\CH592EVT\EVT\EXAM\BLE\MESH\MESH_LIB\libMESH.a(mesh_buf.o)
                0x00000000000068fc                net_buf_simple_reserve
 .text.net_buf_slist_put
                0x0000000000006904       0x24 D:\MESH\CH592EVT\EVT\EXAM\BLE\MESH\MESH_LIB\libMESH.a(mesh_buf.o)
                0x0000000000006904                net_buf_slist_put
 .text.net_buf_slist_get
                0x0000000000006928       0x42 D:\MESH\CH592EVT\EVT\EXAM\BLE\MESH\MESH_LIB\libMESH.a(mesh_buf.o)
                0x0000000000006928                net_buf_slist_get
 .text.net_buf_id
                0x000000000000696a       0x1a D:\MESH\CH592EVT\EVT\EXAM\BLE\MESH\MESH_LIB\libMESH.a(mesh_buf.o)
                0x000000000000696a                net_buf_id
 .text.pool_get_buf
                0x0000000000006984        0xc D:\MESH\CH592EVT\EVT\EXAM\BLE\MESH\MESH_LIB\libMESH.a(mesh_buf.o)
                0x0000000000006984                pool_get_buf
 .text.net_buf_ref
                0x0000000000006990        0xc D:\MESH\CH592EVT\EVT\EXAM\BLE\MESH\MESH_LIB\libMESH.a(mesh_buf.o)
                0x0000000000006990                net_buf_ref
 .text.net_buf_unref
                0x000000000000699c       0x56 D:\MESH\CH592EVT\EVT\EXAM\BLE\MESH\MESH_LIB\libMESH.a(mesh_buf.o)
                0x000000000000699c                net_buf_unref
 .text.net_buf_alloc_len
                0x00000000000069f2       0x76 D:\MESH\CH592EVT\EVT\EXAM\BLE\MESH\MESH_LIB\libMESH.a(mesh_buf.o)
                0x00000000000069f2                net_buf_alloc_len
 .text.cli_prepare
                0x0000000000006a68       0x1e D:\MESH\CH592EVT\EVT\EXAM\BLE\MESH\MESH_LIB\libMESH.a(mesh_cfg_cli.o)
 .text.cli_reset
                0x0000000000006a86       0x20 D:\MESH\CH592EVT\EVT\EXAM\BLE\MESH\MESH_LIB\libMESH.a(mesh_cfg_cli.o)
 .text.cfg_rsp_recv
                0x0000000000006aa6       0x30 D:\MESH\CH592EVT\EVT\EXAM\BLE\MESH\MESH_LIB\libMESH.a(mesh_cfg_cli.o)
 .text.cfg_cli_init
                0x0000000000006ad6       0x40 D:\MESH\CH592EVT\EVT\EXAM\BLE\MESH\MESH_LIB\libMESH.a(mesh_cfg_cli.o)
 .text.sync_handler
                0x0000000000006b16       0x2e D:\MESH\CH592EVT\EVT\EXAM\BLE\MESH\MESH_LIB\libMESH.a(mesh_cfg_cli.o)
 .text.cli_wait
                0x0000000000006b44       0x22 D:\MESH\CH592EVT\EVT\EXAM\BLE\MESH\MESH_LIB\libMESH.a(mesh_cfg_cli.o)
 .text.mod_app_bind
                0x0000000000006b66       0xb8 D:\MESH\CH592EVT\EVT\EXAM\BLE\MESH\MESH_LIB\libMESH.a(mesh_cfg_cli.o)
 .text.mod_sub  0x0000000000006c1e       0xb6 D:\MESH\CH592EVT\EVT\EXAM\BLE\MESH\MESH_LIB\libMESH.a(mesh_cfg_cli.o)
 .text.cfg_app_key
                0x0000000000006cd4       0x94 D:\MESH\CH592EVT\EVT\EXAM\BLE\MESH\MESH_LIB\libMESH.a(mesh_cfg_cli.o)
 .text.vnd_sub_list
                0x0000000000006d68       0xb8 D:\MESH\CH592EVT\EVT\EXAM\BLE\MESH\MESH_LIB\libMESH.a(mesh_cfg_cli.o)
 .text.sig_sub_list
                0x0000000000006e20       0xb4 D:\MESH\CH592EVT\EVT\EXAM\BLE\MESH\MESH_LIB\libMESH.a(mesh_cfg_cli.o)
 .text.app_key_list
                0x0000000000006ed4       0xa2 D:\MESH\CH592EVT\EVT\EXAM\BLE\MESH\MESH_LIB\libMESH.a(mesh_cfg_cli.o)
 .text.vnd_app_list
                0x0000000000006f76       0xb8 D:\MESH\CH592EVT\EVT\EXAM\BLE\MESH\MESH_LIB\libMESH.a(mesh_cfg_cli.o)
 .text.sig_app_list
                0x000000000000702e       0xb4 D:\MESH\CH592EVT\EVT\EXAM\BLE\MESH\MESH_LIB\libMESH.a(mesh_cfg_cli.o)
 .text.krp_status
                0x00000000000070e2       0x48 D:\MESH\CH592EVT\EVT\EXAM\BLE\MESH\MESH_LIB\libMESH.a(mesh_cfg_cli.o)
 .text.node_id_status
                0x000000000000712a       0x4a D:\MESH\CH592EVT\EVT\EXAM\BLE\MESH\MESH_LIB\libMESH.a(mesh_cfg_cli.o)
 .text.reset_status
                0x0000000000007174       0x2c D:\MESH\CH592EVT\EVT\EXAM\BLE\MESH\MESH_LIB\libMESH.a(mesh_cfg_cli.o)
 .text.net_transmit
                0x00000000000071a0       0x36 D:\MESH\CH592EVT\EVT\EXAM\BLE\MESH\MESH_LIB\libMESH.a(mesh_cfg_cli.o)
 .text.lpn_polltimeout_status
                0x00000000000071d6       0x52 D:\MESH\CH592EVT\EVT\EXAM\BLE\MESH\MESH_LIB\libMESH.a(mesh_cfg_cli.o)
 .text.hb_pub_status
                0x0000000000007228       0x6e D:\MESH\CH592EVT\EVT\EXAM\BLE\MESH\MESH_LIB\libMESH.a(mesh_cfg_cli.o)
 .text.hb_sub_status
                0x0000000000007296       0x72 D:\MESH\CH592EVT\EVT\EXAM\BLE\MESH\MESH_LIB\libMESH.a(mesh_cfg_cli.o)
 .text.mod_sub_status.part.13
                0x0000000000007308       0x3e D:\MESH\CH592EVT\EVT\EXAM\BLE\MESH\MESH_LIB\libMESH.a(mesh_cfg_cli.o)
 .text.mod_sub_status
                0x0000000000007346       0x24 D:\MESH\CH592EVT\EVT\EXAM\BLE\MESH\MESH_LIB\libMESH.a(mesh_cfg_cli.o)
 .text.mod_pub_status
                0x000000000000736a       0x74 D:\MESH\CH592EVT\EVT\EXAM\BLE\MESH\MESH_LIB\libMESH.a(mesh_cfg_cli.o)
 .text.mod_app_status
                0x00000000000073de       0x26 D:\MESH\CH592EVT\EVT\EXAM\BLE\MESH\MESH_LIB\libMESH.a(mesh_cfg_cli.o)
 .text.net_key_status
                0x0000000000007404       0x3c D:\MESH\CH592EVT\EVT\EXAM\BLE\MESH\MESH_LIB\libMESH.a(mesh_cfg_cli.o)
 .text.relay_status
                0x0000000000007440       0x40 D:\MESH\CH592EVT\EVT\EXAM\BLE\MESH\MESH_LIB\libMESH.a(mesh_cfg_cli.o)
 .text.gatt_proxy_status.part.18
                0x0000000000007480       0x18 D:\MESH\CH592EVT\EVT\EXAM\BLE\MESH\MESH_LIB\libMESH.a(mesh_cfg_cli.o)
 .text.gatt_proxy_status
                0x0000000000007498       0x24 D:\MESH\CH592EVT\EVT\EXAM\BLE\MESH\MESH_LIB\libMESH.a(mesh_cfg_cli.o)
 .text.friend_status
                0x00000000000074bc       0x24 D:\MESH\CH592EVT\EVT\EXAM\BLE\MESH\MESH_LIB\libMESH.a(mesh_cfg_cli.o)
 .text.ttl_status
                0x00000000000074e0       0x24 D:\MESH\CH592EVT\EVT\EXAM\BLE\MESH\MESH_LIB\libMESH.a(mesh_cfg_cli.o)
 .text.beacon_status
                0x0000000000007504       0x24 D:\MESH\CH592EVT\EVT\EXAM\BLE\MESH\MESH_LIB\libMESH.a(mesh_cfg_cli.o)
 .text.comp_data_status
                0x0000000000007528       0x30 D:\MESH\CH592EVT\EVT\EXAM\BLE\MESH\MESH_LIB\libMESH.a(mesh_cfg_cli.o)
 .text.app_key_status
                0x0000000000007558       0x40 D:\MESH\CH592EVT\EVT\EXAM\BLE\MESH\MESH_LIB\libMESH.a(mesh_cfg_cli.o)
 .text.bt_mesh_cfg_app_key_add
                0x0000000000007598       0x14 D:\MESH\CH592EVT\EVT\EXAM\BLE\MESH\MESH_LIB\libMESH.a(mesh_cfg_cli.o)
                0x0000000000007598                bt_mesh_cfg_app_key_add
 .text.bt_mesh_cfg_mod_app_bind_vnd
                0x00000000000075ac       0x1a D:\MESH\CH592EVT\EVT\EXAM\BLE\MESH\MESH_LIB\libMESH.a(mesh_cfg_cli.o)
                0x00000000000075ac                bt_mesh_cfg_mod_app_bind_vnd
 .text.bt_mesh_cfg_mod_sub_add_vnd
                0x00000000000075c6       0x2a D:\MESH\CH592EVT\EVT\EXAM\BLE\MESH\MESH_LIB\libMESH.a(mesh_cfg_cli.o)
                0x00000000000075c6                bt_mesh_cfg_mod_sub_add_vnd
 .text.cfg_srv_recv
                0x00000000000075f0       0x1c D:\MESH\CH592EVT\EVT\EXAM\BLE\MESH\MESH_LIB\libMESH.a(mesh_cfg_srv.o)
 .text.send_krp_status
                0x000000000000760c       0x5a D:\MESH\CH592EVT\EVT\EXAM\BLE\MESH\MESH_LIB\libMESH.a(mesh_cfg_srv.o)
 .text.send_friend_status
                0x0000000000007666       0x44 D:\MESH\CH592EVT\EVT\EXAM\BLE\MESH\MESH_LIB\libMESH.a(mesh_cfg_srv.o)
 .text.friend_get
                0x00000000000076aa       0x18 D:\MESH\CH592EVT\EVT\EXAM\BLE\MESH\MESH_LIB\libMESH.a(mesh_cfg_srv.o)
 .text.send_net_key_status
                0x00000000000076c2       0x50 D:\MESH\CH592EVT\EVT\EXAM\BLE\MESH\MESH_LIB\libMESH.a(mesh_cfg_srv.o)
 .text.krp_get  0x0000000000007712       0x46 D:\MESH\CH592EVT\EVT\EXAM\BLE\MESH\MESH_LIB\libMESH.a(mesh_cfg_srv.o)
 .text.node_identity_get
                0x0000000000007758       0x82 D:\MESH\CH592EVT\EVT\EXAM\BLE\MESH\MESH_LIB\libMESH.a(mesh_cfg_srv.o)
 .text.hb_pub_send_status
                0x00000000000077da       0xbc D:\MESH\CH592EVT\EVT\EXAM\BLE\MESH\MESH_LIB\libMESH.a(mesh_cfg_srv.o)
 .text.heartbeat_pub_get
                0x0000000000007896       0x1c D:\MESH\CH592EVT\EVT\EXAM\BLE\MESH\MESH_LIB\libMESH.a(mesh_cfg_srv.o)
 .text.send_mod_sub_status
                0x00000000000078b2       0x8e D:\MESH\CH592EVT\EVT\EXAM\BLE\MESH\MESH_LIB\libMESH.a(mesh_cfg_srv.o)
 .text.krp_set  0x0000000000007940       0xde D:\MESH\CH592EVT\EVT\EXAM\BLE\MESH\MESH_LIB\libMESH.a(mesh_cfg_srv.o)
 .text.lpn_timeout_get
                0x0000000000007a1e       0xb2 D:\MESH\CH592EVT\EVT\EXAM\BLE\MESH\MESH_LIB\libMESH.a(mesh_cfg_srv.o)
 .text.node_reset
                0x0000000000007ad0       0x56 D:\MESH\CH592EVT\EVT\EXAM\BLE\MESH\MESH_LIB\libMESH.a(mesh_cfg_srv.o)
 .text.app_key_is_valid
                0x0000000000007b26       0x48 D:\MESH\CH592EVT\EVT\EXAM\BLE\MESH\MESH_LIB\libMESH.a(mesh_cfg_srv.o)
 .text.va_find  0x0000000000007b6e       0x58 D:\MESH\CH592EVT\EVT\EXAM\BLE\MESH\MESH_LIB\libMESH.a(mesh_cfg_srv.o)
 .text.node_identity_set
                0x0000000000007bc6       0xcc D:\MESH\CH592EVT\EVT\EXAM\BLE\MESH\MESH_LIB\libMESH.a(mesh_cfg_srv.o)
 .text.net_key_update
                0x0000000000007c92       0xe0 D:\MESH\CH592EVT\EVT\EXAM\BLE\MESH\MESH_LIB\libMESH.a(mesh_cfg_srv.o)
 .text.net_key_add
                0x0000000000007d72       0xee D:\MESH\CH592EVT\EVT\EXAM\BLE\MESH\MESH_LIB\libMESH.a(mesh_cfg_srv.o)
 .text.mod_sub_get_vnd
                0x0000000000007e60      0x13a D:\MESH\CH592EVT\EVT\EXAM\BLE\MESH\MESH_LIB\libMESH.a(mesh_cfg_srv.o)
 .text.mod_sub_get
                0x0000000000007f9a      0x118 D:\MESH\CH592EVT\EVT\EXAM\BLE\MESH\MESH_LIB\libMESH.a(mesh_cfg_srv.o)
 .text.cfg_srv_init
                0x00000000000080b2       0xba D:\MESH\CH592EVT\EVT\EXAM\BLE\MESH\MESH_LIB\libMESH.a(mesh_cfg_srv.o)
 .text.hb_publish
                0x000000000000816c       0x30 D:\MESH\CH592EVT\EVT\EXAM\BLE\MESH\MESH_LIB\libMESH.a(mesh_cfg_srv.o)
 .text.create_mod_app_status.isra.3
                0x000000000000819c       0x6e D:\MESH\CH592EVT\EVT\EXAM\BLE\MESH\MESH_LIB\libMESH.a(mesh_cfg_srv.o)
 .text.friend_set
                0x000000000000820a       0x7c D:\MESH\CH592EVT\EVT\EXAM\BLE\MESH\MESH_LIB\libMESH.a(mesh_cfg_srv.o)
 .text.get_model
                0x0000000000008286       0x4c D:\MESH\CH592EVT\EVT\EXAM\BLE\MESH\MESH_LIB\libMESH.a(mesh_cfg_srv.o)
 .text.mod_app_get
                0x00000000000082d2      0x134 D:\MESH\CH592EVT\EVT\EXAM\BLE\MESH\MESH_LIB\libMESH.a(mesh_cfg_srv.o)
 .text.mod_app_bind
                0x0000000000008406      0x10a D:\MESH\CH592EVT\EVT\EXAM\BLE\MESH\MESH_LIB\libMESH.a(mesh_cfg_srv.o)
 .text.mod_sub_del
                0x0000000000008510       0xd8 D:\MESH\CH592EVT\EVT\EXAM\BLE\MESH\MESH_LIB\libMESH.a(mesh_cfg_srv.o)
 .text.mod_sub_add
                0x00000000000085e8       0xf0 D:\MESH\CH592EVT\EVT\EXAM\BLE\MESH\MESH_LIB\libMESH.a(mesh_cfg_srv.o)
 .text.send_mod_pub_status.isra.8
                0x00000000000086d8       0xde D:\MESH\CH592EVT\EVT\EXAM\BLE\MESH\MESH_LIB\libMESH.a(mesh_cfg_srv.o)
 .text.mod_pub_get
                0x00000000000087b6       0x80 D:\MESH\CH592EVT\EVT\EXAM\BLE\MESH\MESH_LIB\libMESH.a(mesh_cfg_srv.o)
 .text.dev_comp_data_get
                0x0000000000008836      0x164 D:\MESH\CH592EVT\EVT\EXAM\BLE\MESH\MESH_LIB\libMESH.a(mesh_cfg_srv.o)
 .text.va_store
                0x000000000000899a       0x14 D:\MESH\CH592EVT\EVT\EXAM\BLE\MESH\MESH_LIB\libMESH.a(mesh_cfg_srv.o)
 .text.va_del   0x00000000000089ae       0x36 D:\MESH\CH592EVT\EVT\EXAM\BLE\MESH\MESH_LIB\libMESH.a(mesh_cfg_srv.o)
 .text.mod_sub_va_del
                0x00000000000089e4       0xe0 D:\MESH\CH592EVT\EVT\EXAM\BLE\MESH\MESH_LIB\libMESH.a(mesh_cfg_srv.o)
 .text.va_add   0x0000000000008ac4       0x60 D:\MESH\CH592EVT\EVT\EXAM\BLE\MESH\MESH_LIB\libMESH.a(mesh_cfg_srv.o)
 .text.mod_sub_va_add
                0x0000000000008b24      0x102 D:\MESH\CH592EVT\EVT\EXAM\BLE\MESH\MESH_LIB\libMESH.a(mesh_cfg_srv.o)
 .text.hb_pwr2.constprop.15
                0x0000000000008c26       0x2a D:\MESH\CH592EVT\EVT\EXAM\BLE\MESH\MESH_LIB\libMESH.a(mesh_cfg_srv.o)
 .text.hb_start
                0x0000000000008c50       0x48 D:\MESH\CH592EVT\EVT\EXAM\BLE\MESH\MESH_LIB\libMESH.a(mesh_cfg_srv.o)
 .text.heartbeat_pub_set
                0x0000000000008c98      0x12c D:\MESH\CH592EVT\EVT\EXAM\BLE\MESH\MESH_LIB\libMESH.a(mesh_cfg_srv.o)
 .text.hb_sub_send_status.constprop.13
                0x0000000000008dc4       0xde D:\MESH\CH592EVT\EVT\EXAM\BLE\MESH\MESH_LIB\libMESH.a(mesh_cfg_srv.o)
 .text.heartbeat_sub_get
                0x0000000000008ea2       0x18 D:\MESH\CH592EVT\EVT\EXAM\BLE\MESH\MESH_LIB\libMESH.a(mesh_cfg_srv.o)
 .text.heartbeat_sub_set
                0x0000000000008eba      0x100 D:\MESH\CH592EVT\EVT\EXAM\BLE\MESH\MESH_LIB\libMESH.a(mesh_cfg_srv.o)
 .text._set_mesh_configserver_buf
                0x0000000000008fba       0x28 D:\MESH\CH592EVT\EVT\EXAM\BLE\MESH\MESH_LIB\libMESH.a(mesh_cfg_srv.o)
                0x0000000000008fba                _set_mesh_configserver_buf
 .text.bt_mesh_relay_init
                0x0000000000008fe2        0xc D:\MESH\CH592EVT\EVT\EXAM\BLE\MESH\MESH_LIB\libMESH.a(mesh_cfg_srv.o)
                0x0000000000008fe2                bt_mesh_relay_init
 .text.bt_mesh_heartbeat
                0x0000000000008fee       0x74 D:\MESH\CH592EVT\EVT\EXAM\BLE\MESH\MESH_LIB\libMESH.a(mesh_cfg_srv.o)
                0x0000000000008fee                bt_mesh_heartbeat
 .text.bt_mesh_net_transmit_get
                0x0000000000009062       0x14 D:\MESH\CH592EVT\EVT\EXAM\BLE\MESH\MESH_LIB\libMESH.a(mesh_cfg_srv.o)
                0x0000000000009062                bt_mesh_net_transmit_get
 .text.net_transmit_set
                0x0000000000009076       0x70 D:\MESH\CH592EVT\EVT\EXAM\BLE\MESH\MESH_LIB\libMESH.a(mesh_cfg_srv.o)
 .text.net_transmit_get
                0x00000000000090e6       0x50 D:\MESH\CH592EVT\EVT\EXAM\BLE\MESH\MESH_LIB\libMESH.a(mesh_cfg_srv.o)
 .text.bt_mesh_relay_get
                0x0000000000009136       0x14 D:\MESH\CH592EVT\EVT\EXAM\BLE\MESH\MESH_LIB\libMESH.a(mesh_cfg_srv.o)
                0x0000000000009136                bt_mesh_relay_get
 .text.bt_mesh_friend_get
                0x000000000000914a       0x14 D:\MESH\CH592EVT\EVT\EXAM\BLE\MESH\MESH_LIB\libMESH.a(mesh_cfg_srv.o)
                0x000000000000914a                bt_mesh_friend_get
 .text.bt_mesh_relay_retransmit_get
                0x000000000000915e       0x14 D:\MESH\CH592EVT\EVT\EXAM\BLE\MESH\MESH_LIB\libMESH.a(mesh_cfg_srv.o)
                0x000000000000915e                bt_mesh_relay_retransmit_get
 .text.relay_set
                0x0000000000009172       0xae D:\MESH\CH592EVT\EVT\EXAM\BLE\MESH\MESH_LIB\libMESH.a(mesh_cfg_srv.o)
 .text.relay_get
                0x0000000000009220       0x5c D:\MESH\CH592EVT\EVT\EXAM\BLE\MESH\MESH_LIB\libMESH.a(mesh_cfg_srv.o)
 .text.bt_mesh_beacon_get
                0x000000000000927c       0x14 D:\MESH\CH592EVT\EVT\EXAM\BLE\MESH\MESH_LIB\libMESH.a(mesh_cfg_srv.o)
                0x000000000000927c                bt_mesh_beacon_get
 .text.beacon_set
                0x0000000000009290       0x8c D:\MESH\CH592EVT\EVT\EXAM\BLE\MESH\MESH_LIB\libMESH.a(mesh_cfg_srv.o)
 .text.beacon_get
                0x000000000000931c       0x4e D:\MESH\CH592EVT\EVT\EXAM\BLE\MESH\MESH_LIB\libMESH.a(mesh_cfg_srv.o)
 .text.bt_mesh_gatt_proxy_get
                0x000000000000936a       0x14 D:\MESH\CH592EVT\EVT\EXAM\BLE\MESH\MESH_LIB\libMESH.a(mesh_cfg_srv.o)
                0x000000000000936a                bt_mesh_gatt_proxy_get
 .text.send_gatt_proxy_status
                0x000000000000937e       0x42 D:\MESH\CH592EVT\EVT\EXAM\BLE\MESH\MESH_LIB\libMESH.a(mesh_cfg_srv.o)
 .text.gatt_proxy_get
                0x00000000000093c0       0x18 D:\MESH\CH592EVT\EVT\EXAM\BLE\MESH\MESH_LIB\libMESH.a(mesh_cfg_srv.o)
 .text.gatt_proxy_set
                0x00000000000093d8       0x7c D:\MESH\CH592EVT\EVT\EXAM\BLE\MESH\MESH_LIB\libMESH.a(mesh_cfg_srv.o)
 .text.bt_mesh_default_ttl_get
                0x0000000000009454       0x14 D:\MESH\CH592EVT\EVT\EXAM\BLE\MESH\MESH_LIB\libMESH.a(mesh_cfg_srv.o)
                0x0000000000009454                bt_mesh_default_ttl_get
 .text.default_ttl_set
                0x0000000000009468       0x86 D:\MESH\CH592EVT\EVT\EXAM\BLE\MESH\MESH_LIB\libMESH.a(mesh_cfg_srv.o)
 .text.default_ttl_get
                0x00000000000094ee       0x4e D:\MESH\CH592EVT\EVT\EXAM\BLE\MESH\MESH_LIB\libMESH.a(mesh_cfg_srv.o)
 .text.bt_mesh_label_uuid_get
                0x000000000000953c       0x3a D:\MESH\CH592EVT\EVT\EXAM\BLE\MESH\MESH_LIB\libMESH.a(mesh_cfg_srv.o)
                0x000000000000953c                bt_mesh_label_uuid_get
 .text._mod_pub_set
                0x0000000000009576      0x112 D:\MESH\CH592EVT\EVT\EXAM\BLE\MESH\MESH_LIB\libMESH.a(mesh_cfg_srv.o)
 .text.mod_unbind.part.11
                0x0000000000009688       0x66 D:\MESH\CH592EVT\EVT\EXAM\BLE\MESH\MESH_LIB\libMESH.a(mesh_cfg_srv.o)
 .text.mod_app_unbind
                0x00000000000096ee       0xc0 D:\MESH\CH592EVT\EVT\EXAM\BLE\MESH\MESH_LIB\libMESH.a(mesh_cfg_srv.o)
 .text._mod_unbind
                0x00000000000097ae       0x2c D:\MESH\CH592EVT\EVT\EXAM\BLE\MESH\MESH_LIB\libMESH.a(mesh_cfg_srv.o)
 .text.mod_pub_va_set
                0x00000000000097da       0xfe D:\MESH\CH592EVT\EVT\EXAM\BLE\MESH\MESH_LIB\libMESH.a(mesh_cfg_srv.o)
 .text.mod_pub_set
                0x00000000000098d8       0xdc D:\MESH\CH592EVT\EVT\EXAM\BLE\MESH\MESH_LIB\libMESH.a(mesh_cfg_srv.o)
 .text.mod_sub_list_clear.isra.12
                0x00000000000099b4       0x78 D:\MESH\CH592EVT\EVT\EXAM\BLE\MESH\MESH_LIB\libMESH.a(mesh_cfg_srv.o)
 .text.mod_sub_del_all
                0x0000000000009a2c       0xae D:\MESH\CH592EVT\EVT\EXAM\BLE\MESH\MESH_LIB\libMESH.a(mesh_cfg_srv.o)
 .text.mod_sub_va_overwrite
                0x0000000000009ada       0xf0 D:\MESH\CH592EVT\EVT\EXAM\BLE\MESH\MESH_LIB\libMESH.a(mesh_cfg_srv.o)
 .text.mod_sub_overwrite
                0x0000000000009bca       0xe8 D:\MESH\CH592EVT\EVT\EXAM\BLE\MESH\MESH_LIB\libMESH.a(mesh_cfg_srv.o)
 .text.mod_reset
                0x0000000000009cb2       0x32 D:\MESH\CH592EVT\EVT\EXAM\BLE\MESH\MESH_LIB\libMESH.a(mesh_cfg_srv.o)
 .text.bt_mesh_hb_pub_get
                0x0000000000009ce4       0x14 D:\MESH\CH592EVT\EVT\EXAM\BLE\MESH\MESH_LIB\libMESH.a(mesh_cfg_srv.o)
                0x0000000000009ce4                bt_mesh_hb_pub_get
 .text.bt_mesh_cfg_get
                0x0000000000009cf8        0xc D:\MESH\CH592EVT\EVT\EXAM\BLE\MESH\MESH_LIB\libMESH.a(mesh_cfg_srv.o)
                0x0000000000009cf8                bt_mesh_cfg_get
 .text.key_idx_pack
                0x0000000000009d04       0x2c D:\MESH\CH592EVT\EVT\EXAM\BLE\MESH\MESH_LIB\libMESH.a(mesh_cfg_srv.o)
                0x0000000000009d04                key_idx_pack
 .text.net_key_get
                0x0000000000009d30       0xa4 D:\MESH\CH592EVT\EVT\EXAM\BLE\MESH\MESH_LIB\libMESH.a(mesh_cfg_srv.o)
 .text.app_key_get
                0x0000000000009dd4       0xd4 D:\MESH\CH592EVT\EVT\EXAM\BLE\MESH\MESH_LIB\libMESH.a(mesh_cfg_srv.o)
 .text.key_idx_unpack
                0x0000000000009ea8       0x36 D:\MESH\CH592EVT\EVT\EXAM\BLE\MESH\MESH_LIB\libMESH.a(mesh_cfg_srv.o)
                0x0000000000009ea8                key_idx_unpack
 .text.bt_mesh_app_key_alloc
                0x0000000000009ede       0x3a D:\MESH\CH592EVT\EVT\EXAM\BLE\MESH\MESH_LIB\libMESH.a(mesh_cfg_srv.o)
                0x0000000000009ede                bt_mesh_app_key_alloc
 .text.app_key_set
                0x0000000000009f18       0xc4 D:\MESH\CH592EVT\EVT\EXAM\BLE\MESH\MESH_LIB\libMESH.a(mesh_cfg_srv.o)
 .text.app_key_update
                0x0000000000009fdc       0x88 D:\MESH\CH592EVT\EVT\EXAM\BLE\MESH\MESH_LIB\libMESH.a(mesh_cfg_srv.o)
 .text.app_key_add
                0x000000000000a064       0x86 D:\MESH\CH592EVT\EVT\EXAM\BLE\MESH\MESH_LIB\libMESH.a(mesh_cfg_srv.o)
 .text.get_label
                0x000000000000a0ea        0xc D:\MESH\CH592EVT\EVT\EXAM\BLE\MESH\MESH_LIB\libMESH.a(mesh_cfg_srv.o)
                0x000000000000a0ea                get_label
 .text.bt_mesh_app_key_del
                0x000000000000a0f6       0x46 D:\MESH\CH592EVT\EVT\EXAM\BLE\MESH\MESH_LIB\libMESH.a(mesh_cfg_srv.o)
                0x000000000000a0f6                bt_mesh_app_key_del
 .text.app_key_del
                0x000000000000a13c       0xa2 D:\MESH\CH592EVT\EVT\EXAM\BLE\MESH\MESH_LIB\libMESH.a(mesh_cfg_srv.o)
 .text.bt_mesh_subnet_del
                0x000000000000a1de       0xa0 D:\MESH\CH592EVT\EVT\EXAM\BLE\MESH\MESH_LIB\libMESH.a(mesh_cfg_srv.o)
                0x000000000000a1de                bt_mesh_subnet_del
 .text.net_key_del
                0x000000000000a27e       0x64 D:\MESH\CH592EVT\EVT\EXAM\BLE\MESH\MESH_LIB\libMESH.a(mesh_cfg_srv.o)
 .text.bt_mesh_cfg_reset
                0x000000000000a2e2       0x6c D:\MESH\CH592EVT\EVT\EXAM\BLE\MESH\MESH_LIB\libMESH.a(mesh_cfg_srv.o)
                0x000000000000a2e2                bt_mesh_cfg_reset
 .text.sys_put_be32
                0x000000000000a34e       0x22 D:\MESH\CH592EVT\EVT\EXAM\BLE\MESH\MESH_LIB\libMESH.a(mesh_crypto.o)
 .text.create_net_nonce
                0x000000000000a370       0x4e D:\MESH\CH592EVT\EVT\EXAM\BLE\MESH\MESH_LIB\libMESH.a(mesh_crypto.o)
 .text.uECC_RNG_CB
                0x000000000000a3be       0x64 D:\MESH\CH592EVT\EVT\EXAM\BLE\MESH\MESH_LIB\libMESH.a(mesh_crypto.o)
 .text._copy    0x000000000000a422       0x26 D:\MESH\CH592EVT\EVT\EXAM\BLE\MESH\MESH_LIB\libMESH.a(mesh_crypto.o)
                0x000000000000a422                _copy
 .text.gf_double
                0x000000000000a448       0x2e D:\MESH\CH592EVT\EVT\EXAM\BLE\MESH\MESH_LIB\libMESH.a(mesh_crypto.o)
                0x000000000000a448                gf_double
 .text.tc_aes_encrypt
                0x000000000000a476       0x16 D:\MESH\CH592EVT\EVT\EXAM\BLE\MESH\MESH_LIB\libMESH.a(mesh_crypto.o)
                0x000000000000a476                tc_aes_encrypt
 .text.tc_aes128_set_encrypt_key
                0x000000000000a48c       0x1e D:\MESH\CH592EVT\EVT\EXAM\BLE\MESH\MESH_LIB\libMESH.a(mesh_crypto.o)
                0x000000000000a48c                tc_aes128_set_encrypt_key
 .text.tc_cmac_init
                0x000000000000a4aa       0x32 D:\MESH\CH592EVT\EVT\EXAM\BLE\MESH\MESH_LIB\libMESH.a(mesh_crypto.o)
                0x000000000000a4aa                tc_cmac_init
 .text.tc_cmac_setup
                0x000000000000a4dc       0x60 D:\MESH\CH592EVT\EVT\EXAM\BLE\MESH\MESH_LIB\libMESH.a(mesh_crypto.o)
                0x000000000000a4dc                tc_cmac_setup
 .text.bt_mesh_rand
                0x000000000000a53c       0x64 D:\MESH\CH592EVT\EVT\EXAM\BLE\MESH\MESH_LIB\libMESH.a(mesh_crypto.o)
                0x000000000000a53c                bt_mesh_rand
 .text.tc_cmac_update
                0x000000000000a5a0       0xe0 D:\MESH\CH592EVT\EVT\EXAM\BLE\MESH\MESH_LIB\libMESH.a(mesh_crypto.o)
                0x000000000000a5a0                tc_cmac_update
 .text.tc_cmac_erase
                0x000000000000a680       0x1a D:\MESH\CH592EVT\EVT\EXAM\BLE\MESH\MESH_LIB\libMESH.a(mesh_crypto.o)
                0x000000000000a680                tc_cmac_erase
 .text.tc_cmac_final
                0x000000000000a69a       0x7c D:\MESH\CH592EVT\EVT\EXAM\BLE\MESH\MESH_LIB\libMESH.a(mesh_crypto.o)
                0x000000000000a69a                tc_cmac_final
 .text.bt_mesh_aes_cmac
                0x000000000000a716       0x42 D:\MESH\CH592EVT\EVT\EXAM\BLE\MESH\MESH_LIB\libMESH.a(mesh_crypto.o)
                0x000000000000a716                bt_mesh_aes_cmac
 .text.bt_mesh_aes_cmac_one
                0x000000000000a758       0x18 D:\MESH\CH592EVT\EVT\EXAM\BLE\MESH\MESH_LIB\libMESH.a(mesh_crypto.o)
 .text.bt_mesh_s1
                0x000000000000a770       0x2c D:\MESH\CH592EVT\EVT\EXAM\BLE\MESH\MESH_LIB\libMESH.a(mesh_crypto.o)
 .text.bt_mesh_beacon_auth
                0x000000000000a79c       0x4e D:\MESH\CH592EVT\EVT\EXAM\BLE\MESH\MESH_LIB\libMESH.a(mesh_crypto.o)
                0x000000000000a79c                bt_mesh_beacon_auth
 .text.bt_encrypt_be
                0x000000000000a7ea       0x2c D:\MESH\CH592EVT\EVT\EXAM\BLE\MESH\MESH_LIB\libMESH.a(mesh_crypto.o)
                0x000000000000a7ea                bt_encrypt_be
 .text.bt_mesh_ccm_encrypt
                0x000000000000a816      0x2b8 D:\MESH\CH592EVT\EVT\EXAM\BLE\MESH\MESH_LIB\libMESH.a(mesh_crypto.o)
 .text.bt_mesh_ccm_decrypt
                0x000000000000aace      0x2e0 D:\MESH\CH592EVT\EVT\EXAM\BLE\MESH\MESH_LIB\libMESH.a(mesh_crypto.o)
 .text.bt_mesh_net_obfuscate
                0x000000000000adae       0x5a D:\MESH\CH592EVT\EVT\EXAM\BLE\MESH\MESH_LIB\libMESH.a(mesh_crypto.o)
                0x000000000000adae                bt_mesh_net_obfuscate
 .text.bt_mesh_net_encrypt
                0x000000000000ae08       0xac D:\MESH\CH592EVT\EVT\EXAM\BLE\MESH\MESH_LIB\libMESH.a(mesh_crypto.o)
                0x000000000000ae08                bt_mesh_net_encrypt
 .text.bt_mesh_net_decrypt
                0x000000000000aeb4       0xa8 D:\MESH\CH592EVT\EVT\EXAM\BLE\MESH\MESH_LIB\libMESH.a(mesh_crypto.o)
                0x000000000000aeb4                bt_mesh_net_decrypt
 .text.bt_mesh_app_encrypt
                0x000000000000af5c       0x8a D:\MESH\CH592EVT\EVT\EXAM\BLE\MESH\MESH_LIB\libMESH.a(mesh_crypto.o)
                0x000000000000af5c                bt_mesh_app_encrypt
 .text.bt_mesh_app_decrypt
                0x000000000000afe6       0x8a D:\MESH\CH592EVT\EVT\EXAM\BLE\MESH\MESH_LIB\libMESH.a(mesh_crypto.o)
                0x000000000000afe6                bt_mesh_app_decrypt
 .text.bt_mesh_fcs_calc
                0x000000000000b070       0x2c D:\MESH\CH592EVT\EVT\EXAM\BLE\MESH\MESH_LIB\libMESH.a(mesh_crypto.o)
                0x000000000000b070                bt_mesh_fcs_calc
 .text.bt_mesh_fcs_check
                0x000000000000b09c       0x44 D:\MESH\CH592EVT\EVT\EXAM\BLE\MESH\MESH_LIB\libMESH.a(mesh_crypto.o)
                0x000000000000b09c                bt_mesh_fcs_check
 .text.bt_mesh_k1
                0x000000000000b0e0       0x30 D:\MESH\CH592EVT\EVT\EXAM\BLE\MESH\MESH_LIB\libMESH.a(mesh_crypto.o)
                0x000000000000b0e0                bt_mesh_k1
 .text.bt_mesh_k2
                0x000000000000b110       0xb8 D:\MESH\CH592EVT\EVT\EXAM\BLE\MESH\MESH_LIB\libMESH.a(mesh_crypto.o)
                0x000000000000b110                bt_mesh_k2
 .text.bt_mesh_k3
                0x000000000000b1c8       0x62 D:\MESH\CH592EVT\EVT\EXAM\BLE\MESH\MESH_LIB\libMESH.a(mesh_crypto.o)
                0x000000000000b1c8                bt_mesh_k3
 .text.bt_mesh_k4
                0x000000000000b22a       0x54 D:\MESH\CH592EVT\EVT\EXAM\BLE\MESH\MESH_LIB\libMESH.a(mesh_crypto.o)
                0x000000000000b22a                bt_mesh_k4
 .text.bt_mesh_prov_encrypt
                0x000000000000b27e       0x16 D:\MESH\CH592EVT\EVT\EXAM\BLE\MESH\MESH_LIB\libMESH.a(mesh_crypto.o)
                0x000000000000b27e                bt_mesh_prov_encrypt
 .text.bt_mesh_prov_decrypt
                0x000000000000b294       0x16 D:\MESH\CH592EVT\EVT\EXAM\BLE\MESH\MESH_LIB\libMESH.a(mesh_crypto.o)
                0x000000000000b294                bt_mesh_prov_decrypt
 .text.bt_mesh_id128
                0x000000000000b2aa       0x2e D:\MESH\CH592EVT\EVT\EXAM\BLE\MESH\MESH_LIB\libMESH.a(mesh_crypto.o)
                0x000000000000b2aa                bt_mesh_id128
 .text.bt_mesh_prov_conf
                0x000000000000b2d8       0x1e D:\MESH\CH592EVT\EVT\EXAM\BLE\MESH\MESH_LIB\libMESH.a(mesh_crypto.o)
                0x000000000000b2d8                bt_mesh_prov_conf
 .text.bt_mesh_prov_conf_salt
                0x000000000000b2f6       0x22 D:\MESH\CH592EVT\EVT\EXAM\BLE\MESH\MESH_LIB\libMESH.a(mesh_crypto.o)
                0x000000000000b2f6                bt_mesh_prov_conf_salt
 .text.bt_mesh_prov_conf_key
                0x000000000000b318       0x1c D:\MESH\CH592EVT\EVT\EXAM\BLE\MESH\MESH_LIB\libMESH.a(mesh_crypto.o)
                0x000000000000b318                bt_mesh_prov_conf_key
 .text.bt_mesh_prov_salt
                0x000000000000b334       0x2c D:\MESH\CH592EVT\EVT\EXAM\BLE\MESH\MESH_LIB\libMESH.a(mesh_crypto.o)
                0x000000000000b334                bt_mesh_prov_salt
 .text.bt_mesh_virtual_addr
                0x000000000000b360       0x46 D:\MESH\CH592EVT\EVT\EXAM\BLE\MESH\MESH_LIB\libMESH.a(mesh_crypto.o)
                0x000000000000b360                bt_mesh_virtual_addr
 .text.bt_mesh_pub_key_get_alt
                0x000000000000b3a6       0x3a D:\MESH\CH592EVT\EVT\EXAM\BLE\MESH\MESH_LIB\libMESH.a(mesh_crypto.o)
                0x000000000000b3a6                bt_mesh_pub_key_get_alt
 .text.bt_mesh_dh_key_gen_alt
                0x000000000000b3e0       0x32 D:\MESH\CH592EVT\EVT\EXAM\BLE\MESH\MESH_LIB\libMESH.a(mesh_crypto.o)
                0x000000000000b3e0                bt_mesh_dh_key_gen_alt
 .text.ble_sm_alg_ecc_init
                0x000000000000b412       0x20 D:\MESH\CH592EVT\EVT\EXAM\BLE\MESH\MESH_LIB\libMESH.a(mesh_crypto.o)
                0x000000000000b412                ble_sm_alg_ecc_init
 .text.friend_adv_alloc
                0x000000000000b432       0x18 D:\MESH\CH592EVT\EVT\EXAM\BLE\MESH\MESH_LIB\libMESH.a(mesh_friend.o)
 .text.purge_buffers
                0x000000000000b44a       0x2e D:\MESH\CH592EVT\EVT\EXAM\BLE\MESH\MESH_LIB\libMESH.a(mesh_friend.o)
 .text.friend_clear
                0x000000000000b478       0x96 D:\MESH\CH592EVT\EVT\EXAM\BLE\MESH\MESH_LIB\libMESH.a(mesh_friend.o)
 .text.friend_lpn_matches
                0x000000000000b50e       0x76 D:\MESH\CH592EVT\EVT\EXAM\BLE\MESH\MESH_LIB\libMESH.a(mesh_friend.o)
 .text.create_friend_pdu.isra.10
                0x000000000000b584       0x94 D:\MESH\CH592EVT\EVT\EXAM\BLE\MESH\MESH_LIB\libMESH.a(mesh_friend.o)
 .text.encode_friend_ctl.isra.12
                0x000000000000b618       0x56 D:\MESH\CH592EVT\EVT\EXAM\BLE\MESH\MESH_LIB\libMESH.a(mesh_friend.o)
 .text.is_seg   0x000000000000b66e       0x66 D:\MESH\CH592EVT\EVT\EXAM\BLE\MESH\MESH_LIB\libMESH.a(mesh_friend.o)
 .text.friend_queue_has_space.isra.5.part.6
                0x000000000000b6d4       0x5a D:\MESH\CH592EVT\EVT\EXAM\BLE\MESH\MESH_LIB\libMESH.a(mesh_friend.o)
 .text.enqueue_update.constprop.21
                0x000000000000b72e       0x9c D:\MESH\CH592EVT\EVT\EXAM\BLE\MESH\MESH_LIB\libMESH.a(mesh_friend.o)
 .text._set_mesh_friend_buf
                0x000000000000b7ca       0x98 D:\MESH\CH592EVT\EVT\EXAM\BLE\MESH\MESH_LIB\libMESH.a(mesh_friend.o)
                0x000000000000b7ca                _set_mesh_friend_buf
 .text.bt_mesh_friend_match
                0x000000000000b862       0x40 D:\MESH\CH592EVT\EVT\EXAM\BLE\MESH\MESH_LIB\libMESH.a(mesh_friend.o)
                0x000000000000b862                bt_mesh_friend_match
 .text.bt_mesh_friend_queue_has_space
                0x000000000000b8a2       0x68 D:\MESH\CH592EVT\EVT\EXAM\BLE\MESH\MESH_LIB\libMESH.a(mesh_friend.o)
                0x000000000000b8a2                bt_mesh_friend_queue_has_space
 .text.bt_mesh_friend_find
                0x000000000000b90a       0x7a D:\MESH\CH592EVT\EVT\EXAM\BLE\MESH\MESH_LIB\libMESH.a(mesh_friend.o)
                0x000000000000b90a                bt_mesh_friend_find
 .text.bt_mesh_friend_clear_net_idx
                0x000000000000b984       0x46 D:\MESH\CH592EVT\EVT\EXAM\BLE\MESH\MESH_LIB\libMESH.a(mesh_friend.o)
                0x000000000000b984                bt_mesh_friend_clear_net_idx
 .text.bt_mesh_friend_clear_incomplete
                0x000000000000b9ca       0x7e D:\MESH\CH592EVT\EVT\EXAM\BLE\MESH\MESH_LIB\libMESH.a(mesh_friend.o)
                0x000000000000b9ca                bt_mesh_friend_clear_incomplete
 .text.bt_mesh_friend_sec_update
                0x000000000000ba48       0xcc D:\MESH\CH592EVT\EVT\EXAM\BLE\MESH\MESH_LIB\libMESH.a(mesh_friend.o)
                0x000000000000ba48                bt_mesh_friend_sec_update
 .text.hal_rx_real
                0x000000000000bb14       0x32 D:\MESH\CH592EVT\EVT\EXAM\BLE\MESH\MESH_LIB\libMESH.a(mesh_hal_rf.o)
 .text.next_channel
                0x000000000000bb46       0x8a D:\MESH\CH592EVT\EVT\EXAM\BLE\MESH\MESH_LIB\libMESH.a(mesh_hal_rf.o)
 .text.rx_req_process
                0x000000000000bbd0       0x8a D:\MESH\CH592EVT\EVT\EXAM\BLE\MESH\MESH_LIB\libMESH.a(mesh_hal_rf.o)
 .text.hal_rf_ntf_cb
                0x000000000000bc5a       0xb6 D:\MESH\CH592EVT\EVT\EXAM\BLE\MESH\MESH_LIB\libMESH.a(mesh_hal_rf.o)
 .text.first_remove.part.3
                0x000000000000bd10       0x3e D:\MESH\CH592EVT\EVT\EXAM\BLE\MESH\MESH_LIB\libMESH.a(mesh_hal_rf.o)
 .text.tx_timeout_process
                0x000000000000bd4e       0x4a D:\MESH\CH592EVT\EVT\EXAM\BLE\MESH\MESH_LIB\libMESH.a(mesh_hal_rf.o)
 .text.hal_rf_set_rx_cb
                0x000000000000bd98        0xa D:\MESH\CH592EVT\EVT\EXAM\BLE\MESH\MESH_LIB\libMESH.a(mesh_hal_rf.o)
                0x000000000000bd98                hal_rf_set_rx_cb
 .text.tx_req_process
                0x000000000000bda2       0xd6 D:\MESH\CH592EVT\EVT\EXAM\BLE\MESH\MESH_LIB\libMESH.a(mesh_hal_rf.o)
 .text.rf_process_evt
                0x000000000000be78      0x1ee D:\MESH\CH592EVT\EVT\EXAM\BLE\MESH\MESH_LIB\libMESH.a(mesh_hal_rf.o)
 .text.hal_rf_init
                0x000000000000c066       0x8a D:\MESH\CH592EVT\EVT\EXAM\BLE\MESH\MESH_LIB\libMESH.a(mesh_hal_rf.o)
                0x000000000000c066                hal_rf_init
 .text.hal_rf_rx_start
                0x000000000000c0f0       0xaa D:\MESH\CH592EVT\EVT\EXAM\BLE\MESH\MESH_LIB\libMESH.a(mesh_hal_rf.o)
                0x000000000000c0f0                hal_rf_rx_start
 .text.hal_rf_rx_cancel
                0x000000000000c19a       0x58 D:\MESH\CH592EVT\EVT\EXAM\BLE\MESH\MESH_LIB\libMESH.a(mesh_hal_rf.o)
                0x000000000000c19a                hal_rf_rx_cancel
 .text.hal_rf_tx_send
                0x000000000000c1f2       0x64 D:\MESH\CH592EVT\EVT\EXAM\BLE\MESH\MESH_LIB\libMESH.a(mesh_hal_rf.o)
                0x000000000000c1f2                hal_rf_tx_send
 .text.cli_reset
                0x000000000000c256       0x20 D:\MESH\CH592EVT\EVT\EXAM\BLE\MESH\MESH_LIB\libMESH.a(mesh_health_cli.o)
 .text.cfg_rsp_recv
                0x000000000000c276       0x30 D:\MESH\CH592EVT\EVT\EXAM\BLE\MESH\MESH_LIB\libMESH.a(mesh_health_cli.o)
 .text.health_current_status
                0x000000000000c2a6       0x3c D:\MESH\CH592EVT\EVT\EXAM\BLE\MESH\MESH_LIB\libMESH.a(mesh_health_cli.o)
 .text.health_cli_init
                0x000000000000c2e2       0x38 D:\MESH\CH592EVT\EVT\EXAM\BLE\MESH\MESH_LIB\libMESH.a(mesh_health_cli.o)
 .text.sync_handler
                0x000000000000c31a       0x20 D:\MESH\CH592EVT\EVT\EXAM\BLE\MESH\MESH_LIB\libMESH.a(mesh_health_cli.o)
 .text.health_attention_status
                0x000000000000c33a       0x34 D:\MESH\CH592EVT\EVT\EXAM\BLE\MESH\MESH_LIB\libMESH.a(mesh_health_cli.o)
 .text.health_period_status
                0x000000000000c36e       0x36 D:\MESH\CH592EVT\EVT\EXAM\BLE\MESH\MESH_LIB\libMESH.a(mesh_health_cli.o)
 .text.health_fault_status
                0x000000000000c3a4       0x48 D:\MESH\CH592EVT\EVT\EXAM\BLE\MESH\MESH_LIB\libMESH.a(mesh_health_cli.o)
 .text.attention_off
                0x000000000000c3ec       0x20 D:\MESH\CH592EVT\EVT\EXAM\BLE\MESH\MESH_LIB\libMESH.a(mesh_health_srv.o)
 .text.health_period_set_unack
                0x000000000000c40c       0x28 D:\MESH\CH592EVT\EVT\EXAM\BLE\MESH\MESH_LIB\libMESH.a(mesh_health_srv.o)
 .text.send_attention_status
                0x000000000000c434       0x56 D:\MESH\CH592EVT\EVT\EXAM\BLE\MESH\MESH_LIB\libMESH.a(mesh_health_srv.o)
 .text.attention_get
                0x000000000000c48a        0xc D:\MESH\CH592EVT\EVT\EXAM\BLE\MESH\MESH_LIB\libMESH.a(mesh_health_srv.o)
 .text.send_health_period_status
                0x000000000000c496       0x46 D:\MESH\CH592EVT\EVT\EXAM\BLE\MESH\MESH_LIB\libMESH.a(mesh_health_srv.o)
 .text.health_period_set
                0x000000000000c4dc       0x18 D:\MESH\CH592EVT\EVT\EXAM\BLE\MESH\MESH_LIB\libMESH.a(mesh_health_srv.o)
 .text.health_period_get
                0x000000000000c4f4        0xc D:\MESH\CH592EVT\EVT\EXAM\BLE\MESH\MESH_LIB\libMESH.a(mesh_health_srv.o)
 .text.health_fault_test_unack
                0x000000000000c500       0x38 D:\MESH\CH592EVT\EVT\EXAM\BLE\MESH\MESH_LIB\libMESH.a(mesh_health_srv.o)
 .text.health_fault_clear_unack
                0x000000000000c538       0x22 D:\MESH\CH592EVT\EVT\EXAM\BLE\MESH\MESH_LIB\libMESH.a(mesh_health_srv.o)
 .text.health_get_registered
                0x000000000000c55a       0x76 D:\MESH\CH592EVT\EVT\EXAM\BLE\MESH\MESH_LIB\libMESH.a(mesh_health_srv.o)
 .text.health_fault_test
                0x000000000000c5d0       0x48 D:\MESH\CH592EVT\EVT\EXAM\BLE\MESH\MESH_LIB\libMESH.a(mesh_health_srv.o)
 .text.health_fault_clear
                0x000000000000c618       0x50 D:\MESH\CH592EVT\EVT\EXAM\BLE\MESH\MESH_LIB\libMESH.a(mesh_health_srv.o)
 .text.health_fault_get
                0x000000000000c668       0x42 D:\MESH\CH592EVT\EVT\EXAM\BLE\MESH\MESH_LIB\libMESH.a(mesh_health_srv.o)
 .text.health_srv_init
                0x000000000000c6aa       0x50 D:\MESH\CH592EVT\EVT\EXAM\BLE\MESH\MESH_LIB\libMESH.a(mesh_health_srv.o)
 .text.health_pub_update
                0x000000000000c6fa       0xbc D:\MESH\CH592EVT\EVT\EXAM\BLE\MESH\MESH_LIB\libMESH.a(mesh_health_srv.o)
 .text.bt_mesh_attention
                0x000000000000c7b6       0x5c D:\MESH\CH592EVT\EVT\EXAM\BLE\MESH\MESH_LIB\libMESH.a(mesh_health_srv.o)
                0x000000000000c7b6                bt_mesh_attention
 .text.attention_set_unack
                0x000000000000c812       0x18 D:\MESH\CH592EVT\EVT\EXAM\BLE\MESH\MESH_LIB\libMESH.a(mesh_health_srv.o)
 .text.attention_set
                0x000000000000c82a       0x18 D:\MESH\CH592EVT\EVT\EXAM\BLE\MESH\MESH_LIB\libMESH.a(mesh_health_srv.o)
 .text.bt_mesh_atomic_test_bit
                0x000000000000c842        0xa D:\MESH\CH592EVT\EVT\EXAM\BLE\MESH\MESH_LIB\libMESH.a(mesh_lpn.o)
 .text.send_friend_poll
                0x000000000000c84c       0xba D:\MESH\CH592EVT\EVT\EXAM\BLE\MESH\MESH_LIB\libMESH.a(mesh_lpn.o)
 .text.sub_update
                0x000000000000c906      0x17e D:\MESH\CH592EVT\EVT\EXAM\BLE\MESH\MESH_LIB\libMESH.a(mesh_lpn.o)
 .text.clear_friendship
                0x000000000000ca84      0x1a2 D:\MESH\CH592EVT\EVT\EXAM\BLE\MESH\MESH_LIB\libMESH.a(mesh_lpn.o)
 .text.req_sent
                0x000000000000cc26       0x74 D:\MESH\CH592EVT\EVT\EXAM\BLE\MESH\MESH_LIB\libMESH.a(mesh_lpn.o)
 .text.friend_clear_sent
                0x000000000000cc9a       0x58 D:\MESH\CH592EVT\EVT\EXAM\BLE\MESH\MESH_LIB\libMESH.a(mesh_lpn.o)
 .text.friend_response_received.constprop.5
                0x000000000000ccf2       0x6c D:\MESH\CH592EVT\EVT\EXAM\BLE\MESH\MESH_LIB\libMESH.a(mesh_lpn.o)
 .text.bt_mesh_lpn_poll
                0x000000000000cd5e       0x1c D:\MESH\CH592EVT\EVT\EXAM\BLE\MESH\MESH_LIB\libMESH.a(mesh_lpn.o)
                0x000000000000cd5e                bt_mesh_lpn_poll
 .text.bt_mesh_lpn_disable
                0x000000000000cd7a       0x1c D:\MESH\CH592EVT\EVT\EXAM\BLE\MESH\MESH_LIB\libMESH.a(mesh_lpn.o)
                0x000000000000cd7a                bt_mesh_lpn_disable
 .text.bt_mesh_lpn_group_add
                0x000000000000cd96       0x7a D:\MESH\CH592EVT\EVT\EXAM\BLE\MESH\MESH_LIB\libMESH.a(mesh_lpn.o)
                0x000000000000cd96                bt_mesh_lpn_group_add
 .text.bt_mesh_lpn_group_del
                0x000000000000ce10       0xac D:\MESH\CH592EVT\EVT\EXAM\BLE\MESH\MESH_LIB\libMESH.a(mesh_lpn.o)
                0x000000000000ce10                bt_mesh_lpn_group_del
 .text.bt_mesh_lpn_msg_received
                0x000000000000cebc       0x20 D:\MESH\CH592EVT\EVT\EXAM\BLE\MESH\MESH_LIB\libMESH.a(mesh_lpn.o)
                0x000000000000cebc                bt_mesh_lpn_msg_received
 .text.get_lsb_set
                0x000000000000cedc       0x24 D:\MESH\CH592EVT\EVT\EXAM\BLE\MESH\MESH_LIB\libMESH.a(mesh_mem.o)
                0x000000000000cedc                get_lsb_set
 .text.get_msb_set
                0x000000000000cf00       0x22 D:\MESH\CH592EVT\EVT\EXAM\BLE\MESH\MESH_LIB\libMESH.a(mesh_mem.o)
                0x000000000000cf00                get_msb_set
 .text.n_malloc
                0x000000000000cf22       0xa2 D:\MESH\CH592EVT\EVT\EXAM\BLE\MESH\MESH_LIB\libMESH.a(mesh_mem.o)
                0x000000000000cf22                n_malloc
 .text.mesh_mem_init
                0x000000000000cfc4       0x1e D:\MESH\CH592EVT\EVT\EXAM\BLE\MESH\MESH_LIB\libMESH.a(mesh_mem.o)
                0x000000000000cfc4                mesh_mem_init
 .text.bt_mesh_subnet_get.part.2
                0x000000000000cfe2       0x38 D:\MESH\CH592EVT\EVT\EXAM\BLE\MESH\MESH_LIB\libMESH.a(mesh_net.o)
 .text.net_decrypt.isra.1
                0x000000000000d01a      0x138 D:\MESH\CH592EVT\EVT\EXAM\BLE\MESH\MESH_LIB\libMESH.a(mesh_net.o)
 .text._set_mesh_net_buf
                0x000000000000d152      0x144 D:\MESH\CH592EVT\EVT\EXAM\BLE\MESH\MESH_LIB\libMESH.a(mesh_net.o)
                0x000000000000d152                _set_mesh_net_buf
 .text.bt_mesh_is_provisioned
                0x000000000000d296        0xe D:\MESH\CH592EVT\EVT\EXAM\BLE\MESH\MESH_LIB\libMESH.a(mesh_net.o)
                0x000000000000d296                bt_mesh_is_provisioned
 .text.bt_mesh_subnet_get
                0x000000000000d2a4       0x22 D:\MESH\CH592EVT\EVT\EXAM\BLE\MESH\MESH_LIB\libMESH.a(mesh_net.o)
                0x000000000000d2a4                bt_mesh_subnet_get
 .text.bt_mesh_net_flags
                0x000000000000d2c6       0x24 D:\MESH\CH592EVT\EVT\EXAM\BLE\MESH\MESH_LIB\libMESH.a(mesh_net.o)
                0x000000000000d2c6                bt_mesh_net_flags
 .text.bt_mesh_net_beacon_update
                0x000000000000d2ea       0x38 D:\MESH\CH592EVT\EVT\EXAM\BLE\MESH\MESH_LIB\libMESH.a(mesh_net.o)
                0x000000000000d2ea                bt_mesh_net_beacon_update
 .text.bt_mesh_net_iv_update
                0x000000000000d322      0x176 D:\MESH\CH592EVT\EVT\EXAM\BLE\MESH\MESH_LIB\libMESH.a(mesh_net.o)
                0x000000000000d322                bt_mesh_net_iv_update
 .text.ivu_refresh
                0x000000000000d498       0x7a D:\MESH\CH592EVT\EVT\EXAM\BLE\MESH\MESH_LIB\libMESH.a(mesh_net.o)
 .text.bt_mesh_net_revoke_keys
                0x000000000000d512       0x88 D:\MESH\CH592EVT\EVT\EXAM\BLE\MESH\MESH_LIB\libMESH.a(mesh_net.o)
                0x000000000000d512                bt_mesh_net_revoke_keys
 .text.bt_mesh_net_sec_update
                0x000000000000d59a       0x42 D:\MESH\CH592EVT\EVT\EXAM\BLE\MESH\MESH_LIB\libMESH.a(mesh_net.o)
                0x000000000000d59a                bt_mesh_net_sec_update
 .text.bt_mesh_next_seq
                0x000000000000d5dc       0x58 D:\MESH\CH592EVT\EVT\EXAM\BLE\MESH\MESH_LIB\libMESH.a(mesh_net.o)
                0x000000000000d5dc                bt_mesh_next_seq
 .text.bt_mesh_msg_cache_clear
                0x000000000000d634       0x52 D:\MESH\CH592EVT\EVT\EXAM\BLE\MESH\MESH_LIB\libMESH.a(mesh_net.o)
                0x000000000000d634                bt_mesh_msg_cache_clear
 .text.bt_mesh_net_decode
                0x000000000000d686      0x31a D:\MESH\CH592EVT\EVT\EXAM\BLE\MESH\MESH_LIB\libMESH.a(mesh_net.o)
                0x000000000000d686                bt_mesh_net_decode
 .text.bt_mesh_net_recv
                0x000000000000d9a0      0x2b4 D:\MESH\CH592EVT\EVT\EXAM\BLE\MESH\MESH_LIB\libMESH.a(mesh_net.o)
                0x000000000000d9a0                bt_mesh_net_recv
 .text.bt_mesh_net_local
                0x000000000000dc54       0x2e D:\MESH\CH592EVT\EVT\EXAM\BLE\MESH\MESH_LIB\libMESH.a(mesh_net.o)
 .text.bt_mesh_net_keys_create
                0x000000000000dc82       0x7e D:\MESH\CH592EVT\EVT\EXAM\BLE\MESH\MESH_LIB\libMESH.a(mesh_net.o)
                0x000000000000dc82                bt_mesh_net_keys_create
 .text.bt_mesh_net_create
                0x000000000000dd00       0xba D:\MESH\CH592EVT\EVT\EXAM\BLE\MESH\MESH_LIB\libMESH.a(mesh_net.o)
                0x000000000000dd00                bt_mesh_net_create
 .text.friend_cred_clear
                0x000000000000ddba       0x26 D:\MESH\CH592EVT\EVT\EXAM\BLE\MESH\MESH_LIB\libMESH.a(mesh_net.o)
                0x000000000000ddba                friend_cred_clear
 .text.friend_cred_del
                0x000000000000dde0       0x50 D:\MESH\CH592EVT\EVT\EXAM\BLE\MESH\MESH_LIB\libMESH.a(mesh_net.o)
                0x000000000000dde0                friend_cred_del
 .text.friend_cred_set
                0x000000000000de30       0xa0 D:\MESH\CH592EVT\EVT\EXAM\BLE\MESH\MESH_LIB\libMESH.a(mesh_net.o)
                0x000000000000de30                friend_cred_set
 .text.friend_cred_get
                0x000000000000ded0       0xa0 D:\MESH\CH592EVT\EVT\EXAM\BLE\MESH\MESH_LIB\libMESH.a(mesh_net.o)
                0x000000000000ded0                friend_cred_get
 .text.bt_mesh_net_encode
                0x000000000000df70      0x16a D:\MESH\CH592EVT\EVT\EXAM\BLE\MESH\MESH_LIB\libMESH.a(mesh_net.o)
                0x000000000000df70                bt_mesh_net_encode
 .text.bt_mesh_net_send
                0x000000000000e0da      0x100 D:\MESH\CH592EVT\EVT\EXAM\BLE\MESH\MESH_LIB\libMESH.a(mesh_net.o)
                0x000000000000e0da                bt_mesh_net_send
 .text.friend_cred_update
                0x000000000000e1da       0x52 D:\MESH\CH592EVT\EVT\EXAM\BLE\MESH\MESH_LIB\libMESH.a(mesh_net.o)
                0x000000000000e1da                friend_cred_update
 .text.friend_cred_refresh
                0x000000000000e22c       0x4a D:\MESH\CH592EVT\EVT\EXAM\BLE\MESH\MESH_LIB\libMESH.a(mesh_net.o)