Archive member included to satisfy reference by file (symbol)

D:\MESH\CH592EVT\EVT\EXAM\SRC\StdPeriphDriver\libISP592.a(ISP583.o)
                              ./StdPeriphDriver/CH59x_flash.o (FLASH_EEPROM_CMD)
D:\MESH\CH592EVT\EVT\EXAM\BLE\MESH\MESH_LIB\libMESH.a(mesh_access.o)
                              ./APP/app_vendor_model_cli.o (bt_mesh_model_msg_init)
D:\MESH\CH592EVT\EVT\EXAM\BLE\MESH\MESH_LIB\libMESH.a(mesh_adapt.o)
                              D:\MESH\CH592EVT\EVT\EXAM\BLE\MESH\MESH_LIB\libMESH.a(mesh_access.o) (k_uptime_get_32)
D:\MESH\CH592EVT\EVT\EXAM\BLE\MESH\MESH_LIB\libMESH.a(mesh_adv.o)
                              D:\MESH\CH592EVT\EVT\EXAM\BLE\MESH\MESH_LIB\libMESH.a(mesh_adapt.o) (adv_conn_set_state)
D:\MESH\CH592EVT\EVT\EXAM\BLE\MESH\MESH_LIB\libMESH.a(mesh_api.o)
                              D:\MESH\CH592EVT\EVT\EXAM\BLE\MESH\MESH_LIB\libMESH.a(mesh_adv.o) (adv_buf_count_get)
D:\MESH\CH592EVT\EVT\EXAM\BLE\MESH\MESH_LIB\libMESH.a(mesh_beacon.o)
                              D:\MESH\CH592EVT\EVT\EXAM\BLE\MESH\MESH_LIB\libMESH.a(mesh_adv.o) (bt_mesh_beacon_recv)
D:\MESH\CH592EVT\EVT\EXAM\BLE\MESH\MESH_LIB\libMESH.a(mesh_buf.o)
                              D:\MESH\CH592EVT\EVT\EXAM\BLE\MESH\MESH_LIB\libMESH.a(mesh_beacon.o) (net_buf_simple_pull_mem)
D:\MESH\CH592EVT\EVT\EXAM\BLE\MESH\MESH_LIB\libMESH.a(mesh_cfg_cli.o)
                              ./APP/app.o (bt_mesh_cfg_app_key_add)
D:\MESH\CH592EVT\EVT\EXAM\BLE\MESH\MESH_LIB\libMESH.a(mesh_cfg_srv.o)
                              D:\MESH\CH592EVT\EVT\EXAM\BLE\MESH\MESH_LIB\libMESH.a(mesh_api.o) (_set_mesh_configserver_buf)
D:\MESH\CH592EVT\EVT\EXAM\BLE\MESH\MESH_LIB\libMESH.a(mesh_crypto.o)
                              D:\MESH\CH592EVT\EVT\EXAM\BLE\MESH\MESH_LIB\libMESH.a(mesh_beacon.o) (bt_mesh_aes_cmac)
D:\MESH\CH592EVT\EVT\EXAM\BLE\MESH\MESH_LIB\libMESH.a(mesh_friend.o)
                              D:\MESH\CH592EVT\EVT\EXAM\BLE\MESH\MESH_LIB\libMESH.a(mesh_api.o) (_set_mesh_friend_buf)
D:\MESH\CH592EVT\EVT\EXAM\BLE\MESH\MESH_LIB\libMESH.a(mesh_hal_rf.o)
                              D:\MESH\CH592EVT\EVT\EXAM\BLE\MESH\MESH_LIB\libMESH.a(mesh_adapt.o) (hal_rf_set_rx_cb)
D:\MESH\CH592EVT\EVT\EXAM\BLE\MESH\MESH_LIB\libMESH.a(mesh_health_cli.o)
                              D:\MESH\CH592EVT\EVT\EXAM\BLE\MESH\MESH_LIB\libMESH.a(mesh_access.o) (bt_mesh_health_cli_cb)
D:\MESH\CH592EVT\EVT\EXAM\BLE\MESH\MESH_LIB\libMESH.a(mesh_health_srv.o)
                              ./APP/app.o (bt_mesh_health_mod_srv_cb)
D:\MESH\CH592EVT\EVT\EXAM\BLE\MESH\MESH_LIB\libMESH.a(mesh_lpn.o)
                              D:\MESH\CH592EVT\EVT\EXAM\BLE\MESH\MESH_LIB\libMESH.a(mesh_api.o) (bt_mesh_lpn_disable)
D:\MESH\CH592EVT\EVT\EXAM\BLE\MESH\MESH_LIB\libMESH.a(mesh_mem.o)
                              D:\MESH\CH592EVT\EVT\EXAM\BLE\MESH\MESH_LIB\libMESH.a(mesh_cfg_srv.o) (get_msb_set)
D:\MESH\CH592EVT\EVT\EXAM\BLE\MESH\MESH_LIB\libMESH.a(mesh_net.o)
                              D:\MESH\CH592EVT\EVT\EXAM\BLE\MESH\MESH_LIB\libMESH.a(mesh_api.o) (_set_mesh_net_buf)
D:\MESH\CH592EVT\EVT\EXAM\BLE\MESH\MESH_LIB\libMESH.a(mesh_nvs.o)
                              D:\MESH\CH592EVT\EVT\EXAM\BLE\MESH\MESH_LIB\libMESH.a(mesh_api.o) (_set_mesh_settings_buf)
D:\MESH\CH592EVT\EVT\EXAM\BLE\MESH\MESH_LIB\libMESH.a(mesh_prov.o)
                              D:\MESH\CH592EVT\EVT\EXAM\BLE\MESH\MESH_LIB\libMESH.a(mesh_nvs.o) (bt_mesh_node_alloc)
D:\MESH\CH592EVT\EVT\EXAM\BLE\MESH\MESH_LIB\libMESH.a(mesh_proxy.o)
                              D:\MESH\CH592EVT\EVT\EXAM\BLE\MESH\MESH_LIB\libMESH.a(mesh_api.o) (_set_mesh_proxy_buf)
D:\MESH\CH592EVT\EVT\EXAM\BLE\MESH\MESH_LIB\libMESH.a(mesh_transport.o)
                              D:\MESH\CH592EVT\EVT\EXAM\BLE\MESH\MESH_LIB\libMESH.a(mesh_api.o) (_set_mesh_transport_buf)
D:\MESH\CH592EVT\EVT\EXAM\BLE\MESH\MESH_LIB\libMESH.a(mesh_work_process.o)
                              D:\MESH\CH592EVT\EVT\EXAM\BLE\MESH\MESH_LIB\libMESH.a(mesh_net.o) (k_work_init)
D:\MESH\CH592EVT\EVT\EXAM\BLE\MESH\MESH_LIB\libMESH.a(mesh_work_timer.o)
                              D:\MESH\CH592EVT\EVT\EXAM\BLE\MESH\MESH_LIB\libMESH.a(mesh_work_process.o) (z_timeout_remaining)
D:\MESH\CH592EVT\EVT\EXAM\BLE\MESH\MESH_LIB\libMESH.a(uECC.o)
                              D:\MESH\CH592EVT\EVT\EXAM\BLE\MESH\MESH_LIB\libMESH.a(mesh_crypto.o) (uECC_set_rng)
D:\MESH\CH592EVT\EVT\EXAM\BLE\LIB\libCH59xBLE.a(message.o)
                              ./HAL/MCU.o (tmos_msg_deallocate)
D:\MESH\CH592EVT\EVT\EXAM\BLE\LIB\libCH59xBLE.a(tmos.o)
                              D:\MESH\CH592EVT\EVT\EXAM\BLE\MESH\MESH_LIB\libMESH.a(mesh_adv.o) (tmos_rand)
D:\MESH\CH592EVT\EVT\EXAM\BLE\LIB\libCH59xBLE.a(tmos_hw.o)
                              D:\MESH\CH592EVT\EVT\EXAM\BLE\LIB\libCH59xBLE.a(tmos.o) (bleClock_t)
D:\MESH\CH592EVT\EVT\EXAM\BLE\LIB\libCH59xBLE.a(tmos_snv.o)
                              D:\MESH\CH592EVT\EVT\EXAM\BLE\LIB\libCH59xBLE.a(tmos.o) (tmos_snv_init)
[...]
Memory Configuration

Name             Origin             Length             Attributes
FLASH            0x0000000000000000 0x0000000000070000 xr
RAM              0x0000000020000000 0x0000000000006800 xrw
*default*        0x0000000000000000 0xffffffffffffffff

Linker script and memory map

LOAD ./StdPeriphDriver/CH59x_adc.o
LOAD ./StdPeriphDriver/CH59x_clk.o
LOAD ./StdPeriphDriver/CH59x_flash.o
LOAD ./StdPeriphDriver/CH59x_gpio.o
LOAD ./StdPeriphDriver/CH59x_i2c.o
LOAD ./StdPeriphDriver/CH59x_lcd.o
LOAD ./StdPeriphDriver/CH59x_pwm.o
LOAD ./StdPeriphDriver/CH59x_pwr.o
LOAD ./StdPeriphDriver/CH59x_spi0.o
LOAD ./StdPeriphDriver/CH59x_sys.o
LOAD ./StdPeriphDriver/CH59x_timer0.o
LOAD ./StdPeriphDriver/CH59x_timer1.o
LOAD ./StdPeriphDriver/CH59x_timer2.o
LOAD ./StdPeriphDriver/CH59x_timer3.o
LOAD ./StdPeriphDriver/CH59x_uart0.o
LOAD ./StdPeriphDriver/CH59x_uart1.o
LOAD ./StdPeriphDriver/CH59x_uart2.o
LOAD ./StdPeriphDriver/CH59x_uart3.o
LOAD ./StdPeriphDriver/CH59x_usbdev.o
LOAD ./StdPeriphDriver/CH59x_usbhostBase.o
LOAD ./StdPeriphDriver/CH59x_usbhostClass.o
LOAD ./Startup/startup_CH592.o
LOAD ./RVMSIS/core_riscv.o
LOAD ./LIB/ble_task_scheduler.o
LOAD ./HAL/KEY.o
LOAD ./HAL/LED.o
LOAD ./HAL/MCU.o
LOAD ./HAL/RTC.o
LOAD ./HAL/SLEEP.o
LOAD ./APP/app.o
LOAD ./APP/app_drv_fifo.o
LOAD ./APP/app_main.o
LOAD ./APP/app_mesh_config.o
LOAD ./APP/app_vendor_model_cli.o
LOAD D:\MESH\CH592EVT\EVT\EXAM\SRC\StdPeriphDriver\libISP592.a
LOAD D:\MESH\CH592EVT\EVT\EXAM\BLE\MESH\MESH_LIB\libMESH.a
LOAD D:\MESH\CH592EVT\EVT\EXAM\BLE\LIB\libCH59xBLE.a
LOAD d:/mounriver/mounriver_studio/toolchain/risc-v embedded gcc/bin/../lib/gcc/riscv-none-embed/8.2.0/rv32imac/ilp32\libgcc.a
LOAD d:/mounriver/mounriver_studio/toolchain/risc-v embedded gcc/bin/../lib/gcc/riscv-none-embed/8.2.0/../../../../riscv-none-embed/lib/rv32imac/ilp32\libg_nano.a
LOAD d:/mounriver/mounriver_studio/toolchain/risc-v embedded gcc/bin/../lib/gcc/riscv-none-embed/8.2.0/../../../../riscv-none-embed/lib/rv32imac/ilp32\libc_nano.a
LOAD d:/mounriver/mounriver_studio/toolchain/risc-v embedded gcc/bin/../lib/gcc/riscv-none-embed/8.2.0/rv32imac/ilp32\libgcc.a
START GROUP
LOAD d:/mounriver/mounriver_studio/toolchain/risc-v embedded gcc/bin/../lib/gcc/riscv-none-embed/8.2.0/rv32imac/ilp32\libgcc.a
LOAD d:/mounriver/mounriver_studio/toolchain/risc-v embedded gcc/bin/../lib/gcc/riscv-none-embed/8.2.0/../../../../riscv-none-embed/lib/rv32imac/ilp32\libc_nano.a
LOAD d:/mounriver/mounriver_studio/toolchain/risc-v embedded gcc/bin/../lib/gcc/riscv-none-embed/8.2.0/../../../../riscv-none-embed/lib/rv32imac/ilp32\libnosys.a
END GROUP
START GROUP
LOAD d:/mounriver/mounriver_studio/toolchain/risc-v embedded gcc/bin/../lib/gcc/riscv-none-embed/8.2.0/rv32imac/ilp32\libgcc.a
LOAD d:/mounriver/mounriver_studio/toolchain/risc-v embedded gcc/bin/../lib/gcc/riscv-none-embed/8.2.0/../../../../riscv-none-embed/lib/rv32imac/ilp32\libc_nano.a
LOAD d:/mounriver/mounriver_studio/toolchain/risc-v embedded gcc/bin/../lib/gcc/riscv-none-embed/8.2.0/../../../../riscv-none-embed/lib/rv32imac/ilp32\libnosys.a
END GROUP
                0x0000000000000200                __stack_size = 0x200
                [!provide]                        PROVIDE (_stack_size = __stack_size)

.init           0x0000000000000000        0x4
                0x0000000000000000                _sinit = .
                0x0000000000000000                . = ALIGN (0x4)
 *(SORT_NONE(.init))
 .init          0x0000000000000000        0x4 ./Startup/startup_CH592.o
                0x0000000000000000                _start
                0x0000000000000004                . = ALIGN (0x4)
                0x0000000000000004                _einit = .

.highcodelalign
                0x0000000000000004        0x0
                0x0000000000000004                . = ALIGN (0x4)
                0x0000000000000004                PROVIDE (_highcode_lma = .)

.highcode       0x0000000020000000     0x1a18 load address 0x0000000000000004
                0x0000000020000000                . = ALIGN (0x4)
                0x0000000020000000                PROVIDE (_highcode_vma_start = .)
 *(.vector)
 .vector        0x0000000020000000       0x90 ./Startup/startup_CH592.o
 *(SORT_NONE(.vector_handler))
 .vector_handler
                0x0000000020000090        0x2 ./Startup/startup_CH592.o
                0x0000000020000090                GPIOB_IRQHandler
                0x0000000020000090                GPIOA_IRQHandler
                0x0000000020000090                SysTick_Handler
                0x0000000020000090                NMI_Handler
                0x0000000020000090                UART0_IRQHandler
                0x0000000020000090                BB_IRQHandler
                0x0000000020000090                Break_Point_Handler
                0x0000000020000090                TMR0_IRQHandler
                0x0000000020000090                UART2_IRQHandler
                0x0000000020000090                PWMX_IRQHandler
                0x0000000020000090                ADC_IRQHandler
                0x0000000020000090                TMR2_IRQHandler
                0x0000000020000090                USB_IRQHandler
                0x0000000020000090                I2C_IRQHandler
                0x0000000020000090                WDOG_BAT_IRQHandler
                0x0000000020000090                TMR3_IRQHandler
                0x0000000020000090                SW_Handler
                0x0000000020000090                SPI0_IRQHandler
                0x0000000020000090                UART3_IRQHandler
                0x0000000020000090                TMR1_IRQHandler
 *(.highcode)
 .highcode      0x0000000020000092       0x18 ./StdPeriphDriver/CH59x_clk.o
                0x0000000020000092                RTC_GetCycle32k
 .highcode      0x00000000200000aa      0x2b0 ./StdPeriphDriver/CH59x_sys.o
                0x00000000200000aa                SetSysClock
                0x000000002000024c                SYS_ResetExecute
                0x00000000200002a4                HardFault_Handler
                0x0000000020000324                mDelayuS
                0x0000000020000332                mDelaymS
 *fill*         0x000000002000035a        0x2 
 .highcode      0x000000002000035c       0x4e ./LIB/ble_task_scheduler.o
                0x000000002000035c                Ecall_U_Mode_Handler
                0x000000002000035c                Ecall_M_Mode_Handler
 .highcode      0x00000000200003aa       0x2e ./HAL/RTC.o
                0x00000000200003c2                RTC_IRQHandler
 .highcode      0x00000000200003d8       0xe0 ./APP/app.o
                0x00000000200003d8                UART1_IRQHandler
 .highcode      0x00000000200004b8        0xa ./APP/app_main.o
                0x00000000200004b8                Main_Circulation
 .highcode      0x00000000200004c2      0x426 D:\MESH\CH592EVT\EVT\EXAM\SRC\StdPeriphDriver\libISP592.a(ISP583.o)
                0x00000000200004c2                FLASH_ROM_BEG
                0x00000000200004d4                FLASH_ROM_END
                0x00000000200004e2                FLASH_ROM_IN
                0x00000000200004f0                FLASH_ROM_OUT
                0x00000000200004fe                FLASH_ROM_ADDR
                0x0000000020000546                FLASH_ROM_WAIT
                0x000000002000057e                FLASH_EEPROM_CMD
 .highcode      0x00000000200008e8       0x2e D:\MESH\CH592EVT\EVT\EXAM\BLE\MESH\MESH_LIB\libMESH.a(mesh_hal_rf.o)
                0x00000000200008e8                RF_Wait_Tx_End
 .highcode      0x0000000020000916      0x31c D:\MESH\CH592EVT\EVT\EXAM\BLE\MESH\MESH_LIB\libMESH.a(uECC.o)
                0x00000000200009a8                uECC_vli_clear
                0x00000000200009c4                uECC_vli_isZero
                0x00000000200009e6                uECC_vli_testBit
                0x00000000200009fa                uECC_vli_numBits
                0x0000000020000a32                uECC_vli_set
                0x0000000020000a52                uECC_vli_equal
                0x0000000020000a80                uECC_vli_rshift1
                0x0000000020000aa0                uECC_vli_add
                0x0000000020000ada                uECC_vli_sub
                0x0000000020000b1a                uECC_vli_cmp
                0x0000000020000b4e                uECC_vli_mult
 *(.highcode.*)
 *fill*         0x0000000020000c32        0x2 
 .highcode.LLE_IRQHandler
                0x0000000020000c34       0x86 ./LIB/ble_task_scheduler.o
                0x0000000020000c34                LLE_IRQHandler
 .highcode.tmos_memcpy
                0x0000000020000cba       0x3e D:\MESH\CH592EVT\EVT\EXAM\BLE\LIB\libCH59xBLE.a(tmos.o)
                0x0000000020000cba                tmos_memcpy
 .highcode.tmos_memset
                0x0000000020000cf8       0x32 D:\MESH\CH592EVT\EVT\EXAM\BLE\LIB\libCH59xBLE.a(tmos.o)
                0x0000000020000cf8                tmos_memset
 .highcode.tmos_memcmp
                0x0000000020000d2a       0x4e D:\MESH\CH592EVT\EVT\EXAM\BLE\LIB\libCH59xBLE.a(tmos.o)
                0x0000000020000d2a                tmos_memcmp
 .highcode.tmos_revmemcpy
                0x0000000020000d78       0x38 D:\MESH\CH592EVT\EVT\EXAM\BLE\LIB\libCH59xBLE.a(tmos.o)
                0x0000000020000d78                tmos_revmemcpy
 .highcode.tmos_isbufset
                0x0000000020000db0       0x42 D:\MESH\CH592EVT\EVT\EXAM\BLE\LIB\libCH59xBLE.a(tmos.o)
                0x0000000020000db0                tmos_isbufset
 .highcode.tmos_proces_system_time
                0x0000000020000df2      0x144 D:\MESH\CH592EVT\EVT\EXAM\BLE\LIB\libCH59xBLE.a(tmos.o)
 .highcode.ble_controller_func
                0x0000000020000f36       0x40 D:\MESH\CH592EVT\EVT\EXAM\BLE\LIB\libCH59xBLE.a(tmos.o)
                0x0000000020000f36                ble_controller_func
 .highcode.TMOS_SystemProcess
                0x0000000020000f76      0x206 D:\MESH\CH592EVT\EVT\EXAM\BLE\LIB\libCH59xBLE.a(tmos.o)
                0x0000000020000f76                TMOS_SystemProcess
 .highcode.clockGetHSEValue
                0x000000002000117c       0x36 D:\MESH\CH592EVT\EVT\EXAM\BLE\LIB\libCH59xBLE.a(tmos_hw.o)
 *fill*         0x00000000200011b2        0x2 
 .highcode.ble_controller_scheduler
                0x00000000200011b4        0xa D:\MESH\CH592EVT\EVT\EXAM\BLE\LIB\libCH59xBLE.a(ble_task_process.o)
 *fill*         0x00000000200011be        0x2 
 .highcode.LLE_IRQLibHandler
                0x00000000200011c0       0x3a D:\MESH\CH592EVT\EVT\EXAM\BLE\LIB\libCH59xBLE.a(ble_task_process.o)
                0x00000000200011c0                LLE_IRQLibHandler
 .highcode.BB_IRQLibHandler
                0x00000000200011fa      0x106 D:\MESH\CH592EVT\EVT\EXAM\BLE\LIB\libCH59xBLE.a(bb.o)
                0x00000000200011fa                BB_IRQLibHandler
 .highcode.BB_IRQLibFunction
                0x0000000020001300        0x6 D:\MESH\CH592EVT\EVT\EXAM\BLE\LIB\libCH59xBLE.a(bb.o)
                0x0000000020001300                BB_IRQLibFunction
 .highcode.lleIrqHandler
                0x0000000020001306      0x176 D:\MESH\CH592EVT\EVT\EXAM\BLE\LIB\libCH59xBLE.a(ip.o)
 .highcode.ll_rx_wait_finish
                0x000000002000147c       0x3e D:\MESH\CH592EVT\EVT\EXAM\BLE\LIB\libCH59xBLE.a(ip.o)
                0x000000002000147c                ll_rx_wait_finish
 .highcode.ble_ll_chkcrc
                0x00000000200014ba       0x92 D:\MESH\CH592EVT\EVT\EXAM\BLE\LIB\libCH59xBLE.a(ip.o)
                0x00000000200014ba                ble_ll_chkcrc
 .highcode.ll_tx_wait_finish
                0x000000002000154c      0x15c D:\MESH\CH592EVT\EVT\EXAM\BLE\LIB\libCH59xBLE.a(ip.o)
                0x000000002000154c                ll_tx_wait_finish
 .highcode.LLE_IRQSubHandler
                0x00000000200016a8       0x24 D:\MESH\CH592EVT\EVT\EXAM\BLE\LIB\libCH59xBLE.a(lle.o)
                0x00000000200016a8                LLE_IRQSubHandler
 .highcode.RF_HopGetChannel
                0x00000000200016cc       0x6e D:\MESH\CH592EVT\EVT\EXAM\BLE\LIB\libCH59xBLE.a(rf_fh.o)
                0x00000000200016cc                RF_HopGetChannel
 .highcode.RF_FrequencyHoppingGet
                0x000000002000173a       0xa8 D:\MESH\CH592EVT\EVT\EXAM\BLE\LIB\libCH59xBLE.a(rf_fh.o)
                0x000000002000173a                RF_FrequencyHoppingGet
 .highcode.RFEND_WaitTune
                0x00000000200017e2       0x3a D:\MESH\CH592EVT\EVT\EXAM\BLE\LIB\libCH59xBLE.a(rfend.o)
                0x00000000200017e2                RFEND_WaitTune
 .highcode.tmos_memory_allocate
                0x000000002000181c       0xf2 D:\MESH\CH592EVT\EVT\EXAM\BLE\LIB\libCH59xBLE.a(memory.o)
                0x000000002000181c                tmos_memory_allocate
 .highcode.tmos_memory_free
                0x000000002000190e      0x108 D:\MESH\CH592EVT\EVT\EXAM\BLE\LIB\libCH59xBLE.a(memory.o)
                0x000000002000190e                tmos_memory_free
                0x0000000020001a18                . = ALIGN (0x4)
 *fill*         0x0000000020001a16        0x2 
                0x0000000020001a18                PROVIDE (_highcode_vma_end = .)

.text           0x0000000000001a1c    0x1c854
                0x0000000000001a1c                . = ALIGN (0x4)
 *(SORT_NONE(.handle_reset))
 .handle_reset  0x0000000000001a1c       0xae ./Startup/startup_CH592.o
                0x0000000000001a1c                handle_reset
 *(.text)
 .text          0x0000000000001aca       0x60 d:/mounriver/mounriver_studio/toolchain/risc-v embedded gcc/bin/../lib/gcc/riscv-none-embed/8.2.0/rv32imac/ilp32\libgcc.a(save-restore.o)
                0x0000000000001aca                __riscv_save_12
                0x0000000000001ad2                __riscv_save_9
                0x0000000000001ad2                __riscv_save_11
                0x0000000000001ad2                __riscv_save_10
                0x0000000000001ad2                __riscv_save_8
                0x0000000000001ae0                __riscv_save_4
                0x0000000000001ae0                __riscv_save_6
                0x0000000000001ae0                __riscv_save_5
                0x0000000000001ae0                __riscv_save_7
                0x0000000000001afa                __riscv_save_3
                0x0000000000001afa                __riscv_save_2
                0x0000000000001afa                __riscv_save_1
                0x0000000000001afa                __riscv_save_0
                0x0000000000001b06                __riscv_restore_12
                0x0000000000001b0a                __riscv_restore_11
                0x0000000000001b0a                __riscv_restore_9
                0x0000000000001b0a                __riscv_restore_10
                0x0000000000001b0a                __riscv_restore_8
                0x0000000000001b14                __riscv_restore_5
                0x0000000000001b14                __riscv_restore_7
                0x0000000000001b14                __riscv_restore_6
                0x0000000000001b14                __riscv_restore_4
                0x0000000000001b1e                __riscv_restore_3
                0x0000000000001b1e                __riscv_restore_0
                0x0000000000001b1e                __riscv_restore_2
                0x0000000000001b1e                __riscv_restore_1
 .text          0x0000000000001b2a       0xa8 d:/mounriver/mounriver_studio/toolchain/risc-v embedded gcc/bin/../lib/gcc/riscv-none-embed/8.2.0/../../../../riscv-none-embed/lib/rv32imac/ilp32\libg_nano.a(lib_a-memset.o)
                0x0000000000001b2a                memset
 .text          0x0000000000001bd2      0x11e d:/mounriver/mounriver_studio/toolchain/risc-v embedded gcc/bin/../lib/gcc/riscv-none-embed/8.2.0/../../../../riscv-none-embed/lib/rv32imac/ilp32\libg_nano.a(lib_a-strcmp.o)
                0x0000000000001bd2                strcmp
 *(.text.*)
 .text.ADC_InterTSSampInit
                0x0000000000001cf0       0x34 ./StdPeriphDriver/CH59x_adc.o
                0x0000000000001cf0                ADC_InterTSSampInit
 .text.LSECFG_Current
                0x0000000000001d24       0x4e ./StdPeriphDriver/CH59x_clk.o
                0x0000000000001d24                LSECFG_Current
 .text.RTC_InitTime
                0x0000000000001d72      0x1d0 ./StdPeriphDriver/CH59x_clk.o
                0x0000000000001d72                RTC_InitTime
 .text.Calibration_LSI
                0x0000000000001f42      0x89a ./StdPeriphDriver/CH59x_clk.o
                0x0000000000001f42                Calibration_LSI
 .text.GPIOA_ModeCfg
                0x00000000000027dc       0xa6 ./StdPeriphDriver/CH59x_gpio.o
                0x00000000000027dc                GPIOA_ModeCfg
 .text.GetSysClock
                0x0000000000002882       0x40 ./StdPeriphDriver/CH59x_sys.o
                0x0000000000002882                GetSysClock
 .text.SYS_DisableAllIrq
                0x00000000000028c2       0x1c ./StdPeriphDriver/CH59x_sys.o
                0x00000000000028c2                SYS_DisableAllIrq
 .text.SYS_RecoverIrq
                0x00000000000028de       0x14 ./StdPeriphDriver/CH59x_sys.o
                0x00000000000028de                SYS_RecoverIrq
 .text.SYS_GetSysTickCnt
                0x00000000000028f2        0xa ./StdPeriphDriver/CH59x_sys.o
                0x00000000000028f2                SYS_GetSysTickCnt
 .text._write   0x00000000000028fc       0x28 ./StdPeriphDriver/CH59x_sys.o
                0x00000000000028fc                _write
 .text._sbrk    0x0000000000002924       0x34 ./StdPeriphDriver/CH59x_sys.o
                0x0000000000002924                _sbrk
 .text.UART1_BaudRateCfg
                0x0000000000002958       0x30 ./StdPeriphDriver/CH59x_uart1.o
                0x0000000000002958                UART1_BaudRateCfg
 .text.UART1_DefInit
                0x0000000000002988       0x32 ./StdPeriphDriver/CH59x_uart1.o
                0x0000000000002988                UART1_DefInit
 .text.UART1_ByteTrigCfg
                0x00000000000029ba       0x1a ./StdPeriphDriver/CH59x_uart1.o
                0x00000000000029ba                UART1_ByteTrigCfg
 .text.UART1_INTCfg
                0x00000000000029d4       0x2a ./StdPeriphDriver/CH59x_uart1.o
                0x00000000000029d4                UART1_INTCfg
 .text.UART1_SendString
                0x00000000000029fe       0x28 ./StdPeriphDriver/CH59x_uart1.o
                0x00000000000029fe                UART1_SendString
 .text.UART1_RecvString
                0x0000000000002a26       0x2a ./StdPeriphDriver/CH59x_uart1.o
                0x0000000000002a26                UART1_RecvString
 .text.HAL_KeyInit
                0x0000000000002a50       0x42 ./HAL/KEY.o
                0x0000000000002a50                HAL_KeyInit
 .text.HalKeyConfig
                0x0000000000002a92       0x12 ./HAL/KEY.o
                0x0000000000002a92                HalKeyConfig
 .text.HAL_KeyPoll
                0x0000000000002aa4       0x3a ./HAL/KEY.o
                0x0000000000002aa4                HAL_KeyPoll
 .text.Lib_Calibration_LSI
                0x0000000000002ade        0x6 ./HAL/MCU.o
                0x0000000000002ade                Lib_Calibration_LSI
 .text.Lib_Read_Flash
                0x0000000000002ae4       0x1c ./HAL/MCU.o
                0x0000000000002ae4                Lib_Read_Flash
 .text.Lib_Write_Flash
                0x0000000000002b00       0x40 ./HAL/MCU.o
                0x0000000000002b00                Lib_Write_Flash
 .text.HAL_GetInterTempValue
                0x0000000000002b40       0x72 ./HAL/MCU.o
                0x0000000000002b40                HAL_GetInterTempValue
 .text.HAL_ProcessEvent
                0x0000000000002bb2       0x9a ./HAL/MCU.o
                0x0000000000002bb2                HAL_ProcessEvent
 .text.CH59x_BLEInit
                0x0000000000002c4c      0x13c ./HAL/MCU.o
                0x0000000000002c4c                CH59x_BLEInit
 .text.HAL_Init
                0x0000000000002d88       0x32 ./HAL/MCU.o
                0x0000000000002d88                HAL_Init
 .text.HAL_TimeInit
                0x0000000000002dba       0xca ./HAL/RTC.o
                0x0000000000002dba                HAL_TimeInit
 .text.node_unblock_get
                0x0000000000002e84       0x36 ./APP/app.o
 .text.node_get
                0x0000000000002eba       0x28 ./APP/app.o
 .text.node_rsp
                0x0000000000002ee2      0x10a ./APP/app.o
 .text.link_open
                0x0000000000002fec       0x22 ./APP/app.o
 .text.cfg_cli_rsp_handler
                0x000000000000300e       0xfc ./APP/app.o
 .text.vendor_model_cli_rsp_handler
                0x000000000000310a      0x294 ./APP/app.o
 .text.vendor_model_cli_send
                0x000000000000339e       0x56 ./APP/app.o
 .text.node_stage
                0x00000000000033f4       0xf0 ./APP/app.o
 .text.local_rsp
                0x00000000000034e4       0xc8 ./APP/app.o
 .text.node_cfg_process
                0x00000000000035ac       0xce ./APP/app.o
 .text.prov_complete
                0x000000000000367a       0xe8 ./APP/app.o
 .text.node_added
                0x0000000000003762       0xb2 ./APP/app.o
 .text.keyPress
                0x0000000000003814       0xd6 ./APP/app.o
                0x0000000000003814                keyPress
 .text.local_stage
                0x00000000000038ea       0xa2 ./APP/app.o
 .text.link_close
                0x000000000000398c       0x50 ./APP/app.o
 .text.unprov_recv
                0x00000000000039dc       0x74 ./APP/app.o
 .text.compare_uint8_arrays
                0x0000000000003a50       0x26 ./APP/app.o
                0x0000000000003a50                compare_uint8_arrays
 .text.App_ProcessEvent
                0x0000000000003a76      0x4d0 ./APP/app.o
 .text.blemesh_on_sync
                0x0000000000003f46      0x1f0 ./APP/app.o
                0x0000000000003f46                blemesh_on_sync
 .text.App_Init
                0x0000000000004136       0x4c ./APP/app.o
                0x0000000000004136                App_Init
 .text.bt_mesh_lib_init
                0x0000000000004182       0x48 ./APP/app_main.o
                0x0000000000004182                bt_mesh_lib_init
 .text.startup.main
                0x00000000000041ca       0x7e ./APP/app_main.o
                0x00000000000041ca                main
 .text.flash_write_protection
                0x0000000000004248        0x4 ./APP/app_mesh_config.o
                0x0000000000004248                flash_write_protection
 .text.read_flash
                0x000000000000424c       0x1c ./APP/app_mesh_config.o
                0x000000000000424c                read_flash
 .text.erase_flash
                0x0000000000004268       0x10 ./APP/app_mesh_config.o
                0x0000000000004268                erase_flash
 .text.write_flash
                0x0000000000004278       0x34 ./APP/app_mesh_config.o
                0x0000000000004278                write_flash
 .text.vendor_message_cli_trans
                0x00000000000042ac       0x5c ./APP/app_vendor_model_cli.o
 .text.vendor_message_cli_ack
                0x0000000000004308       0xb8 ./APP/app_vendor_model_cli.o
 .text.vendor_message_cli_ind
                0x00000000000043c0       0xb6 ./APP/app_vendor_model_cli.o
 .text.adv_cli_trans_send
                0x0000000000004476      0x13c ./APP/app_vendor_model_cli.o
 .text.write_end
                0x00000000000045b2       0x58 ./APP/app_vendor_model_cli.o
 .text.write_start
                0x000000000000460a       0x4e ./APP/app_vendor_model_cli.o
 .text.write_reset.constprop.5
                0x0000000000004658       0x30 ./APP/app_vendor_model_cli.o
 .text.vendor_cli_tid_get
                0x0000000000004688       0x28 ./APP/app_vendor_model_cli.o
                0x0000000000004688                vendor_cli_tid_get
 .text.vendor_message_cli_send_trans
                0x00000000000046b0       0xe4 ./APP/app_vendor_model_cli.o
                0x00000000000046b0                vendor_message_cli_send_trans
 .text.vendor_message_cli_trans_reset
                0x0000000000004794       0x2c ./APP/app_vendor_model_cli.o
                0x0000000000004794                vendor_message_cli_trans_reset
 .text.vendor_model_cli_rsp_recv
                0x00000000000047c0       0x7e ./APP/app_vendor_model_cli.o
 .text.vendor_message_cli_cfm
                0x000000000000483e       0x66 ./APP/app_vendor_model_cli.o
 .text.vendor_model_cli_ProcessEvent
                0x00000000000048a4      0x16a ./APP/app_vendor_model_cli.o
 .text.vendor_model_cli_init
                0x0000000000004a0e       0x24 ./APP/app_vendor_model_cli.o
                0x0000000000004a0e                vendor_model_cli_init
 .text.mod_init
                0x0000000000004a32      0x104 D:\MESH\CH592EVT\EVT\EXAM\BLE\MESH\MESH_LIB\libMESH.a(mesh_access.o)
 .text.publish_start
                0x0000000000004b36       0x22 D:\MESH\CH592EVT\EVT\EXAM\BLE\MESH\MESH_LIB\libMESH.a(mesh_access.o)
 .text.model_has_key.isra.0
                0x0000000000004b58       0x50 D:\MESH\CH592EVT\EVT\EXAM\BLE\MESH\MESH_LIB\libMESH.a(mesh_access.o)
 .text.model_send
                0x0000000000004ba8       0xba D:\MESH\CH592EVT\EVT\EXAM\BLE\MESH\MESH_LIB\libMESH.a(mesh_access.o)
 .text.bt_mesh_comp_provision
                0x0000000000004c62       0x34 D:\MESH\CH592EVT\EVT\EXAM\BLE\MESH\MESH_LIB\libMESH.a(mesh_access.o)
                0x0000000000004c62                bt_mesh_comp_provision
 .text.bt_mesh_elem_count
                0x0000000000004c96       0x10 D:\MESH\CH592EVT\EVT\EXAM\BLE\MESH\MESH_LIB\libMESH.a(mesh_access.o)
                0x0000000000004c96                bt_mesh_elem_count
 .text.bt_mesh_primary_addr
                0x0000000000004ca6        0xa D:\MESH\CH592EVT\EVT\EXAM\BLE\MESH\MESH_LIB\libMESH.a(mesh_access.o)
                0x0000000000004ca6                bt_mesh_primary_addr
 .text.bt_mesh_fixed_group_match
                0x0000000000004cb0       0x44 D:\MESH\CH592EVT\EVT\EXAM\BLE\MESH\MESH_LIB\libMESH.a(mesh_access.o)
                0x0000000000004cb0                bt_mesh_fixed_group_match
 .text.bt_mesh_model_find_group
                0x0000000000004cf4       0x32 D:\MESH\CH592EVT\EVT\EXAM\BLE\MESH\MESH_LIB\libMESH.a(mesh_access.o)
                0x0000000000004cf4                bt_mesh_model_find_group
 .text.bt_mesh_model_find_vnd
                0x0000000000004d26       0x30 D:\MESH\CH592EVT\EVT\EXAM\BLE\MESH\MESH_LIB\libMESH.a(mesh_access.o)
                0x0000000000004d26                bt_mesh_model_find_vnd
 .text.bt_mesh_model_find
                0x0000000000004d56       0x28 D:\MESH\CH592EVT\EVT\EXAM\BLE\MESH\MESH_LIB\libMESH.a(mesh_access.o)
                0x0000000000004d56                bt_mesh_model_find
 .text.bt_mesh_elem_find
                0x0000000000004d7e       0x9e D:\MESH\CH592EVT\EVT\EXAM\BLE\MESH\MESH_LIB\libMESH.a(mesh_access.o)
                0x0000000000004d7e                bt_mesh_elem_find
 .text.bt_mesh_model_msg_init
                0x0000000000004e1c       0x5a D:\MESH\CH592EVT\EVT\EXAM\BLE\MESH\MESH_LIB\libMESH.a(mesh_access.o)
                0x0000000000004e1c                bt_mesh_model_msg_init
 .text.bt_mesh_comp_get
                0x0000000000004e76        0xc D:\MESH\CH592EVT\EVT\EXAM\BLE\MESH\MESH_LIB\libMESH.a(mesh_access.o)
                0x0000000000004e76                bt_mesh_comp_get
 .text.bt_mesh_comp_register
                0x0000000000004e82       0x14 D:\MESH\CH592EVT\EVT\EXAM\BLE\MESH\MESH_LIB\libMESH.a(mesh_access.o)
                0x0000000000004e82                bt_mesh_comp_register
 .text.bt_mesh_model_elem
                0x0000000000004e96       0x16 D:\MESH\CH592EVT\EVT\EXAM\BLE\MESH\MESH_LIB\libMESH.a(mesh_access.o)
                0x0000000000004e96                bt_mesh_model_elem
 .text.publish_retransmit
                0x0000000000004eac       0xba D:\MESH\CH592EVT\EVT\EXAM\BLE\MESH\MESH_LIB\libMESH.a(mesh_access.o)
 .text.bt_mesh_model_pub_period_get
                0x0000000000004f66       0x62 D:\MESH\CH592EVT\EVT\EXAM\BLE\MESH\MESH_LIB\libMESH.a(mesh_access.o)
                0x0000000000004f66                bt_mesh_model_pub_period_get
 .text.publish_sent
                0x0000000000004fc8       0x58 D:\MESH\CH592EVT\EVT\EXAM\BLE\MESH\MESH_LIB\libMESH.a(mesh_access.o)
 .text.bt_mesh_model_send
                0x0000000000005020       0x52 D:\MESH\CH592EVT\EVT\EXAM\BLE\MESH\MESH_LIB\libMESH.a(mesh_access.o)
                0x0000000000005020                bt_mesh_model_send
 .text.bt_mesh_model_publish
                0x0000000000005072      0x10e D:\MESH\CH592EVT\EVT\EXAM\BLE\MESH\MESH_LIB\libMESH.a(mesh_access.o)
                0x0000000000005072                bt_mesh_model_publish
 .text.mod_publish
                0x0000000000005180       0x64 D:\MESH\CH592EVT\EVT\EXAM\BLE\MESH\MESH_LIB\libMESH.a(mesh_access.o)
 .text.bt_mesh_model_recv
                0x00000000000051e4      0x18e D:\MESH\CH592EVT\EVT\EXAM\BLE\MESH\MESH_LIB\libMESH.a(mesh_access.o)
                0x00000000000051e4                bt_mesh_model_recv
 .text.bt_mesh_model_get
                0x0000000000005372       0x44 D:\MESH\CH592EVT\EVT\EXAM\BLE\MESH\MESH_LIB\libMESH.a(mesh_access.o)
                0x0000000000005372                bt_mesh_model_get
 .text.bt_mesh_model_foreach
                0x00000000000053b6       0x74 D:\MESH\CH592EVT\EVT\EXAM\BLE\MESH\MESH_LIB\libMESH.a(mesh_access.o)
                0x00000000000053b6                bt_mesh_model_foreach
 .text.bt_mesh_comp_unprovision
                0x000000000000542a       0x1c D:\MESH\CH592EVT\EVT\EXAM\BLE\MESH\MESH_LIB\libMESH.a(mesh_access.o)
                0x000000000000542a                bt_mesh_comp_unprovision
 .text.bt_mesh_mod_init
                0x0000000000005446       0x22 D:\MESH\CH592EVT\EVT\EXAM\BLE\MESH\MESH_LIB\libMESH.a(mesh_access.o)
                0x0000000000005446                bt_mesh_mod_init
 .text.bt_notify
                0x0000000000005468       0x62 D:\MESH\CH592EVT\EVT\EXAM\BLE\MESH\MESH_LIB\libMESH.a(mesh_adapt.o)
 .text.bt_mesh_conn_unref
                0x00000000000054ca        0x8 D:\MESH\CH592EVT\EVT\EXAM\BLE\MESH\MESH_LIB\libMESH.a(mesh_adapt.o)
                0x00000000000054ca                bt_mesh_conn_unref
 .text.k_uptime_get
                0x00000000000054d2       0x16 D:\MESH\CH592EVT\EVT\EXAM\BLE\MESH\MESH_LIB\libMESH.a(mesh_adapt.o)
                0x00000000000054d2                k_uptime_get
 .text.k_uptime_get_32
                0x00000000000054e8       0x14 D:\MESH\CH592EVT\EVT\EXAM\BLE\MESH\MESH_LIB\libMESH.a(mesh_adapt.o)
                0x00000000000054e8                k_uptime_get_32
 .text.bt_mesh_gatt_get_mtu
                0x00000000000054fc       0x10 D:\MESH\CH592EVT\EVT\EXAM\BLE\MESH\MESH_LIB\libMESH.a(mesh_adapt.o)
                0x00000000000054fc                bt_mesh_gatt_get_mtu
 .text.bt_mesh_prov_notify
                0x000000000000550c       0x22 D:\MESH\CH592EVT\EVT\EXAM\BLE\MESH\MESH_LIB\libMESH.a(mesh_adapt.o)
                0x000000000000550c                bt_mesh_prov_notify
 .text.bt_mesh_gatts_disconnect
                0x000000000000552e        0xc D:\MESH\CH592EVT\EVT\EXAM\BLE\MESH\MESH_LIB\libMESH.a(mesh_adapt.o)
                0x000000000000552e                bt_mesh_gatts_disconnect
 .text.bt_mesh_prov_servive_cccd_close
                0x000000000000553a       0x16 D:\MESH\CH592EVT\EVT\EXAM\BLE\MESH\MESH_LIB\libMESH.a(mesh_adapt.o)
                0x000000000000553a                bt_mesh_prov_servive_cccd_close
 .text.bt_mesh_prov_service_stop
                0x0000000000005550       0x16 D:\MESH\CH592EVT\EVT\EXAM\BLE\MESH\MESH_LIB\libMESH.a(mesh_adapt.o)
                0x0000000000005550                bt_mesh_prov_service_stop
 .text.bt_mesh_proxy_service_cccd_close
                0x0000000000005566       0x16 D:\MESH\CH592EVT\EVT\EXAM\BLE\MESH\MESH_LIB\libMESH.a(mesh_adapt.o)
                0x0000000000005566                bt_mesh_proxy_service_cccd_close
 .text.bt_mesh_gatts_service_stop
                0x000000000000557c       0x16 D:\MESH\CH592EVT\EVT\EXAM\BLE\MESH\MESH_LIB\libMESH.a(mesh_adapt.o)
                0x000000000000557c                bt_mesh_gatts_service_stop
 .text.bt_le_scan_start
                0x0000000000005592       0x12 D:\MESH\CH592EVT\EVT\EXAM\BLE\MESH\MESH_LIB\libMESH.a(mesh_adapt.o)
                0x0000000000005592                bt_le_scan_start
 .text.bt_le_scan_stop
                0x00000000000055a4        0xc D:\MESH\CH592EVT\EVT\EXAM\BLE\MESH\MESH_LIB\libMESH.a(mesh_adapt.o)
                0x00000000000055a4                bt_le_scan_stop
 .text.adv_buf_destroy
                0x00000000000055b0       0x1e D:\MESH\CH592EVT\EVT\EXAM\BLE\MESH\MESH_LIB\libMESH.a(mesh_adv.o)
 .text.adv_alloc
                0x00000000000055ce       0x14 D:\MESH\CH592EVT\EVT\EXAM\BLE\MESH\MESH_LIB\libMESH.a(mesh_adv.o)
 .text.bt_mesh_scan_cb
                0x00000000000055e2       0x72 D:\MESH\CH592EVT\EVT\EXAM\BLE\MESH\MESH_LIB\libMESH.a(mesh_adv.o)
 .text.adv_first_get
                0x0000000000005654       0x2c D:\MESH\CH592EVT\EVT\EXAM\BLE\MESH\MESH_LIB\libMESH.a(mesh_adv.o)
 .text._set_mesh_bear_adv_buf
                0x0000000000005680       0x70 D:\MESH\CH592EVT\EVT\EXAM\BLE\MESH\MESH_LIB\libMESH.a(mesh_adv.o)
                0x0000000000005680                _set_mesh_bear_adv_buf
 .text.bt_mesh_buf_get_from_pool
                0x00000000000056f0       0x16 D:\MESH\CH592EVT\EVT\EXAM\BLE\MESH\MESH_LIB\libMESH.a(mesh_adv.o)
                0x00000000000056f0                bt_mesh_buf_get_from_pool
 .text.adv_buf_deinit.isra.3
                0x0000000000005706       0x30 D:\MESH\CH592EVT\EVT\EXAM\BLE\MESH\MESH_LIB\libMESH.a(mesh_adv.o)
 .text.k_adv_handler
                0x0000000000005736       0xe8 D:\MESH\CH592EVT\EVT\EXAM\BLE\MESH\MESH_LIB\libMESH.a(mesh_adv.o)
 .text.bt_mesh_adv_create_from_pool
                0x000000000000581e       0x32 D:\MESH\CH592EVT\EVT\EXAM\BLE\MESH\MESH_LIB\libMESH.a(mesh_adv.o)
                0x000000000000581e                bt_mesh_adv_create_from_pool
 .text.bt_mesh_adv_create
                0x0000000000005850       0x8e D:\MESH\CH592EVT\EVT\EXAM\BLE\MESH\MESH_LIB\libMESH.a(mesh_adv.o)
                0x0000000000005850                bt_mesh_adv_create
 .text.bt_mesh_adv_send
                0x00000000000058de       0xb4 D:\MESH\CH592EVT\EVT\EXAM\BLE\MESH\MESH_LIB\libMESH.a(mesh_adv.o)
                0x00000000000058de                bt_mesh_adv_send
 .text.bt_mesh_scan_enable
                0x0000000000005992       0x18 D:\MESH\CH592EVT\EVT\EXAM\BLE\MESH\MESH_LIB\libMESH.a(mesh_adv.o)
                0x0000000000005992                bt_mesh_scan_enable
 .text.bt_mesh_scan_disable
                0x00000000000059aa        0xc D:\MESH\CH592EVT\EVT\EXAM\BLE\MESH\MESH_LIB\libMESH.a(mesh_adv.o)
                0x00000000000059aa                bt_mesh_scan_disable
 .text.check_adv_need_deinit
                0x00000000000059b6       0x4e D:\MESH\CH592EVT\EVT\EXAM\BLE\MESH\MESH_LIB\libMESH.a(mesh_adv.o)
                0x00000000000059b6                check_adv_need_deinit
 .text.bt_mesh_adv_init
                0x0000000000005a04       0x2c D:\MESH\CH592EVT\EVT\EXAM\BLE\MESH\MESH_LIB\libMESH.a(mesh_adv.o)
                0x0000000000005a04                bt_mesh_adv_init
 .text.model_start
                0x0000000000005a30       0x18 D:\MESH\CH592EVT\EVT\EXAM\BLE\MESH\MESH_LIB\libMESH.a(mesh_api.o)
 .text.adv_buf_count_get
                0x0000000000005a48       0x10 D:\MESH\CH592EVT\EVT\EXAM\BLE\MESH\MESH_LIB\libMESH.a(mesh_api.o)
                0x0000000000005a48                adv_buf_count_get
 .text.rpl_count_get
                0x0000000000005a58       0x10 D:\MESH\CH592EVT\EVT\EXAM\BLE\MESH\MESH_LIB\libMESH.a(mesh_api.o)
                0x0000000000005a58                rpl_count_get
 .text.allow_rpl_cycle_get
                0x0000000000005a68       0x10 D:\MESH\CH592EVT\EVT\EXAM\BLE\MESH\MESH_LIB\libMESH.a(mesh_api.o)
                0x0000000000005a68                allow_rpl_cycle_get
 .text.allow_same_addr_get
                0x0000000000005a78       0x10 D:\MESH\CH592EVT\EVT\EXAM\BLE\MESH\MESH_LIB\libMESH.a(mesh_api.o)
                0x0000000000005a78                allow_same_addr_get
 .text.ivu_divider_get
                0x0000000000005a88       0x10 D:\MESH\CH592EVT\EVT\EXAM\BLE\MESH\MESH_LIB\libMESH.a(mesh_api.o)
                0x0000000000005a88                ivu_divider_get
 .text.mod_key_count_get
                0x0000000000005a98       0x10 D:\MESH\CH592EVT\EVT\EXAM\BLE\MESH\MESH_LIB\libMESH.a(mesh_api.o)
                0x0000000000005a98                mod_key_count_get
 .text.mod_group_count_get
                0x0000000000005aa8       0x10 D:\MESH\CH592EVT\EVT\EXAM\BLE\MESH\MESH_LIB\libMESH.a(mesh_api.o)
                0x0000000000005aa8                mod_group_count_get
 .text.pxyfilter_count_get
                0x0000000000005ab8       0x10 D:\MESH\CH592EVT\EVT\EXAM\BLE\MESH\MESH_LIB\libMESH.a(mesh_api.o)
                0x0000000000005ab8                pxyfilter_count_get
 .text.msgcache_count_get
                0x0000000000005ac8       0x10 D:\MESH\CH592EVT\EVT\EXAM\BLE\MESH\MESH_LIB\libMESH.a(mesh_api.o)
                0x0000000000005ac8                msgcache_count_get
 .text.subnet_count_get
                0x0000000000005ad8       0x10 D:\MESH\CH592EVT\EVT\EXAM\BLE\MESH\MESH_LIB\libMESH.a(mesh_api.o)
                0x0000000000005ad8                subnet_count_get
 .text.appkey_count_get
                0x0000000000005ae8       0x10 D:\MESH\CH592EVT\EVT\EXAM\BLE\MESH\MESH_LIB\libMESH.a(mesh_api.o)
                0x0000000000005ae8                appkey_count_get
 .text.unseg_length_get
                0x0000000000005af8       0x14 D:\MESH\CH592EVT\EVT\EXAM\BLE\MESH\MESH_LIB\libMESH.a(mesh_api.o)
                0x0000000000005af8                unseg_length_get
 .text.txseg_max_get
                0x0000000000005b0c       0x10 D:\MESH\CH592EVT\EVT\EXAM\BLE\MESH\MESH_LIB\libMESH.a(mesh_api.o)
                0x0000000000005b0c                txseg_max_get
 .text.txseg_count_get
                0x0000000000005b1c       0x10 D:\MESH\CH592EVT\EVT\EXAM\BLE\MESH\MESH_LIB\libMESH.a(mesh_api.o)
                0x0000000000005b1c                txseg_count_get
 .text.rxseg_count_get
                0x0000000000005b2c       0x10 D:\MESH\CH592EVT\EVT\EXAM\BLE\MESH\MESH_LIB\libMESH.a(mesh_api.o)
                0x0000000000005b2c                rxseg_count_get
 .text.rxsdu_max_get
                0x0000000000005b3c       0x10 D:\MESH\CH592EVT\EVT\EXAM\BLE\MESH\MESH_LIB\libMESH.a(mesh_api.o)
                0x0000000000005b3c                rxsdu_max_get
 .text.label_count_get
                0x0000000000005b4c       0x10 D:\MESH\CH592EVT\EVT\EXAM\BLE\MESH\MESH_LIB\libMESH.a(mesh_api.o)
                0x0000000000005b4c                label_count_get
 .text.seq_store_rate_get
                0x0000000000005b5c       0x10 D:\MESH\CH592EVT\EVT\EXAM\BLE\MESH\MESH_LIB\libMESH.a(mesh_api.o)
                0x0000000000005b5c                seq_store_rate_get
 .text.rpl_store_rate_get
                0x0000000000005b6c       0x10 D:\MESH\CH592EVT\EVT\EXAM\BLE\MESH\MESH_LIB\libMESH.a(mesh_api.o)
                0x0000000000005b6c                rpl_store_rate_get
 .text.store_rate_get
                0x0000000000005b7c       0x10 D:\MESH\CH592EVT\EVT\EXAM\BLE\MESH\MESH_LIB\libMESH.a(mesh_api.o)
                0x0000000000005b7c                store_rate_get
 .text.frndseg_rx_get
                0x0000000000005b8c       0x10 D:\MESH\CH592EVT\EVT\EXAM\BLE\MESH\MESH_LIB\libMESH.a(mesh_api.o)
                0x0000000000005b8c                frndseg_rx_get
 .text.frndsub_size_get
                0x0000000000005b9c       0x10 D:\MESH\CH592EVT\EVT\EXAM\BLE\MESH\MESH_LIB\libMESH.a(mesh_api.o)
                0x0000000000005b9c                frndsub_size_get
 .text.frndlpn_count_get
                0x0000000000005bac       0x10 D:\MESH\CH592EVT\EVT\EXAM\BLE\MESH\MESH_LIB\libMESH.a(mesh_api.o)
                0x0000000000005bac                frndlpn_count_get
 .text.frndqueue_size_get
                0x0000000000005bbc       0x10 D:\MESH\CH592EVT\EVT\EXAM\BLE\MESH\MESH_LIB\libMESH.a(mesh_api.o)
                0x0000000000005bbc                frndqueue_size_get
 .text.lpnpoll_timeout_get
                0x0000000000005bcc        0xe D:\MESH\CH592EVT\EVT\EXAM\BLE\MESH\MESH_LIB\libMESH.a(mesh_api.o)
                0x0000000000005bcc                lpnpoll_timeout_get
 .text.lpnrecv_delay_get
                0x0000000000005bda       0x10 D:\MESH\CH592EVT\EVT\EXAM\BLE\MESH\MESH_LIB\libMESH.a(mesh_api.o)
                0x0000000000005bda                lpnrecv_delay_get
 .text.lpnretry_timeout_get
                0x0000000000005bea       0x16 D:\MESH\CH592EVT\EVT\EXAM\BLE\MESH\MESH_LIB\libMESH.a(mesh_api.o)
                0x0000000000005bea                lpnretry_timeout_get
 .text.prov_node_count_get
                0x0000000000005c00       0x10 D:\MESH\CH592EVT\EVT\EXAM\BLE\MESH\MESH_LIB\libMESH.a(mesh_api.o)
                0x0000000000005c00                prov_node_count_get
 .text.rf_accessAddress_get
                0x0000000000005c10        0xe D:\MESH\CH592EVT\EVT\EXAM\BLE\MESH\MESH_LIB\libMESH.a(mesh_api.o)
                0x0000000000005c10                rf_accessAddress_get
 .text.device_parmas_get
                0x0000000000005c1e        0xc D:\MESH\CH592EVT\EVT\EXAM\BLE\MESH\MESH_LIB\libMESH.a(mesh_api.o)
                0x0000000000005c1e                device_parmas_get
 .text.dev_mac_get
                0x0000000000005c2a        0xc D:\MESH\CH592EVT\EVT\EXAM\BLE\MESH\MESH_LIB\libMESH.a(mesh_api.o)
                0x0000000000005c2a                dev_mac_get
 .text.bt_mesh_cfg_set
                0x0000000000005c36      0x24c D:\MESH\CH592EVT\EVT\EXAM\BLE\MESH\MESH_LIB\libMESH.a(mesh_api.o)
                0x0000000000005c36                bt_mesh_cfg_set
 .text.bt_mesh_provision_adv
                0x0000000000005e82       0x3e D:\MESH\CH592EVT\EVT\EXAM\BLE\MESH\MESH_LIB\libMESH.a(mesh_api.o)
                0x0000000000005e82                bt_mesh_provision_adv
 .text.bt_mesh_start
                0x0000000000005ec0       0x26 D:\MESH\CH592EVT\EVT\EXAM\BLE\MESH\MESH_LIB\libMESH.a(mesh_api.o)
                0x0000000000005ec0                bt_mesh_start
 .text.bt_mesh_provision
                0x0000000000005ee6       0xce D:\MESH\CH592EVT\EVT\EXAM\BLE\MESH\MESH_LIB\libMESH.a(mesh_api.o)
                0x0000000000005ee6                bt_mesh_provision
 .text.bt_mesh_reset
                0x0000000000005fb4       0xba D:\MESH\CH592EVT\EVT\EXAM\BLE\MESH\MESH_LIB\libMESH.a(mesh_api.o)
                0x0000000000005fb4                bt_mesh_reset
 .text.auth_match
                0x000000000000606e       0x46 D:\MESH\CH592EVT\EVT\EXAM\BLE\MESH\MESH_LIB\libMESH.a(mesh_beacon.o)
 .text.unprov_send_start
                0x00000000000060b4       0x18 D:\MESH\CH592EVT\EVT\EXAM\BLE\MESH\MESH_LIB\libMESH.a(mesh_beacon.o)
 .text.beacon_complete
                0x00000000000060cc       0x16 D:\MESH\CH592EVT\EVT\EXAM\BLE\MESH\MESH_LIB\libMESH.a(mesh_beacon.o)
 .text.bt_mesh_beacon_create
                0x00000000000060e2       0x50 D:\MESH\CH592EVT\EVT\EXAM\BLE\MESH\MESH_LIB\libMESH.a(mesh_beacon.o)
                0x00000000000060e2                bt_mesh_beacon_create
 .text.beacon_send
                0x0000000000006132      0x1f8 D:\MESH\CH592EVT\EVT\EXAM\BLE\MESH\MESH_LIB\libMESH.a(mesh_beacon.o)
 .text.bt_mesh_beacon_ivu_initiator
                0x000000000000632a       0x4a D:\MESH\CH592EVT\EVT\EXAM\BLE\MESH\MESH_LIB\libMESH.a(mesh_beacon.o)
                0x000000000000632a                bt_mesh_beacon_ivu_initiator
 .text.bt_mesh_subnet_find
                0x0000000000006374       0x7e D:\MESH\CH592EVT\EVT\EXAM\BLE\MESH\MESH_LIB\libMESH.a(mesh_beacon.o)
                0x0000000000006374                bt_mesh_subnet_find
 .text.bt_mesh_beacon_recv
                0x00000000000063f2      0x180 D:\MESH\CH592EVT\EVT\EXAM\BLE\MESH\MESH_LIB\libMESH.a(mesh_beacon.o)
                0x00000000000063f2                bt_mesh_beacon_recv
 .text.bt_mesh_beacon_enable
                0x0000000000006572       0x52 D:\MESH\CH592EVT\EVT\EXAM\BLE\MESH\MESH_LIB\libMESH.a(mesh_beacon.o)
                0x0000000000006572                bt_mesh_beacon_enable
 .text.bt_mesh_beacon_disable
                0x00000000000065c4       0x26 D:\MESH\CH592EVT\EVT\EXAM\BLE\MESH\MESH_LIB\libMESH.a(mesh_beacon.o)
                0x00000000000065c4                bt_mesh_beacon_disable
 .text.bt_mesh_beacon_init
                0x00000000000065ea       0x1c D:\MESH\CH592EVT\EVT\EXAM\BLE\MESH\MESH_LIB\libMESH.a(mesh_beacon.o)
                0x00000000000065ea                bt_mesh_beacon_init
 .text.generic_data_ref
                0x0000000000006606        0xe D:\MESH\CH592EVT\EVT\EXAM\BLE\MESH\MESH_LIB\libMESH.a(mesh_buf.o)
 .text.heap_data_unref
                0x0000000000006614       0x22 D:\MESH\CH592EVT\EVT\EXAM\BLE\MESH\MESH_LIB\libMESH.a(mesh_buf.o)
 .text.heap_data_alloc
                0x0000000000006636       0x1e D:\MESH\CH592EVT\EVT\EXAM\BLE\MESH\MESH_LIB\libMESH.a(mesh_buf.o)
 .text.net_buf_simple_push
                0x0000000000006654       0x14 D:\MESH\CH592EVT\EVT\EXAM\BLE\MESH\MESH_LIB\libMESH.a(mesh_buf.o)
                0x0000000000006654                net_buf_simple_push
 .text.net_buf_simple_push_be16
                0x0000000000006668       0x2c D:\MESH\CH592EVT\EVT\EXAM\BLE\MESH\MESH_LIB\libMESH.a(mesh_buf.o)
                0x0000000000006668                net_buf_simple_push_be16
 .text.net_buf_simple_push_u8
                0x0000000000006694       0x18 D:\MESH\CH592EVT\EVT\EXAM\BLE\MESH\MESH_LIB\libMESH.a(mesh_buf.o)
                0x0000000000006694                net_buf_simple_push_u8
 .text.net_buf_simple_pull
                0x00000000000066ac       0x14 D:\MESH\CH592EVT\EVT\EXAM\BLE\MESH\MESH_LIB\libMESH.a(mesh_buf.o)
                0x00000000000066ac                net_buf_simple_pull
 .text.net_buf_simple_pull_mem
                0x00000000000066c0       0x14 D:\MESH\CH592EVT\EVT\EXAM\BLE\MESH\MESH_LIB\libMESH.a(mesh_buf.o)
                0x00000000000066c0                net_buf_simple_pull_mem
 .text.net_buf_simple_headroom
                0x00000000000066d4        0xa D:\MESH\CH592EVT\EVT\EXAM\BLE\MESH\MESH_LIB\libMESH.a(mesh_buf.o)
                0x00000000000066d4                net_buf_simple_headroom
 .text.net_buf_simple_tailroom
                0x00000000000066de       0x18 D:\MESH\CH592EVT\EVT\EXAM\BLE\MESH\MESH_LIB\libMESH.a(mesh_buf.o)
                0x00000000000066de                net_buf_simple_tailroom
 .text.net_buf_simple_add
                0x00000000000066f6       0x2a D:\MESH\CH592EVT\EVT\EXAM\BLE\MESH\MESH_LIB\libMESH.a(mesh_buf.o)
                0x00000000000066f6                net_buf_simple_add
 .text.net_buf_simple_add_mem
                0x0000000000006720       0x1e D:\MESH\CH592EVT\EVT\EXAM\BLE\MESH\MESH_LIB\libMESH.a(mesh_buf.o)
                0x0000000000006720                net_buf_simple_add_mem
 .text.net_buf_simple_add_u8
                0x000000000000673e       0x14 D:\MESH\CH592EVT\EVT\EXAM\BLE\MESH\MESH_LIB\libMESH.a(mesh_buf.o)
                0x000000000000673e                net_buf_simple_add_u8
 .text.net_buf_simple_add_le16
                0x0000000000006752       0x26 D:\MESH\CH592EVT\EVT\EXAM\BLE\MESH\MESH_LIB\libMESH.a(mesh_buf.o)
                0x0000000000006752                net_buf_simple_add_le16
 .text.net_buf_simple_add_be16
                0x0000000000006778       0x2e D:\MESH\CH592EVT\EVT\EXAM\BLE\MESH\MESH_LIB\libMESH.a(mesh_buf.o)
                0x0000000000006778                net_buf_simple_add_be16
 .text.net_buf_simple_add_be32
                0x00000000000067a6       0x3e D:\MESH\CH592EVT\EVT\EXAM\BLE\MESH\MESH_LIB\libMESH.a(mesh_buf.o)
                0x00000000000067a6                net_buf_simple_add_be32
 .text.net_buf_simple_pull_u8
                0x00000000000067e4       0x16 D:\MESH\CH592EVT\EVT\EXAM\BLE\MESH\MESH_LIB\libMESH.a(mesh_buf.o)
                0x00000000000067e4                net_buf_simple_pull_u8
 .text.net_buf_simple_pull_le16
                0x00000000000067fa       0x28 D:\MESH\CH592EVT\EVT\EXAM\BLE\MESH\MESH_LIB\libMESH.a(mesh_buf.o)
                0x00000000000067fa                net_buf_simple_pull_le16
 .text.net_buf_simple_pull_be16
                0x0000000000006822       0x34 D:\MESH\CH592EVT\EVT\EXAM\BLE\MESH\MESH_LIB\libMESH.a(mesh_buf.o)
                0x0000000000006822                net_buf_simple_pull_be16
 .text.net_buf_simple_pull_be32
                0x0000000000006856       0x44 D:\MESH\CH592EVT\EVT\EXAM\BLE\MESH\MESH_LIB\libMESH.a(mesh_buf.o)
                0x0000000000006856                net_buf_simple_pull_be32
 .text.net_buf_simple_reserve
                0x000000000000689a        0x8 D:\MESH\CH592EVT\EVT\EXAM\BLE\MESH\MESH_LIB\libMESH.a(mesh_buf.o)
                0x000000000000689a                net_buf_simple_reserve
 .text.net_buf_slist_put
                0x00000000000068a2       0x24 D:\MESH\CH592EVT\EVT\EXAM\BLE\MESH\MESH_LIB\libMESH.a(mesh_buf.o)
                0x00000000000068a2                net_buf_slist_put
 .text.net_buf_slist_get
                0x00000000000068c6       0x42 D:\MESH\CH592EVT\EVT\EXAM\BLE\MESH\MESH_LIB\libMESH.a(mesh_buf.o)
                0x00000000000068c6                net_buf_slist_get
 .text.net_buf_id
                0x0000000000006908       0x1a D:\MESH\CH592EVT\EVT\EXAM\BLE\MESH\MESH_LIB\libMESH.a(mesh_buf.o)
                0x0000000000006908                net_buf_id
 .text.pool_get_buf
                0x0000000000006922        0xc D:\MESH\CH592EVT\EVT\EXAM\BLE\MESH\MESH_LIB\libMESH.a(mesh_buf.o)
                0x0000000000006922                pool_get_buf
 .text.net_buf_ref
                0x000000000000692e        0xc D:\MESH\CH592EVT\EVT\EXAM\BLE\MESH\MESH_LIB\libMESH.a(mesh_buf.o)
                0x000000000000692e                net_buf_ref
 .text.net_buf_unref
                0x000000000000693a       0x56 D:\MESH\CH592EVT\EVT\EXAM\BLE\MESH\MESH_LIB\libMESH.a(mesh_buf.o)
                0x000000000000693a                net_buf_unref
 .text.net_buf_alloc_len
                0x0000000000006990       0x76 D:\MESH\CH592EVT\EVT\EXAM\BLE\MESH\MESH_LIB\libMESH.a(mesh_buf.o)
                0x0000000000006990                net_buf_alloc_len
 .text.cli_prepare
                0x0000000000006a06       0x1e D:\MESH\CH592EVT\EVT\EXAM\BLE\MESH\MESH_LIB\libMESH.a(mesh_cfg_cli.o)
 .text.cli_reset
                0x0000000000006a24       0x20 D:\MESH\CH592EVT\EVT\EXAM\BLE\MESH\MESH_LIB\libMESH.a(mesh_cfg_cli.o)
 .text.cfg_rsp_recv
                0x0000000000006a44       0x30 D:\MESH\CH592EVT\EVT\EXAM\BLE\MESH\MESH_LIB\libMESH.a(mesh_cfg_cli.o)
 .text.cfg_cli_init
                0x0000000000006a74       0x40 D:\MESH\CH592EVT\EVT\EXAM\BLE\MESH\MESH_LIB\libMESH.a(mesh_cfg_cli.o)
 .text.sync_handler
                0x0000000000006ab4       0x2e D:\MESH\CH592EVT\EVT\EXAM\BLE\MESH\MESH_LIB\libMESH.a(mesh_cfg_cli.o)
 .text.cli_wait
                0x0000000000006ae2       0x22 D:\MESH\CH592EVT\EVT\EXAM\BLE\MESH\MESH_LIB\libMESH.a(mesh_cfg_cli.o)
 .text.mod_app_bind
                0x0000000000006b04       0xb8 D:\MESH\CH592EVT\EVT\EXAM\BLE\MESH\MESH_LIB\libMESH.a(mesh_cfg_cli.o)
 .text.mod_sub  0x0000000000006bbc       0xb6 D:\MESH\CH592EVT\EVT\EXAM\BLE\MESH\MESH_LIB\libMESH.a(mesh_cfg_cli.o)
 .text.cfg_app_key
                0x0000000000006c72       0x94 D:\MESH\CH592EVT\EVT\EXAM\BLE\MESH\MESH_LIB\libMESH.a(mesh_cfg_cli.o)
 .text.vnd_sub_list
                0x0000000000006d06       0xb8 D:\MESH\CH592EVT\EVT\EXAM\BLE\MESH\MESH_LIB\libMESH.a(mesh_cfg_cli.o)
 .text.sig_sub_list
                0x0000000000006dbe       0xb4 D:\MESH\CH592EVT\EVT\EXAM\BLE\MESH\MESH_LIB\libMESH.a(mesh_cfg_cli.o)
 .text.app_key_list
                0x0000000000006e72       0xa2 D:\MESH\CH592EVT\EVT\EXAM\BLE\MESH\MESH_LIB\libMESH.a(mesh_cfg_cli.o)
 .text.vnd_app_list
                0x0000000000006f14       0xb8 D:\MESH\CH592EVT\EVT\EXAM\BLE\MESH\MESH_LIB\libMESH.a(mesh_cfg_cli.o)
 .text.sig_app_list
                0x0000000000006fcc       0xb4 D:\MESH\CH592EVT\EVT\EXAM\BLE\MESH\MESH_LIB\libMESH.a(mesh_cfg_cli.o)
 .text.krp_status
                0x0000000000007080       0x48 D:\MESH\CH592EVT\EVT\EXAM\BLE\MESH\MESH_LIB\libMESH.a(mesh_cfg_cli.o)
 .text.node_id_status
                0x00000000000070c8       0x4a D:\MESH\CH592EVT\EVT\EXAM\BLE\MESH\MESH_LIB\libMESH.a(mesh_cfg_cli.o)
 .text.reset_status
                0x0000000000007112       0x2c D:\MESH\CH592EVT\EVT\EXAM\BLE\MESH\MESH_LIB\libMESH.a(mesh_cfg_cli.o)
 .text.net_transmit
                0x000000000000713e       0x36 D:\MESH\CH592EVT\EVT\EXAM\BLE\MESH\MESH_LIB\libMESH.a(mesh_cfg_cli.o)
 .text.lpn_polltimeout_status
                0x0000000000007174       0x52 D:\MESH\CH592EVT\EVT\EXAM\BLE\MESH\MESH_LIB\libMESH.a(mesh_cfg_cli.o)
 .text.hb_pub_status
                0x00000000000071c6       0x6e D:\MESH\CH592EVT\EVT\EXAM\BLE\MESH\MESH_LIB\libMESH.a(mesh_cfg_cli.o)
 .text.hb_sub_status
                0x0000000000007234       0x72 D:\MESH\CH592EVT\EVT\EXAM\BLE\MESH\MESH_LIB\libMESH.a(mesh_cfg_cli.o)
 .text.mod_sub_status.part.13
                0x00000000000072a6       0x3e D:\MESH\CH592EVT\EVT\EXAM\BLE\MESH\MESH_LIB\libMESH.a(mesh_cfg_cli.o)
 .text.mod_sub_status
                0x00000000000072e4       0x24 D:\MESH\CH592EVT\EVT\EXAM\BLE\MESH\MESH_LIB\libMESH.a(mesh_cfg_cli.o)
 .text.mod_pub_status
                0x0000000000007308       0x74 D:\MESH\CH592EVT\EVT\EXAM\BLE\MESH\MESH_LIB\libMESH.a(mesh_cfg_cli.o)
 .text.mod_app_status
                0x000000000000737c       0x26 D:\MESH\CH592EVT\EVT\EXAM\BLE\MESH\MESH_LIB\libMESH.a(mesh_cfg_cli.o)
 .text.net_key_status
                0x00000000000073a2       0x3c D:\MESH\CH592EVT\EVT\EXAM\BLE\MESH\MESH_LIB\libMESH.a(mesh_cfg_cli.o)
 .text.relay_status
                0x00000000000073de       0x40 D:\MESH\CH592EVT\EVT\EXAM\BLE\MESH\MESH_LIB\libMESH.a(mesh_cfg_cli.o)
 .text.gatt_proxy_status.part.18
                0x000000000000741e       0x18 D:\MESH\CH592EVT\EVT\EXAM\BLE\MESH\MESH_LIB\libMESH.a(mesh_cfg_cli.o)
 .text.gatt_proxy_status
                0x0000000000007436       0x24 D:\MESH\CH592EVT\EVT\EXAM\BLE\MESH\MESH_LIB\libMESH.a(mesh_cfg_cli.o)
 .text.friend_status
                0x000000000000745a       0x24 D:\MESH\CH592EVT\EVT\EXAM\BLE\MESH\MESH_LIB\libMESH.a(mesh_cfg_cli.o)
 .text.ttl_status
                0x000000000000747e       0x24 D:\MESH\CH592EVT\EVT\EXAM\BLE\MESH\MESH_LIB\libMESH.a(mesh_cfg_cli.o)
 .text.beacon_status
                0x00000000000074a2       0x24 D:\MESH\CH592EVT\EVT\EXAM\BLE\MESH\MESH_LIB\libMESH.a(mesh_cfg_cli.o)
 .text.comp_data_status
                0x00000000000074c6       0x30 D:\MESH\CH592EVT\EVT\EXAM\BLE\MESH\MESH_LIB\libMESH.a(mesh_cfg_cli.o)
 .text.app_key_status
                0x00000000000074f6       0x40 D:\MESH\CH592EVT\EVT\EXAM\BLE\MESH\MESH_LIB\libMESH.a(mesh_cfg_cli.o)
 .text.bt_mesh_cfg_app_key_add
                0x0000000000007536       0x14 D:\MESH\CH592EVT\EVT\EXAM\BLE\MESH\MESH_LIB\libMESH.a(mesh_cfg_cli.o)
                0x0000000000007536                bt_mesh_cfg_app_key_add
 .text.bt_mesh_cfg_mod_app_bind_vnd
                0x000000000000754a       0x1a D:\MESH\CH592EVT\EVT\EXAM\BLE\MESH\MESH_LIB\libMESH.a(mesh_cfg_cli.o)
                0x000000000000754a                bt_mesh_cfg_mod_app_bind_vnd
 .text.bt_mesh_cfg_mod_sub_add_vnd
                0x0000000000007564       0x2a D:\MESH\CH592EVT\EVT\EXAM\BLE\MESH\MESH_LIB\libMESH.a(mesh_cfg_cli.o)
                0x0000000000007564                bt_mesh_cfg_mod_sub_add_vnd
 .text.cfg_srv_recv
                0x000000000000758e       0x1c D:\MESH\CH592EVT\EVT\EXAM\BLE\MESH\MESH_LIB\libMESH.a(mesh_cfg_srv.o)
 .text.send_krp_status
                0x00000000000075aa       0x5a D:\MESH\CH592EVT\EVT\EXAM\BLE\MESH\MESH_LIB\libMESH.a(mesh_cfg_srv.o)
 .text.send_friend_status
                0x0000000000007604       0x44 D:\MESH\CH592EVT\EVT\EXAM\BLE\MESH\MESH_LIB\libMESH.a(mesh_cfg_srv.o)
 .text.friend_get
                0x0000000000007648       0x18 D:\MESH\CH592EVT\EVT\EXAM\BLE\MESH\MESH_LIB\libMESH.a(mesh_cfg_srv.o)
 .text.send_net_key_status
                0x0000000000007660       0x50 D:\MESH\CH592EVT\EVT\EXAM\BLE\MESH\MESH_LIB\libMESH.a(mesh_cfg_srv.o)
 .text.krp_get  0x00000000000076b0       0x46 D:\MESH\CH592EVT\EVT\EXAM\BLE\MESH\MESH_LIB\libMESH.a(mesh_cfg_srv.o)
 .text.node_identity_get
                0x00000000000076f6       0x82 D:\MESH\CH592EVT\EVT\EXAM\BLE\MESH\MESH_LIB\libMESH.a(mesh_cfg_srv.o)
 .text.hb_pub_send_status
                0x0000000000007778       0xbc D:\MESH\CH592EVT\EVT\EXAM\BLE\MESH\MESH_LIB\libMESH.a(mesh_cfg_srv.o)
 .text.heartbeat_pub_get
                0x0000000000007834       0x1c D:\MESH\CH592EVT\EVT\EXAM\BLE\MESH\MESH_LIB\libMESH.a(mesh_cfg_srv.o)
 .text.send_mod_sub_status
                0x0000000000007850       0x8e D:\MESH\CH592EVT\EVT\EXAM\BLE\MESH\MESH_LIB\libMESH.a(mesh_cfg_srv.o)
 .text.krp_set  0x00000000000078de       0xde D:\MESH\CH592EVT\EVT\EXAM\BLE\MESH\MESH_LIB\libMESH.a(mesh_cfg_srv.o)
 .text.lpn_timeout_get
                0x00000000000079bc       0xb2 D:\MESH\CH592EVT\EVT\EXAM\BLE\MESH\MESH_LIB\libMESH.a(mesh_cfg_srv.o)
 .text.node_reset
                0x0000000000007a6e       0x56 D:\MESH\CH592EVT\EVT\EXAM\BLE\MESH\MESH_LIB\libMESH.a(mesh_cfg_srv.o)
 .text.app_key_is_valid
                0x0000000000007ac4       0x48 D:\MESH\CH592EVT\EVT\EXAM\BLE\MESH\MESH_LIB\libMESH.a(mesh_cfg_srv.o)
 .text.va_find  0x0000000000007b0c       0x58 D:\MESH\CH592EVT\EVT\EXAM\BLE\MESH\MESH_LIB\libMESH.a(mesh_cfg_srv.o)
 .text.node_identity_set
                0x0000000000007b64       0xcc D:\MESH\CH592EVT\EVT\EXAM\BLE\MESH\MESH_LIB\libMESH.a(mesh_cfg_srv.o)
 .text.net_key_update
                0x0000000000007c30       0xe0 D:\MESH\CH592EVT\EVT\EXAM\BLE\MESH\MESH_LIB\libMESH.a(mesh_cfg_srv.o)
 .text.net_key_add
                0x0000000000007d10       0xee D:\MESH\CH592EVT\EVT\EXAM\BLE\MESH\MESH_LIB\libMESH.a(mesh_cfg_srv.o)
 .text.mod_sub_get_vnd
                0x0000000000007dfe      0x13a D:\MESH\CH592EVT\EVT\EXAM\BLE\MESH\MESH_LIB\libMESH.a(mesh_cfg_srv.o)
 .text.mod_sub_get
                0x0000000000007f38      0x118 D:\MESH\CH592EVT\EVT\EXAM\BLE\MESH\MESH_LIB\libMESH.a(mesh_cfg_srv.o)
 .text.cfg_srv_init
                0x0000000000008050       0xba D:\MESH\CH592EVT\EVT\EXAM\BLE\MESH\MESH_LIB\libMESH.a(mesh_cfg_srv.o)
 .text.hb_publish
                0x000000000000810a       0x30 D:\MESH\CH592EVT\EVT\EXAM\BLE\MESH\MESH_LIB\libMESH.a(mesh_cfg_srv.o)
 .text.create_mod_app_status.isra.3
                0x000000000000813a       0x6e D:\MESH\CH592EVT\EVT\EXAM\BLE\MESH\MESH_LIB\libMESH.a(mesh_cfg_srv.o)
 .text.friend_set
                0x00000000000081a8       0x7c D:\MESH\CH592EVT\EVT\EXAM\BLE\MESH\MESH_LIB\libMESH.a(mesh_cfg_srv.o)
 .text.get_model
                0x0000000000008224       0x4c D:\MESH\CH592EVT\EVT\EXAM\BLE\MESH\MESH_LIB\libMESH.a(mesh_cfg_srv.o)
 .text.mod_app_get
                0x0000000000008270      0x134 D:\MESH\CH592EVT\EVT\EXAM\BLE\MESH\MESH_LIB\libMESH.a(mesh_cfg_srv.o)
 .text.mod_app_bind
                0x00000000000083a4      0x10a D:\MESH\CH592EVT\EVT\EXAM\BLE\MESH\MESH_LIB\libMESH.a(mesh_cfg_srv.o)
 .text.mod_sub_del
                0x00000000000084ae       0xd8 D:\MESH\CH592EVT\EVT\EXAM\BLE\MESH\MESH_LIB\libMESH.a(mesh_cfg_srv.o)
 .text.mod_sub_add
                0x0000000000008586       0xf0 D:\MESH\CH592EVT\EVT\EXAM\BLE\MESH\MESH_LIB\libMESH.a(mesh_cfg_srv.o)
 .text.send_mod_pub_status.isra.8
                0x0000000000008676       0xde D:\MESH\CH592EVT\EVT\EXAM\BLE\MESH\MESH_LIB\libMESH.a(mesh_cfg_srv.o)
 .text.mod_pub_get
                0x0000000000008754       0x80 D:\MESH\CH592EVT\EVT\EXAM\BLE\MESH\MESH_LIB\libMESH.a(mesh_cfg_srv.o)
 .text.dev_comp_data_get
                0x00000000000087d4      0x164 D:\MESH\CH592EVT\EVT\EXAM\BLE\MESH\MESH_LIB\libMESH.a(mesh_cfg_srv.o)
 .text.va_store
                0x0000000000008938       0x14 D:\MESH\CH592EVT\EVT\EXAM\BLE\MESH\MESH_LIB\libMESH.a(mesh_cfg_srv.o)
 .text.va_del   0x000000000000894c       0x36 D:\MESH\CH592EVT\EVT\EXAM\BLE\MESH\MESH_LIB\libMESH.a(mesh_cfg_srv.o)
 .text.mod_sub_va_del
                0x0000000000008982       0xe0 D:\MESH\CH592EVT\EVT\EXAM\BLE\MESH\MESH_LIB\libMESH.a(mesh_cfg_srv.o)
 .text.va_add   0x0000000000008a62       0x60 D:\MESH\CH592EVT\EVT\EXAM\BLE\MESH\MESH_LIB\libMESH.a(mesh_cfg_srv.o)
 .text.mod_sub_va_add
                0x0000000000008ac2      0x102 D:\MESH\CH592EVT\EVT\EXAM\BLE\MESH\MESH_LIB\libMESH.a(mesh_cfg_srv.o)
 .text.hb_pwr2.constprop.15
                0x0000000000008bc4       0x2a D:\MESH\CH592EVT\EVT\EXAM\BLE\MESH\MESH_LIB\libMESH.a(mesh_cfg_srv.o)
 .text.hb_start
                0x0000000000008bee       0x48 D:\MESH\CH592EVT\EVT\EXAM\BLE\MESH\MESH_LIB\libMESH.a(mesh_cfg_srv.o)
 .text.heartbeat_pub_set
                0x0000000000008c36      0x12c D:\MESH\CH592EVT\EVT\EXAM\BLE\MESH\MESH_LIB\libMESH.a(mesh_cfg_srv.o)
 .text.hb_sub_send_status.constprop.13
                0x0000000000008d62       0xde D:\MESH\CH592EVT\EVT\EXAM\BLE\MESH\MESH_LIB\libMESH.a(mesh_cfg_srv.o)
 .text.heartbeat_sub_get
                0x0000000000008e40       0x18 D:\MESH\CH592EVT\EVT\EXAM\BLE\MESH\MESH_LIB\libMESH.a(mesh_cfg_srv.o)
 .text.heartbeat_sub_set
                0x0000000000008e58      0x100 D:\MESH\CH592EVT\EVT\EXAM\BLE\MESH\MESH_LIB\libMESH.a(mesh_cfg_srv.o)
 .text._set_mesh_configserver_buf
                0x0000000000008f58       0x28 D:\MESH\CH592EVT\EVT\EXAM\BLE\MESH\MESH_LIB\libMESH.a(mesh_cfg_srv.o)
                0x0000000000008f58                _set_mesh_configserver_buf
 .text.bt_mesh_relay_init
                0x0000000000008f80        0xc D:\MESH\CH592EVT\EVT\EXAM\BLE\MESH\MESH_LIB\libMESH.a(mesh_cfg_srv.o)
                0x0000000000008f80                bt_mesh_relay_init
 .text.bt_mesh_heartbeat
                0x0000000000008f8c       0x74 D:\MESH\CH592EVT\EVT\EXAM\BLE\MESH\MESH_LIB\libMESH.a(mesh_cfg_srv.o)
                0x0000000000008f8c                bt_mesh_heartbeat
 .text.bt_mesh_net_transmit_get
                0x0000000000009000       0x14 D:\MESH\CH592EVT\EVT\EXAM\BLE\MESH\MESH_LIB\libMESH.a(mesh_cfg_srv.o)
                0x0000000000009000                bt_mesh_net_transmit_get
 .text.net_transmit_set
                0x0000000000009014       0x70 D:\MESH\CH592EVT\EVT\EXAM\BLE\MESH\MESH_LIB\libMESH.a(mesh_cfg_srv.o)
 .text.net_transmit_get
                0x0000000000009084       0x50 D:\MESH\CH592EVT\EVT\EXAM\BLE\MESH\MESH_LIB\libMESH.a(mesh_cfg_srv.o)
 .text.bt_mesh_relay_get
                0x00000000000090d4       0x14 D:\MESH\CH592EVT\EVT\EXAM\BLE\MESH\MESH_LIB\libMESH.a(mesh_cfg_srv.o)
                0x00000000000090d4                bt_mesh_relay_get
 .text.bt_mesh_friend_get
                0x00000000000090e8       0x14 D:\MESH\CH592EVT\EVT\EXAM\BLE\MESH\MESH_LIB\libMESH.a(mesh_cfg_srv.o)
                0x00000000000090e8                bt_mesh_friend_get
 .text.bt_mesh_relay_retransmit_get
                0x00000000000090fc       0x14 D:\MESH\CH592EVT\EVT\EXAM\BLE\MESH\MESH_LIB\libMESH.a(mesh_cfg_srv.o)
                0x00000000000090fc                bt_mesh_relay_retransmit_get
 .text.relay_set
                0x0000000000009110       0xae D:\MESH\CH592EVT\EVT\EXAM\BLE\MESH\MESH_LIB\libMESH.a(mesh_cfg_srv.o)
 .text.relay_get
                0x00000000000091be       0x5c D:\MESH\CH592EVT\EVT\EXAM\BLE\MESH\MESH_LIB\libMESH.a(mesh_cfg_srv.o)
 .text.bt_mesh_beacon_get
                0x000000000000921a       0x14 D:\MESH\CH592EVT\EVT\EXAM\BLE\MESH\MESH_LIB\libMESH.a(mesh_cfg_srv.o)
                0x000000000000921a                bt_mesh_beacon_get
 .text.beacon_set
                0x000000000000922e       0x8c D:\MESH\CH592EVT\EVT\EXAM\BLE\MESH\MESH_LIB\libMESH.a(mesh_cfg_srv.o)
 .text.beacon_get
                0x00000000000092ba       0x4e D:\MESH\CH592EVT\EVT\EXAM\BLE\MESH\MESH_LIB\libMESH.a(mesh_cfg_srv.o)
 .text.bt_mesh_gatt_proxy_get
                0x0000000000009308       0x14 D:\MESH\CH592EVT\EVT\EXAM\BLE\MESH\MESH_LIB\libMESH.a(mesh_cfg_srv.o)
                0x0000000000009308                bt_mesh_gatt_proxy_get
 .text.send_gatt_proxy_status
                0x000000000000931c       0x42 D:\MESH\CH592EVT\EVT\EXAM\BLE\MESH\MESH_LIB\libMESH.a(mesh_cfg_srv.o)
 .text.gatt_proxy_get
                0x000000000000935e       0x18 D:\MESH\CH592EVT\EVT\EXAM\BLE\MESH\MESH_LIB\libMESH.a(mesh_cfg_srv.o)
 .text.gatt_proxy_set
                0x0000000000009376       0x7c D:\MESH\CH592EVT\EVT\EXAM\BLE\MESH\MESH_LIB\libMESH.a(mesh_cfg_srv.o)
 .text.bt_mesh_default_ttl_get
                0x00000000000093f2       0x14 D:\MESH\CH592EVT\EVT\EXAM\BLE\MESH\MESH_LIB\libMESH.a(mesh_cfg_srv.o)
                0x00000000000093f2                bt_mesh_default_ttl_get
 .text.default_ttl_set
                0x0000000000009406       0x86 D:\MESH\CH592EVT\EVT\EXAM\BLE\MESH\MESH_LIB\libMESH.a(mesh_cfg_srv.o)
 .text.default_ttl_get
                0x000000000000948c       0x4e D:\MESH\CH592EVT\EVT\EXAM\BLE\MESH\MESH_LIB\libMESH.a(mesh_cfg_srv.o)
 .text.bt_mesh_label_uuid_get
                0x00000000000094da       0x3a D:\MESH\CH592EVT\EVT\EXAM\BLE\MESH\MESH_LIB\libMESH.a(mesh_cfg_srv.o)
                0x00000000000094da                bt_mesh_label_uuid_get
 .text._mod_pub_set
                0x0000000000009514      0x112 D:\MESH\CH592EVT\EVT\EXAM\BLE\MESH\MESH_LIB\libMESH.a(mesh_cfg_srv.o)
 .text.mod_unbind.part.11
                0x0000000000009626       0x66 D:\MESH\CH592EVT\EVT\EXAM\BLE\MESH\MESH_LIB\libMESH.a(mesh_cfg_srv.o)
 .text.mod_app_unbind
                0x000000000000968c       0xc0 D:\MESH\CH592EVT\EVT\EXAM\BLE\MESH\MESH_LIB\libMESH.a(mesh_cfg_srv.o)
 .text._mod_unbind
                0x000000000000974c       0x2c D:\MESH\CH592EVT\EVT\EXAM\BLE\MESH\MESH_LIB\libMESH.a(mesh_cfg_srv.o)
 .text.mod_pub_va_set
                0x0000000000009778       0xfe D:\MESH\CH592EVT\EVT\EXAM\BLE\MESH\MESH_LIB\libMESH.a(mesh_cfg_srv.o)
 .text.mod_pub_set
                0x0000000000009876       0xdc D:\MESH\CH592EVT\EVT\EXAM\BLE\MESH\MESH_LIB\libMESH.a(mesh_cfg_srv.o)
 .text.mod_sub_list_clear.isra.12
                0x0000000000009952       0x78 D:\MESH\CH592EVT\EVT\EXAM\BLE\MESH\MESH_LIB\libMESH.a(mesh_cfg_srv.o)
 .text.mod_sub_del_all
                0x00000000000099ca       0xae D:\MESH\CH592EVT\EVT\EXAM\BLE\MESH\MESH_LIB\libMESH.a(mesh_cfg_srv.o)
 .text.mod_sub_va_overwrite
                0x0000000000009a78       0xf0 D:\MESH\CH592EVT\EVT\EXAM\BLE\MESH\MESH_LIB\libMESH.a(mesh_cfg_srv.o)
 .text.mod_sub_overwrite
                0x0000000000009b68       0xe8 D:\MESH\CH592EVT\EVT\EXAM\BLE\MESH\MESH_LIB\libMESH.a(mesh_cfg_srv.o)
 .text.mod_reset
                0x0000000000009c50       0x32 D:\MESH\CH592EVT\EVT\EXAM\BLE\MESH\MESH_LIB\libMESH.a(mesh_cfg_srv.o)
 .text.bt_mesh_hb_pub_get
                0x0000000000009c82       0x14 D:\MESH\CH592EVT\EVT\EXAM\BLE\MESH\MESH_LIB\libMESH.a(mesh_cfg_srv.o)
                0x0000000000009c82                bt_mesh_hb_pub_get
 .text.bt_mesh_cfg_get
                0x0000000000009c96        0xc D:\MESH\CH592EVT\EVT\EXAM\BLE\MESH\MESH_LIB\libMESH.a(mesh_cfg_srv.o)
                0x0000000000009c96                bt_mesh_cfg_get
 .text.key_idx_pack
                0x0000000000009ca2       0x2c D:\MESH\CH592EVT\EVT\EXAM\BLE\MESH\MESH_LIB\libMESH.a(mesh_cfg_srv.o)
                0x0000000000009ca2                key_idx_pack
 .text.net_key_get
                0x0000000000009cce       0xa4 D:\MESH\CH592EVT\EVT\EXAM\BLE\MESH\MESH_LIB\libMESH.a(mesh_cfg_srv.o)
 .text.app_key_get
                0x0000000000009d72       0xd4 D:\MESH\CH592EVT\EVT\EXAM\BLE\MESH\MESH_LIB\libMESH.a(mesh_cfg_srv.o)
 .text.key_idx_unpack
                0x0000000000009e46       0x36 D:\MESH\CH592EVT\EVT\EXAM\BLE\MESH\MESH_LIB\libMESH.a(mesh_cfg_srv.o)
                0x0000000000009e46                key_idx_unpack
 .text.bt_mesh_app_key_alloc
                0x0000000000009e7c       0x3a D:\MESH\CH592EVT\EVT\EXAM\BLE\MESH\MESH_LIB\libMESH.a(mesh_cfg_srv.o)
                0x0000000000009e7c                bt_mesh_app_key_alloc
 .text.app_key_set
                0x0000000000009eb6       0xc4 D:\MESH\CH592EVT\EVT\EXAM\BLE\MESH\MESH_LIB\libMESH.a(mesh_cfg_srv.o)
 .text.app_key_update
                0x0000000000009f7a       0x88 D:\MESH\CH592EVT\EVT\EXAM\BLE\MESH\MESH_LIB\libMESH.a(mesh_cfg_srv.o)
 .text.app_key_add
                0x000000000000a002       0x86 D:\MESH\CH592EVT\EVT\EXAM\BLE\MESH\MESH_LIB\libMESH.a(mesh_cfg_srv.o)
 .text.get_label
                0x000000000000a088        0xc D:\MESH\CH592EVT\EVT\EXAM\BLE\MESH\MESH_LIB\libMESH.a(mesh_cfg_srv.o)
                0x000000000000a088                get_label
 .text.bt_mesh_app_key_del
                0x000000000000a094       0x46 D:\MESH\CH592EVT\EVT\EXAM\BLE\MESH\MESH_LIB\libMESH.a(mesh_cfg_srv.o)
                0x000000000000a094                bt_mesh_app_key_del
 .text.app_key_del
                0x000000000000a0da       0xa2 D:\MESH\CH592EVT\EVT\EXAM\BLE\MESH\MESH_LIB\libMESH.a(mesh_cfg_srv.o)
 .text.bt_mesh_subnet_del
                0x000000000000a17c       0xa0 D:\MESH\CH592EVT\EVT\EXAM\BLE\MESH\MESH_LIB\libMESH.a(mesh_cfg_srv.o)
                0x000000000000a17c                bt_mesh_subnet_del
 .text.net_key_del
                0x000000000000a21c       0x64 D:\MESH\CH592EVT\EVT\EXAM\BLE\MESH\MESH_LIB\libMESH.a(mesh_cfg_srv.o)
 .text.bt_mesh_cfg_reset
                0x000000000000a280       0x6c D:\MESH\CH592EVT\EVT\EXAM\BLE\MESH\MESH_LIB\libMESH.a(mesh_cfg_srv.o)
                0x000000000000a280                bt_mesh_cfg_reset
 .text.sys_put_be32
                0x000000000000a2ec       0x22 D:\MESH\CH592EVT\EVT\EXAM\BLE\MESH\MESH_LIB\libMESH.a(mesh_crypto.o)
 .text.create_net_nonce
                0x000000000000a30e       0x4e D:\MESH\CH592EVT\EVT\EXAM\BLE\MESH\MESH_LIB\libMESH.a(mesh_crypto.o)
 .text.uECC_RNG_CB
                0x000000000000a35c       0x64 D:\MESH\CH592EVT\EVT\EXAM\BLE\MESH\MESH_LIB\libMESH.a(mesh_crypto.o)
 .text._copy    0x000000000000a3c0       0x26 D:\MESH\CH592EVT\EVT\EXAM\BLE\MESH\MESH_LIB\libMESH.a(mesh_crypto.o)
                0x000000000000a3c0                _copy
 .text.gf_double
                0x000000000000a3e6       0x2e D:\MESH\CH592EVT\EVT\EXAM\BLE\MESH\MESH_LIB\libMESH.a(mesh_crypto.o)
                0x000000000000a3e6                gf_double
 .text.tc_aes_encrypt
                0x000000000000a414       0x16 D:\MESH\CH592EVT\EVT\EXAM\BLE\MESH\MESH_LIB\libMESH.a(mesh_crypto.o)
                0x000000000000a414                tc_aes_encrypt
 .text.tc_aes128_set_encrypt_key
                0x000000000000a42a       0x1e D:\MESH\CH592EVT\EVT\EXAM\BLE\MESH\MESH_LIB\libMESH.a(mesh_crypto.o)
                0x000000000000a42a                tc_aes128_set_encrypt_key
 .text.tc_cmac_init
                0x000000000000a448       0x32 D:\MESH\CH592EVT\EVT\EXAM\BLE\MESH\MESH_LIB\libMESH.a(mesh_crypto.o)
                0x000000000000a448                tc_cmac_init
 .text.tc_cmac_setup
                0x000000000000a47a       0x60 D:\MESH\CH592EVT\EVT\EXAM\BLE\MESH\MESH_LIB\libMESH.a(mesh_crypto.o)
                0x000000000000a47a                tc_cmac_setup
 .text.bt_mesh_rand
                0x000000000000a4da       0x64 D:\MESH\CH592EVT\EVT\EXAM\BLE\MESH\MESH_LIB\libMESH.a(mesh_crypto.o)
                0x000000000000a4da                bt_mesh_rand
 .text.tc_cmac_update
                0x000000000000a53e       0xe0 D:\MESH\CH592EVT\EVT\EXAM\BLE\MESH\MESH_LIB\libMESH.a(mesh_crypto.o)
                0x000000000000a53e                tc_cmac_update
 .text.tc_cmac_erase
                0x000000000000a61e       0x1a D:\MESH\CH592EVT\EVT\EXAM\BLE\MESH\MESH_LIB\libMESH.a(mesh_crypto.o)
                0x000000000000a61e                tc_cmac_erase
 .text.tc_cmac_final
                0x000000000000a638       0x7c D:\MESH\CH592EVT\EVT\EXAM\BLE\MESH\MESH_LIB\libMESH.a(mesh_crypto.o)
                0x000000000000a638                tc_cmac_final
 .text.bt_mesh_aes_cmac
                0x000000000000a6b4       0x42 D:\MESH\CH592EVT\EVT\EXAM\BLE\MESH\MESH_LIB\libMESH.a(mesh_crypto.o)
                0x000000000000a6b4                bt_mesh_aes_cmac
 .text.bt_mesh_aes_cmac_one
                0x000000000000a6f6       0x18 D:\MESH\CH592EVT\EVT\EXAM\BLE\MESH\MESH_LIB\libMESH.a(mesh_crypto.o)
 .text.bt_mesh_s1
                0x000000000000a70e       0x2c D:\MESH\CH592EVT\EVT\EXAM\BLE\MESH\MESH_LIB\libMESH.a(mesh_crypto.o)
 .text.bt_mesh_beacon_auth
                0x000000000000a73a       0x4e D:\MESH\CH592EVT\EVT\EXAM\BLE\MESH\MESH_LIB\libMESH.a(mesh_crypto.o)
                0x000000000000a73a                bt_mesh_beacon_auth
 .text.bt_encrypt_be
                0x000000000000a788       0x2c D:\MESH\CH592EVT\EVT\EXAM\BLE\MESH\MESH_LIB\libMESH.a(mesh_crypto.o)
                0x000000000000a788                bt_encrypt_be
 .text.bt_mesh_ccm_encrypt
                0x000000000000a7b4      0x2b8 D:\MESH\CH592EVT\EVT\EXAM\BLE\MESH\MESH_LIB\libMESH.a(mesh_crypto.o)
 .text.bt_mesh_ccm_decrypt
                0x000000000000aa6c      0x2e0 D:\MESH\CH592EVT\EVT\EXAM\BLE\MESH\MESH_LIB\libMESH.a(mesh_crypto.o)
 .text.bt_mesh_net_obfuscate
                0x000000000000ad4c       0x5a D:\MESH\CH592EVT\EVT\EXAM\BLE\MESH\MESH_LIB\libMESH.a(mesh_crypto.o)
                0x000000000000ad4c                bt_mesh_net_obfuscate
 .text.bt_mesh_net_encrypt
                0x000000000000ada6       0xac D:\MESH\CH592EVT\EVT\EXAM\BLE\MESH\MESH_LIB\libMESH.a(mesh_crypto.o)
                0x000000000000ada6                bt_mesh_net_encrypt
 .text.bt_mesh_net_decrypt
                0x000000000000ae52       0xa8 D:\MESH\CH592EVT\EVT\EXAM\BLE\MESH\MESH_LIB\libMESH.a(mesh_crypto.o)
                0x000000000000ae52                bt_mesh_net_decrypt
 .text.bt_mesh_app_encrypt
                0x000000000000aefa       0x8a D:\MESH\CH592EVT\EVT\EXAM\BLE\MESH\MESH_LIB\libMESH.a(mesh_crypto.o)
                0x000000000000aefa                bt_mesh_app_encrypt
 .text.bt_mesh_app_decrypt
                0x000000000000af84       0x8a D:\MESH\CH592EVT\EVT\EXAM\BLE\MESH\MESH_LIB\libMESH.a(mesh_crypto.o)
                0x000000000000af84                bt_mesh_app_decrypt
 .text.bt_mesh_fcs_calc
                0x000000000000b00e       0x2c D:\MESH\CH592EVT\EVT\EXAM\BLE\MESH\MESH_LIB\libMESH.a(mesh_crypto.o)
                0x000000000000b00e                bt_mesh_fcs_calc
 .text.bt_mesh_fcs_check
                0x000000000000b03a       0x44 D:\MESH\CH592EVT\EVT\EXAM\BLE\MESH\MESH_LIB\libMESH.a(mesh_crypto.o)
                0x000000000000b03a                bt_mesh_fcs_check
 .text.bt_mesh_k1
                0x000000000000b07e       0x30 D:\MESH\CH592EVT\EVT\EXAM\BLE\MESH\MESH_LIB\libMESH.a(mesh_crypto.o)
                0x000000000000b07e                bt_mesh_k1
 .text.bt_mesh_k2
                0x000000000000b0ae       0xb8 D:\MESH\CH592EVT\EVT\EXAM\BLE\MESH\MESH_LIB\libMESH.a(mesh_crypto.o)
                0x000000000000b0ae                bt_mesh_k2
 .text.bt_mesh_k3
                0x000000000000b166       0x62 D:\MESH\CH592EVT\EVT\EXAM\BLE\MESH\MESH_LIB\libMESH.a(mesh_crypto.o)
                0x000000000000b166                bt_mesh_k3
 .text.bt_mesh_k4
                0x000000000000b1c8       0x54 D:\MESH\CH592EVT\EVT\EXAM\BLE\MESH\MESH_LIB\libMESH.a(mesh_crypto.o)
                0x000000000000b1c8                bt_mesh_k4
 .text.bt_mesh_prov_encrypt
                0x000000000000b21c       0x16 D:\MESH\CH592EVT\EVT\EXAM\BLE\MESH\MESH_LIB\libMESH.a(mesh_crypto.o)
                0x000000000000b21c                bt_mesh_prov_encrypt
 .text.bt_mesh_prov_decrypt
                0x000000000000b232       0x16 D:\MESH\CH592EVT\EVT\EXAM\BLE\MESH\MESH_LIB\libMESH.a(mesh_crypto.o)
                0x000000000000b232                bt_mesh_prov_decrypt
 .text.bt_mesh_id128
                0x000000000000b248       0x2e D:\MESH\CH592EVT\EVT\EXAM\BLE\MESH\MESH_LIB\libMESH.a(mesh_crypto.o)
                0x000000000000b248                bt_mesh_id128
 .text.bt_mesh_prov_conf
                0x000000000000b276       0x1e D:\MESH\CH592EVT\EVT\EXAM\BLE\MESH\MESH_LIB\libMESH.a(mesh_crypto.o)
                0x000000000000b276                bt_mesh_prov_conf
 .text.bt_mesh_prov_conf_salt
                0x000000000000b294       0x22 D:\MESH\CH592EVT\EVT\EXAM\BLE\MESH\MESH_LIB\libMESH.a(mesh_crypto.o)
                0x000000000000b294                bt_mesh_prov_conf_salt
 .text.bt_mesh_prov_conf_key
                0x000000000000b2b6       0x1c D:\MESH\CH592EVT\EVT\EXAM\BLE\MESH\MESH_LIB\libMESH.a(mesh_crypto.o)
                0x000000000000b2b6                bt_mesh_prov_conf_key
 .text.bt_mesh_prov_salt
                0x000000000000b2d2       0x2c D:\MESH\CH592EVT\EVT\EXAM\BLE\MESH\MESH_LIB\libMESH.a(mesh_crypto.o)
                0x000000000000b2d2                bt_mesh_prov_salt
 .text.bt_mesh_virtual_addr
                0x000000000000b2fe       0x46 D:\MESH\CH592EVT\EVT\EXAM\BLE\MESH\MESH_LIB\libMESH.a(mesh_crypto.o)
                0x000000000000b2fe                bt_mesh_virtual_addr
 .text.bt_mesh_pub_key_get_alt
                0x000000000000b344       0x3a D:\MESH\CH592EVT\EVT\EXAM\BLE\MESH\MESH_LIB\libMESH.a(mesh_crypto.o)
                0x000000000000b344                bt_mesh_pub_key_get_alt
 .text.bt_mesh_dh_key_gen_alt
                0x000000000000b37e       0x32 D:\MESH\CH592EVT\EVT\EXAM\BLE\MESH\MESH_LIB\libMESH.a(mesh_crypto.o)
                0x000000000000b37e                bt_mesh_dh_key_gen_alt
 .text.ble_sm_alg_ecc_init
                0x000000000000b3b0       0x20 D:\MESH\CH592EVT\EVT\EXAM\BLE\MESH\MESH_LIB\libMESH.a(mesh_crypto.o)
                0x000000000000b3b0                ble_sm_alg_ecc_init
 .text.friend_adv_alloc
                0x000000000000b3d0       0x18 D:\MESH\CH592EVT\EVT\EXAM\BLE\MESH\MESH_LIB\libMESH.a(mesh_friend.o)
 .text.purge_buffers
                0x000000000000b3e8       0x2e D:\MESH\CH592EVT\EVT\EXAM\BLE\MESH\MESH_LIB\libMESH.a(mesh_friend.o)
 .text.friend_clear
                0x000000000000b416       0x96 D:\MESH\CH592EVT\EVT\EXAM\BLE\MESH\MESH_LIB\libMESH.a(mesh_friend.o)
 .text.friend_lpn_matches
                0x000000000000b4ac       0x76 D:\MESH\CH592EVT\EVT\EXAM\BLE\MESH\MESH_LIB\libMESH.a(mesh_friend.o)
 .text.create_friend_pdu.isra.10
                0x000000000000b522       0x94 D:\MESH\CH592EVT\EVT\EXAM\BLE\MESH\MESH_LIB\libMESH.a(mesh_friend.o)
 .text.encode_friend_ctl.isra.12
                0x000000000000b5b6       0x56 D:\MESH\CH592EVT\EVT\EXAM\BLE\MESH\MESH_LIB\libMESH.a(mesh_friend.o)
 .text.is_seg   0x000000000000b60c       0x66 D:\MESH\CH592EVT\EVT\EXAM\BLE\MESH\MESH_LIB\libMESH.a(mesh_friend.o)
 .text.friend_queue_has_space.isra.5.part.6
                0x000000000000b672       0x5a D:\MESH\CH592EVT\EVT\EXAM\BLE\MESH\MESH_LIB\libMESH.a(mesh_friend.o)
 .text.enqueue_update.constprop.21
                0x000000000000b6cc       0x9c D:\MESH\CH592EVT\EVT\EXAM\BLE\MESH\MESH_LIB\libMESH.a(mesh_friend.o)
 .text._set_mesh_friend_buf
                0x000000000000b768       0x98 D:\MESH\CH592EVT\EVT\EXAM\BLE\MESH\MESH_LIB\libMESH.a(mesh_friend.o)
                0x000000000000b768                _set_mesh_friend_buf
 .text.bt_mesh_friend_match
                0x000000000000b800       0x40 D:\MESH\CH592EVT\EVT\EXAM\BLE\MESH\MESH_LIB\libMESH.a(mesh_friend.o)
                0x000000000000b800                bt_mesh_friend_match
 .text.bt_mesh_friend_queue_has_space
                0x000000000000b840       0x68 D:\MESH\CH592EVT\EVT\EXAM\BLE\MESH\MESH_LIB\libMESH.a(mesh_friend.o)
                0x000000000000b840                bt_mesh_friend_queue_has_space
 .text.bt_mesh_friend_find
                0x000000000000b8a8       0x7a D:\MESH\CH592EVT\EVT\EXAM\BLE\MESH\MESH_LIB\libMESH.a(mesh_friend.o)
                0x000000000000b8a8                bt_mesh_friend_find
 .text.bt_mesh_friend_clear_net_idx
                0x000000000000b922       0x46 D:\MESH\CH592EVT\EVT\EXAM\BLE\MESH\MESH_LIB\libMESH.a(mesh_friend.o)
                0x000000000000b922                bt_mesh_friend_clear_net_idx
 .text.bt_mesh_friend_clear_incomplete
                0x000000000000b968       0x7e D:\MESH\CH592EVT\EVT\EXAM\BLE\MESH\MESH_LIB\libMESH.a(mesh_friend.o)
                0x000000000000b968                bt_mesh_friend_clear_incomplete
 .text.bt_mesh_friend_sec_update
                0x000000000000b9e6       0xcc D:\MESH\CH592EVT\EVT\EXAM\BLE\MESH\MESH_LIB\libMESH.a(mesh_friend.o)
                0x000000000000b9e6                bt_mesh_friend_sec_update
 .text.hal_rx_real
                0x000000000000bab2       0x32 D:\MESH\CH592EVT\EVT\EXAM\BLE\MESH\MESH_LIB\libMESH.a(mesh_hal_rf.o)
 .text.next_channel
                0x000000000000bae4       0x8a D:\MESH\CH592EVT\EVT\EXAM\BLE\MESH\MESH_LIB\libMESH.a(mesh_hal_rf.o)
 .text.rx_req_process
                0x000000000000bb6e       0x8a D:\MESH\CH592EVT\EVT\EXAM\BLE\MESH\MESH_LIB\libMESH.a(mesh_hal_rf.o)
 .text.hal_rf_ntf_cb
                0x000000000000bbf8       0xb6 D:\MESH\CH592EVT\EVT\EXAM\BLE\MESH\MESH_LIB\libMESH.a(mesh_hal_rf.o)
 .text.first_remove.part.3
                0x000000000000bcae       0x3e D:\MESH\CH592EVT\EVT\EXAM\BLE\MESH\MESH_LIB\libMESH.a(mesh_hal_rf.o)
 .text.tx_timeout_process
                0x000000000000bcec       0x4a D:\MESH\CH592EVT\EVT\EXAM\BLE\MESH\MESH_LIB\libMESH.a(mesh_hal_rf.o)
 .text.hal_rf_set_rx_cb
                0x000000000000bd36        0xa D:\MESH\CH592EVT\EVT\EXAM\BLE\MESH\MESH_LIB\libMESH.a(mesh_hal_rf.o)
                0x000000000000bd36                hal_rf_set_rx_cb
 .text.tx_req_process
                0x000000000000bd40       0xd6 D:\MESH\CH592EVT\EVT\EXAM\BLE\MESH\MESH_LIB\libMESH.a(mesh_hal_rf.o)
 .text.rf_process_evt
                0x000000000000be16      0x1ee D:\MESH\CH592EVT\EVT\EXAM\BLE\MESH\MESH_LIB\libMESH.a(mesh_hal_rf.o)
 .text.hal_rf_init
                0x000000000000c004       0x8a D:\MESH\CH592EVT\EVT\EXAM\BLE\MESH\MESH_LIB\libMESH.a(mesh_hal_rf.o)
                0x000000000000c004                hal_rf_init
 .text.hal_rf_rx_start
                0x000000000000c08e       0xaa D:\MESH\CH592EVT\EVT\EXAM\BLE\MESH\MESH_LIB\libMESH.a(mesh_hal_rf.o)
                0x000000000000c08e                hal_rf_rx_start
 .text.hal_rf_rx_cancel
                0x000000000000c138       0x58 D:\MESH\CH592EVT\EVT\EXAM\BLE\MESH\MESH_LIB\libMESH.a(mesh_hal_rf.o)
                0x000000000000c138                hal_rf_rx_cancel
 .text.hal_rf_tx_send
                0x000000000000c190       0x64 D:\MESH\CH592EVT\EVT\EXAM\BLE\MESH\MESH_LIB\libMESH.a(mesh_hal_rf.o)
                0x000000000000c190                hal_rf_tx_send
 .text.cli_reset
                0x000000000000c1f4       0x20 D:\MESH\CH592EVT\EVT\EXAM\BLE\MESH\MESH_LIB\libMESH.a(mesh_health_cli.o)
 .text.cfg_rsp_recv
                0x000000000000c214       0x30 D:\MESH\CH592EVT\EVT\EXAM\BLE\MESH\MESH_LIB\libMESH.a(mesh_health_cli.o)
 .text.health_current_status
                0x000000000000c244       0x3c D:\MESH\CH592EVT\EVT\EXAM\BLE\MESH\MESH_LIB\libMESH.a(mesh_health_cli.o)
 .text.health_cli_init
                0x000000000000c280       0x38 D:\MESH\CH592EVT\EVT\EXAM\BLE\MESH\MESH_LIB\libMESH.a(mesh_health_cli.o)
 .text.sync_handler
                0x000000000000c2b8       0x20 D:\MESH\CH592EVT\EVT\EXAM\BLE\MESH\MESH_LIB\libMESH.a(mesh_health_cli.o)
 .text.health_attention_status
                0x000000000000c2d8       0x34 D:\MESH\CH592EVT\EVT\EXAM\BLE\MESH\MESH_LIB\libMESH.a(mesh_health_cli.o)
 .text.health_period_status
                0x000000000000c30c       0x36 D:\MESH\CH592EVT\EVT\EXAM\BLE\MESH\MESH_LIB\libMESH.a(mesh_health_cli.o)
 .text.health_fault_status
                0x000000000000c342       0x48 D:\MESH\CH592EVT\EVT\EXAM\BLE\MESH\MESH_LIB\libMESH.a(mesh_health_cli.o)
 .text.attention_off
                0x000000000000c38a       0x20 D:\MESH\CH592EVT\EVT\EXAM\BLE\MESH\MESH_LIB\libMESH.a(mesh_health_srv.o)
 .text.health_period_set_unack
                0x000000000000c3aa       0x28 D:\MESH\CH592EVT\EVT\EXAM\BLE\MESH\MESH_LIB\libMESH.a(mesh_health_srv.o)
 .text.send_attention_status
                0x000000000000c3d2       0x56 D:\MESH\CH592EVT\EVT\EXAM\BLE\MESH\MESH_LIB\libMESH.a(mesh_health_srv.o)
 .text.attention_get
                0x000000000000c428        0xc D:\MESH\CH592EVT\EVT\EXAM\BLE\MESH\MESH_LIB\libMESH.a(mesh_health_srv.o)
 .text.send_health_period_status
                0x000000000000c434       0x46 D:\MESH\CH592EVT\EVT\EXAM\BLE\MESH\MESH_LIB\libMESH.a(mesh_health_srv.o)
 .text.health_period_set
                0x000000000000c47a       0x18 D:\MESH\CH592EVT\EVT\EXAM\BLE\MESH\MESH_LIB\libMESH.a(mesh_health_srv.o)
 .text.health_period_get
                0x000000000000c492        0xc D:\MESH\CH592EVT\EVT\EXAM\BLE\MESH\MESH_LIB\libMESH.a(mesh_health_srv.o)
 .text.health_fault_test_unack
                0x000000000000c49e       0x38 D:\MESH\CH592EVT\EVT\EXAM\BLE\MESH\MESH_LIB\libMESH.a(mesh_health_srv.o)
 .text.health_fault_clear_unack
                0x000000000000c4d6       0x22 D:\MESH\CH592EVT\EVT\EXAM\BLE\MESH\MESH_LIB\libMESH.a(mesh_health_srv.o)
 .text.health_get_registered
                0x000000000000c4f8       0x76 D:\MESH\CH592EVT\EVT\EXAM\BLE\MESH\MESH_LIB\libMESH.a(mesh_health_srv.o)
 .text.health_fault_test
                0x000000000000c56e       0x48 D:\MESH\CH592EVT\EVT\EXAM\BLE\MESH\MESH_LIB\libMESH.a(mesh_health_srv.o)
 .text.health_fault_clear
                0x000000000000c5b6       0x50 D:\MESH\CH592EVT\EVT\EXAM\BLE\MESH\MESH_LIB\libMESH.a(mesh_health_srv.o)
 .text.health_fault_get
                0x000000000000c606       0x42 D:\MESH\CH592EVT\EVT\EXAM\BLE\MESH\MESH_LIB\libMESH.a(mesh_health_srv.o)
 .text.health_srv_init
                0x000000000000c648       0x50 D:\MESH\CH592EVT\EVT\EXAM\BLE\MESH\MESH_LIB\libMESH.a(mesh_health_srv.o)
 .text.health_pub_update
                0x000000000000c698       0xbc D:\MESH\CH592EVT\EVT\EXAM\BLE\MESH\MESH_LIB\libMESH.a(mesh_health_srv.o)
 .text.bt_mesh_attention
                0x000000000000c754       0x5c D:\MESH\CH592EVT\EVT\EXAM\BLE\MESH\MESH_LIB\libMESH.a(mesh_health_srv.o)
                0x000000000000c754                bt_mesh_attention
 .text.attention_set_unack
                0x000000000000c7b0       0x18 D:\MESH\CH592EVT\EVT\EXAM\BLE\MESH\MESH_LIB\libMESH.a(mesh_health_srv.o)
 .text.attention_set
                0x000000000000c7c8       0x18 D:\MESH\CH592EVT\EVT\EXAM\BLE\MESH\MESH_LIB\libMESH.a(mesh_health_srv.o)
 .text.bt_mesh_atomic_test_bit
                0x000000000000c7e0        0xa D:\MESH\CH592EVT\EVT\EXAM\BLE\MESH\MESH_LIB\libMESH.a(mesh_lpn.o)
 .text.send_friend_poll
                0x000000000000c7ea       0xba D:\MESH\CH592EVT\EVT\EXAM\BLE\MESH\MESH_LIB\libMESH.a(mesh_lpn.o)
 .text.sub_update
                0x000000000000c8a4      0x17e D:\MESH\CH592EVT\EVT\EXAM\BLE\MESH\MESH_LIB\libMESH.a(mesh_lpn.o)
 .text.clear_friendship
                0x000000000000ca22      0x1a2 D:\MESH\CH592EVT\EVT\EXAM\BLE\MESH\MESH_LIB\libMESH.a(mesh_lpn.o)
 .text.req_sent
                0x000000000000cbc4       0x74 D:\MESH\CH592EVT\EVT\EXAM\BLE\MESH\MESH_LIB\libMESH.a(mesh_lpn.o)
 .text.friend_clear_sent
                0x000000000000cc38       0x58 D:\MESH\CH592EVT\EVT\EXAM\BLE\MESH\MESH_LIB\libMESH.a(mesh_lpn.o)
 .text.friend_response_received.constprop.5
                0x000000000000cc90       0x6c D:\MESH\CH592EVT\EVT\EXAM\BLE\MESH\MESH_LIB\libMESH.a(mesh_lpn.o)
 .text.bt_mesh_lpn_poll
                0x000000000000ccfc       0x1c D:\MESH\CH592EVT\EVT\EXAM\BLE\MESH\MESH_LIB\libMESH.a(mesh_lpn.o)
                0x000000000000ccfc                bt_mesh_lpn_poll
 .text.bt_mesh_lpn_disable
                0x000000000000cd18       0x1c D:\MESH\CH592EVT\EVT\EXAM\BLE\MESH\MESH_LIB\libMESH.a(mesh_lpn.o)
                0x000000000000cd18                bt_mesh_lpn_disable
 .text.bt_mesh_lpn_group_add
                0x000000000000cd34       0x7a D:\MESH\CH592EVT\EVT\EXAM\BLE\MESH\MESH_LIB\libMESH.a(mesh_lpn.o)
                0x000000000000cd34                bt_mesh_lpn_group_add
 .text.bt_mesh_lpn_group_del
                0x000000000000cdae       0xac D:\MESH\CH592EVT\EVT\EXAM\BLE\MESH\MESH_LIB\libMESH.a(mesh_lpn.o)
                0x000000000000cdae                bt_mesh_lpn_group_del
 .text.bt_mesh_lpn_msg_received
                0x000000000000ce5a       0x20 D:\MESH\CH592EVT\EVT\EXAM\BLE\MESH\MESH_LIB\libMESH.a(mesh_lpn.o)
                0x000000000000ce5a                bt_mesh_lpn_msg_received
 .text.get_lsb_set
                0x000000000000ce7a       0x24 D:\MESH\CH592EVT\EVT\EXAM\BLE\MESH\MESH_LIB\libMESH.a(mesh_mem.o)
                0x000000000000ce7a                get_lsb_set
 .text.get_msb_set
                0x000000000000ce9e       0x22 D:\MESH\CH592EVT\EVT\EXAM\BLE\MESH\MESH_LIB\libMESH.a(mesh_mem.o)
                0x000000000000ce9e                get_msb_set
 .text.n_malloc
                0x000000000000cec0       0xa2 D:\MESH\CH592EVT\EVT\EXAM\BLE\MESH\MESH_LIB\libMESH.a(mesh_mem.o)
                0x000000000000cec0                n_malloc
 .text.mesh_mem_init
                0x000000000000cf62       0x1e D:\MESH\CH592EVT\EVT\EXAM\BLE\MESH\MESH_LIB\libMESH.a(mesh_mem.o)
                0x000000000000cf62                mesh_mem_init
 .text.bt_mesh_subnet_get.part.2
                0x000000000000cf80       0x38 D:\MESH\CH592EVT\EVT\EXAM\BLE\MESH\MESH_LIB\libMESH.a(mesh_net.o)
 .text.net_decrypt.isra.1
                0x000000000000cfb8      0x138 D:\MESH\CH592EVT\EVT\EXAM\BLE\MESH\MESH_LIB\libMESH.a(mesh_net.o)
 .text._set_mesh_net_buf
                0x000000000000d0f0      0x144 D:\MESH\CH592EVT\EVT\EXAM\BLE\MESH\MESH_LIB\libMESH.a(mesh_net.o)
                0x000000000000d0f0                _set_mesh_net_buf
 .text.bt_mesh_is_provisioned
                0x000000000000d234        0xe D:\MESH\CH592EVT\EVT\EXAM\BLE\MESH\MESH_LIB\libMESH.a(mesh_net.o)
                0x000000000000d234                bt_mesh_is_provisioned
 .text.bt_mesh_subnet_get
                0x000000000000d242       0x22 D:\MESH\CH592EVT\EVT\EXAM\BLE\MESH\MESH_LIB\libMESH.a(mesh_net.o)
                0x000000000000d242                bt_mesh_subnet_get
 .text.bt_mesh_net_flags
                0x000000000000d264       0x24 D:\MESH\CH592EVT\EVT\EXAM\BLE\MESH\MESH_LIB\libMESH.a(mesh_net.o)
                0x000000000000d264                bt_mesh_net_flags
 .text.bt_mesh_net_beacon_update
                0x000000000000d288       0x38 D:\MESH\CH592EVT\EVT\EXAM\BLE\MESH\MESH_LIB\libMESH.a(mesh_net.o)
                0x000000000000d288                bt_mesh_net_beacon_update
 .text.bt_mesh_net_iv_update
                0x000000000000d2c0      0x176 D:\MESH\CH592EVT\EVT\EXAM\BLE\MESH\MESH_LIB\libMESH.a(mesh_net.o)
                0x000000000000d2c0                bt_mesh_net_iv_update
 .text.ivu_refresh
                0x000000000000d436       0x7a D:\MESH\CH592EVT\EVT\EXAM\BLE\MESH\MESH_LIB\libMESH.a(mesh_net.o)
 .text.bt_mesh_net_revoke_keys
                0x000000000000d4b0       0x88 D:\MESH\CH592EVT\EVT\EXAM\BLE\MESH\MESH_LIB\libMESH.a(mesh_net.o)
                0x000000000000d4b0                bt_mesh_net_revoke_keys
 .text.bt_mesh_net_sec_update
                0x000000000000d538       0x42 D:\MESH\CH592EVT\EVT\EXAM\BLE\MESH\MESH_LIB\libMESH.a(mesh_net.o)
                0x000000000000d538                bt_mesh_net_sec_update
 .text.bt_mesh_next_seq
                0x000000000000d57a       0x58 D:\MESH\CH592EVT\EVT\EXAM\BLE\MESH\MESH_LIB\libMESH.a(mesh_net.o)
                0x000000000000d57a                bt_mesh_next_seq
 .text.bt_mesh_msg_cache_clear
                0x000000000000d5d2       0x52 D:\MESH\CH592EVT\EVT\EXAM\BLE\MESH\MESH_LIB\libMESH.a(mesh_net.o)
                0x000000000000d5d2                bt_mesh_msg_cache_clear
 .text.bt_mesh_net_decode
                0x000000000000d624      0x31a D:\MESH\CH592EVT\EVT\EXAM\BLE\MESH\MESH_LIB\libMESH.a(mesh_net.o)
                0x000000000000d624                bt_mesh_net_decode
 .text.bt_mesh_net_recv
                0x000000000000d93e      0x2b4 D:\MESH\CH592EVT\EVT\EXAM\BLE\MESH\MESH_LIB\libMESH.a(mesh_net.o)
                0x000000000000d93e                bt_mesh_net_recv
 .text.bt_mesh_net_local
                0x000000000000dbf2       0x2e D:\MESH\CH592EVT\EVT\EXAM\BLE\MESH\MESH_LIB\libMESH.a(mesh_net.o)
 .text.bt_mesh_net_keys_create
                0x000000000000dc20       0x7e D:\MESH\CH592EVT\EVT\EXAM\BLE\MESH\MESH_LIB\libMESH.a(mesh_net.o)
                0x000000000000dc20                bt_mesh_net_keys_create
 .text.bt_mesh_net_create
                0x000000000000dc9e       0xba D:\MESH\CH592EVT\EVT\EXAM\BLE\MESH\MESH_LIB\libMESH.a(mesh_net.o)
                0x000000000000dc9e                bt_mesh_net_create
 .text.friend_cred_clear
                0x000000000000dd58       0x26 D:\MESH\CH592EVT\EVT\EXAM\BLE\MESH\MESH_LIB\libMESH.a(mesh_net.o)
                0x000000000000dd58                friend_cred_clear
 .text.friend_cred_del
                0x000000000000dd7e       0x50 D:\MESH\CH592EVT\EVT\EXAM\BLE\MESH\MESH_LIB\libMESH.a(mesh_net.o)
                0x000000000000dd7e                friend_cred_del
 .text.friend_cred_set
                0x000000000000ddce       0xa0 D:\MESH\CH592EVT\EVT\EXAM\BLE\MESH\MESH_LIB\libMESH.a(mesh_net.o)
                0x000000000000ddce                friend_cred_set
 .text.friend_cred_get
                0x000000000000de6e       0xa0 D:\MESH\CH592EVT\EVT\EXAM\BLE\MESH\MESH_LIB\libMESH.a(mesh_net.o)
                0x000000000000de6e                friend_cred_get
 .text.bt_mesh_net_encode
                0x000000000000df0e      0x16a D:\MESH\CH592EVT\EVT\EXAM\BLE\MESH\MESH_LIB\libMESH.a(mesh_net.o)
                0x000000000000df0e                bt_mesh_net_encode
 .text.bt_mesh_net_send
                0x000000000000e078      0x100 D:\MESH\CH592EVT\EVT\EXAM\BLE\MESH\MESH_LIB\libMESH.a(mesh_net.o)
                0x000000000000e078                bt_mesh_net_send
 .text.friend_cred_update
                0x000000000000e178       0x52 D:\MESH\CH592EVT\EVT\EXAM\BLE\MESH\MESH_LIB\libMESH.a(mesh_net.o)
                0x000000000000e178                friend_cred_update
 .text.friend_cred_refresh
                0x000000000000e1ca       0x4a D:\MESH\CH592EVT\EVT\EXAM\BLE\MESH\MESH_LIB\libMESH.a(mesh_net.o)